Component: ARM Compiler 5.06 update 1 (build 61) Tool: armlink [4d35a8]

==============================================================================

Section Cross References

    main.o(i.main) refers to system_stm32f10x.o(i.SystemInit) for SystemInit
    main.o(i.main) refers to song_io.o(i.SDelayInit) for SDelayInit
    main.o(i.main) refers to song_user_lcd.o(i.LCD_Config) for LCD_Config
    main.o(i.main) refers to song_nvic.o(i.NVIC_Configuration) for NVIC_Configuration
    main.o(i.main) refers to song_user_lcd.o(i.Lcd_GramScan) for Lcd_GramScan
    main.o(i.main) refers to recognition.o(.text) for alientek_ncr_init
    main.o(i.main) refers to song_user_lcd.o(i.LCD_Clear) for LCD_Clear
    main.o(i.main) refers to song_touch.o(i.Touch_Init) for Touch_Init
    main.o(i.main) refers to song_touch.o(i.Touch_Calibrate) for Touch_Calibrate
    main.o(i.main) refers to song_user_lcd.o(i.DDSUI2) for DDSUI2
    main.o(i.main) refers to song_touch.o(i.Read_2046) for Read_2046
    main.o(i.main) refers to song_touch.o(i.Get_touch_point) for Get_touch_point
    main.o(i.main) refers to song_touch.o(i.Read_2046_2) for Read_2046_2
    main.o(i.main) refers to song_user_lcd.o(i.LCD_SetPoint) for LCD_SetPoint
    main.o(i.main) refers to song_io.o(i.SDelayMs) for SDelayMs
    main.o(i.main) refers to song_user_lcd.o(i.LCD_DispAnyChar) for LCD_DispAnyChar
    main.o(i.main) refers to song_user_lcd.o(i.LCD_SetBack) for LCD_SetBack
    main.o(i.main) refers to song_gpio_spi.o(.data) for touch_flag
    main.o(i.main) refers to song_touch.o(.bss) for touch_para
    main.o(i.main) refers to song_touch.o(.data) for display
    main.o(i.main) refers to main.o(.bss) for READ_BUF
    main.o(i.main) refers to main.o(.data) for invert
    atk_ncr.o(i.alientek_ncr_memset) refers to atk_ncr.o(i.mymemset) for mymemset
    song_io.o(i.SDelayInit) refers to song_io.o(.data) for fac_us
    song_io.o(i.SDelayMs) refers to song_io.o(.data) for fac_ms
    song_io.o(i.SDelayUs) refers to song_io.o(.data) for fac_us
    song_io.o(i.STestIOInit) refers to stm32f10x_rcc.o(i.RCC_APB2PeriphClockCmd) for RCC_APB2PeriphClockCmd
    song_io.o(i.STestIOInit) refers to stm32f10x_gpio.o(i.GPIO_Init) for GPIO_Init
    song_io.o(i.delay_ms) refers to song_io.o(i.SDelayMs) for SDelayMs
    song_io.o(i.delay_us) refers to song_io.o(i.SDelayUs) for SDelayUs
    song_nvic.o(i.EXTI0_IRQHandler) refers to stm32f10x_exti.o(i.EXTI_ClearITPendingBit) for EXTI_ClearITPendingBit
    song_nvic.o(i.NVIC_Configuration) refers to misc.o(i.NVIC_PriorityGroupConfig) for NVIC_PriorityGroupConfig
    song_nvic.o(i.SongExitInit) refers to stm32f10x_rcc.o(i.RCC_APB2PeriphClockCmd) for RCC_APB2PeriphClockCmd
    song_nvic.o(i.SongExitInit) refers to stm32f10x_gpio.o(i.GPIO_EXTILineConfig) for GPIO_EXTILineConfig
    song_nvic.o(i.SongExitInit) refers to stm32f10x_gpio.o(i.GPIO_Init) for GPIO_Init
    song_nvic.o(i.SongExitInit) refers to misc.o(i.NVIC_Init) for NVIC_Init
    song_nvic.o(i.SongExitInit) refers to stm32f10x_exti.o(i.EXTI_Init) for EXTI_Init
    song_nvic.o(i.SongTimeExit) refers to stm32f10x_rcc.o(i.RCC_APB1PeriphClockCmd) for RCC_APB1PeriphClockCmd
    song_nvic.o(i.SongTimeExit) refers to stm32f10x_rcc.o(i.RCC_APB2PeriphClockCmd) for RCC_APB2PeriphClockCmd
    song_nvic.o(i.SongTimeExit) refers to stm32f10x_gpio.o(i.GPIO_Init) for GPIO_Init
    song_nvic.o(i.SongTimeExit) refers to stm32f10x_tim.o(i.TIM_TimeBaseInit) for TIM_TimeBaseInit
    song_nvic.o(i.SongTimeExit) refers to stm32f10x_tim.o(i.TIM_ITConfig) for TIM_ITConfig
    song_nvic.o(i.SongTimeExit) refers to misc.o(i.NVIC_Init) for NVIC_Init
    song_nvic.o(i.SongTimeExit) refers to stm32f10x_tim.o(i.TIM_Cmd) for TIM_Cmd
    song_gpio_spi.o(i.EXTI4_IRQHandler) refers to stm32f10x_exti.o(i.EXTI_GetITStatus) for EXTI_GetITStatus
    song_gpio_spi.o(i.EXTI4_IRQHandler) refers to stm32f10x_exti.o(i.EXTI_ClearITPendingBit) for EXTI_ClearITPendingBit
    song_gpio_spi.o(i.EXTI4_IRQHandler) refers to song_gpio_spi.o(.data) for touch_flag
    song_gpio_spi.o(i.GPIO_SPI_Config) refers to stm32f10x_rcc.o(i.RCC_APB2PeriphClockCmd) for RCC_APB2PeriphClockCmd
    song_gpio_spi.o(i.GPIO_SPI_Config) refers to stm32f10x_gpio.o(i.GPIO_Init) for GPIO_Init
    song_gpio_spi.o(i.GPIO_SPI_Config) refers to stm32f10x_gpio.o(i.GPIO_ResetBits) for GPIO_ResetBits
    song_gpio_spi.o(i.GPIO_SPI_Config) refers to song_gpio_spi.o(i.TP_INT_GPIO_Config) for TP_INT_GPIO_Config
    song_gpio_spi.o(i.TP_INT_GPIO_Config) refers to stm32f10x_rcc.o(i.RCC_APB2PeriphClockCmd) for RCC_APB2PeriphClockCmd
    song_gpio_spi.o(i.TP_INT_GPIO_Config) refers to song_gpio_spi.o(i.TP_INT_NVIC_Config) for TP_INT_NVIC_Config
    song_gpio_spi.o(i.TP_INT_GPIO_Config) refers to stm32f10x_gpio.o(i.GPIO_Init) for GPIO_Init
    song_gpio_spi.o(i.TP_INT_GPIO_Config) refers to stm32f10x_gpio.o(i.GPIO_EXTILineConfig) for GPIO_EXTILineConfig
[...]
    ..\LIB\CMSIS\CM3\CoreSupport\core_cm3.c  0x00000000   Number         0  core_cm3.o ABSOLUTE
    ..\LIB\CMSIS\CM3\DeviceSupport\ST\STM32F10x\startup\arm\startup_stm32f10x_hd.s 0x00000000   Number         0  startup_stm32f10x_hd.o ABSOLUTE
    ..\LIB\CMSIS\CM3\DeviceSupport\ST\STM32F10x\system_stm32f10x.c 0x00000000   Number         0  system_stm32f10x.o ABSOLUTE
    ..\LIB\STM32F10x_StdPeriph_Driver\src\misc.c 0x00000000   Number         0  misc.o ABSOLUTE
    ..\LIB\STM32F10x_StdPeriph_Driver\src\stm32f10x_adc.c 0x00000000   Number         0  stm32f10x_adc.o ABSOLUTE
    ..\LIB\STM32F10x_StdPeriph_Driver\src\stm32f10x_bkp.c 0x00000000   Number         0  stm32f10x_bkp.o ABSOLUTE
    ..\LIB\STM32F10x_StdPeriph_Driver\src\stm32f10x_can.c 0x00000000   Number         0  stm32f10x_can.o ABSOLUTE
    ..\LIB\STM32F10x_StdPeriph_Driver\src\stm32f10x_cec.c 0x00000000   Number         0  stm32f10x_cec.o ABSOLUTE
    ..\LIB\STM32F10x_StdPeriph_Driver\src\stm32f10x_crc.c 0x00000000   Number         0  stm32f10x_crc.o ABSOLUTE
    ..\LIB\STM32F10x_StdPeriph_Driver\src\stm32f10x_dac.c 0x00000000   Number         0  stm32f10x_dac.o ABSOLUTE
    ..\LIB\STM32F10x_StdPeriph_Driver\src\stm32f10x_dbgmcu.c 0x00000000   Number         0  stm32f10x_dbgmcu.o ABSOLUTE
    ..\LIB\STM32F10x_StdPeriph_Driver\src\stm32f10x_dma.c 0x00000000   Number         0  stm32f10x_dma.o ABSOLUTE
    ..\LIB\STM32F10x_StdPeriph_Driver\src\stm32f10x_exti.c 0x00000000   Number         0  stm32f10x_exti.o ABSOLUTE
    ..\LIB\STM32F10x_StdPeriph_Driver\src\stm32f10x_flash.c 0x00000000   Number         0  stm32f10x_flash.o ABSOLUTE
    ..\LIB\STM32F10x_StdPeriph_Driver\src\stm32f10x_fsmc.c 0x00000000   Number         0  stm32f10x_fsmc.o ABSOLUTE
    ..\LIB\STM32F10x_StdPeriph_Driver\src\stm32f10x_gpio.c 0x00000000   Number         0  stm32f10x_gpio.o ABSOLUTE
    ..\LIB\STM32F10x_StdPeriph_Driver\src\stm32f10x_i2c.c 0x00000000   Number         0  stm32f10x_i2c.o ABSOLUTE
    ..\LIB\STM32F10x_StdPeriph_Driver\src\stm32f10x_iwdg.c 0x00000000   Number         0  stm32f10x_iwdg.o ABSOLUTE
    ..\LIB\STM32F10x_StdPeriph_Driver\src\stm32f10x_pwr.c 0x00000000   Number         0  stm32f10x_pwr.o ABSOLUTE
    ..\LIB\STM32F10x_StdPeriph_Driver\src\stm32f10x_rcc.c 0x00000000   Number         0  stm32f10x_rcc.o ABSOLUTE
    ..\LIB\STM32F10x_StdPeriph_Driver\src\stm32f10x_rtc.c 0x00000000   Number         0  stm32f10x_rtc.o ABSOLUTE
    ..\LIB\STM32F10x_StdPeriph_Driver\src\stm32f10x_sdio.c 0x00000000   Number         0  stm32f10x_sdio.o ABSOLUTE
    ..\LIB\STM32F10x_StdPeriph_Driver\src\stm32f10x_spi.c 0x00000000   Number         0  stm32f10x_spi.o ABSOLUTE
    ..\LIB\STM32F10x_StdPeriph_Driver\src\stm32f10x_tim.c 0x00000000   Number         0  stm32f10x_tim.o ABSOLUTE
    ..\LIB\STM32F10x_StdPeriph_Driver\src\stm32f10x_usart.c 0x00000000   Number         0  stm32f10x_usart.o ABSOLUTE
    ..\LIB\STM32F10x_StdPeriph_Driver\src\stm32f10x_wwdg.c 0x00000000   Number         0  stm32f10x_wwdg.o ABSOLUTE
    ..\OS\CORE\os_core.c                     0x00000000   Number         0  os_core.o ABSOLUTE
    ..\OS\CORE\os_flag.c                     0x00000000   Number         0  os_flag.o ABSOLUTE
    ..\OS\CORE\os_mbox.c                     0x00000000   Number         0  os_mbox.o ABSOLUTE
    ..\OS\CORE\os_mem.c                      0x00000000   Number         0  os_mem.o ABSOLUTE
    ..\OS\CORE\os_mutex.c                    0x00000000   Number         0  os_mutex.o ABSOLUTE
    ..\OS\CORE\os_q.c                        0x00000000   Number         0  os_q.o ABSOLUTE
    ..\OS\CORE\os_sem.c                      0x00000000   Number         0  os_sem.o ABSOLUTE
    ..\OS\CORE\os_task.c                     0x00000000   Number         0  os_task.o ABSOLUTE
    ..\OS\CORE\os_time.c                     0x00000000   Number         0  os_time.o ABSOLUTE
    ..\OS\CORE\os_tmr.c                      0x00000000   Number         0  os_tmr.o ABSOLUTE
    ..\OS\PORT\os_cpu_a.asm                  0x00000000   Number         0  os_cpu_a.o ABSOLUTE
    ..\OS\PORT\os_cpu_c.c                    0x00000000   Number         0  os_cpu_c.o ABSOLUTE
    ..\SONG\song_IO.c                        0x00000000   Number         0  song_io.o ABSOLUTE
    ..\SONG\song_NVIC.c                      0x00000000   Number         0  song_nvic.o ABSOLUTE
    ..\SONG\song_dds.c                       0x00000000   Number         0  song_dds.o ABSOLUTE
    ..\SONG\song_gpio_spi.c                  0x00000000   Number         0  song_gpio_spi.o ABSOLUTE
    ..\SONG\song_hc05.c                      0x00000000   Number         0  song_hc05.o ABSOLUTE
    ..\SONG\song_i2cinit.c                   0x00000000   Number         0  song_i2cinit.o ABSOLUTE
    ..\SONG\song_matrix.c                    0x00000000   Number         0  song_matrix.o ABSOLUTE
    ..\SONG\song_spi.c                       0x00000000   Number         0  song_spi.o ABSOLUTE
    ..\SONG\song_timer.c                     0x00000000   Number         0  song_timer.o ABSOLUTE
    ..\SONG\song_touch.c                     0x00000000   Number         0  song_touch.o ABSOLUTE
    ..\SONG\song_usart.c                     0x00000000   Number         0  song_usart.o ABSOLUTE
    ..\SONG\song_user_lcd.c                  0x00000000   Number         0  song_user_lcd.o ABSOLUTE
    ..\USER\atk_ncr.c                        0x00000000   Number         0  atk_ncr.o ABSOLUTE
    ..\USER\main.c                           0x00000000   Number         0  main.o ABSOLUTE
    ..\\LIB\\CMSIS\\CM3\\CoreSupport\\core_cm3.c 0x00000000   Number         0  core_cm3.o ABSOLUTE
    dc.s                                     0x00000000   Number         0  dc.o ABSOLUTE
    RESET                                    0x08000000   Section      304  startup_stm32f10x_hd.o(RESET)
    !!!main                                  0x08000130   Section        8  __main.o(!!!main)
    !!!scatter                               0x08000138   Section       52  __scatter.o(!!!scatter)
    !!dczerorl2                              0x0800016c   Section       90  __dczerorl2.o(!!dczerorl2)
    !!handler_zi                             0x080001c8   Section       28  __scatter_zi.o(!!handler_zi)
    .ARM.Collect$$libinit$$00000000          0x080001e4   Section        2  libinit.o(.ARM.Collect$$libinit$$00000000)
    .ARM.Collect$$libinit$$00000002          0x080001e6   Section        0  libinit2.o(.ARM.Collect$$libinit$$00000002)
    .ARM.Collect$$libinit$$00000004          0x080001e6   Section        0  libinit2.o(.ARM.Collect$$libinit$$00000004)
    .ARM.Collect$$libinit$$0000000A          0x080001e6   Section        0  libinit2.o(.ARM.Collect$$libinit$$0000000A)
    .ARM.Collect$$libinit$$0000000C          0x080001e6   Section        0  libinit2.o(.ARM.Collect$$libinit$$0000000C)
    .ARM.Collect$$libinit$$0000000E          0x080001e6   Section        0  libinit2.o(.ARM.Collect$$libinit$$0000000E)
    .ARM.Collect$$libinit$$00000011          0x080001e6   Section        0  libinit2.o(.ARM.Collect$$libinit$$00000011)
    .ARM.Collect$$libinit$$00000013          0x080001e6   Section        0  libinit2.o(.ARM.Collect$$libinit$$00000013)
    .ARM.Collect$$libinit$$00000015          0x080001e6   Section        0  libinit2.o(.ARM.Collect$$libinit$$00000015)
    .ARM.Collect$$libinit$$00000017          0x080001e6   Section        0  libinit2.o(.ARM.Collect$$libinit$$00000017)
    .ARM.Collect$$libinit$$00000019          0x080001e6   Section        0  libinit2.o(.ARM.Collect$$libinit$$00000019)
    .ARM.Collect$$libinit$$0000001B          0x080001e6   Section        0  libinit2.o(.ARM.Collect$$libinit$$0000001B)
    .ARM.Collect$$libinit$$0000001D          0x080001e6   Section        0  libinit2.o(.ARM.Collect$$libinit$$0000001D)
    .ARM.Collect$$libinit$$0000001F          0x080001e6   Section        0  libinit2.o(.ARM.Collect$$libinit$$0000001F)
    .ARM.Collect$$libinit$$00000021          0x080001e6   Section        0  libinit2.o(.ARM.Collect$$libinit$$00000021)
    .ARM.Collect$$libinit$$00000023          0x080001e6   Section        0  libinit2.o(.ARM.Collect$$libinit$$00000023)
    .ARM.Collect$$libinit$$00000025          0x080001e6   Section        0  libinit2.o(.ARM.Collect$$libinit$$00000025)
    .ARM.Collect$$libinit$$0000002C          0x080001e6   Section        0  libinit2.o(.ARM.Collect$$libinit$$0000002C)
    .ARM.Collect$$libinit$$0000002E          0x080001e6   Section        0  libinit2.o(.ARM.Collect$$libinit$$0000002E)
    .ARM.Collect$$libinit$$00000030          0x080001e6   Section        0  libinit2.o(.ARM.Collect$$libinit$$00000030)
    .ARM.Collect$$libinit$$00000032          0x080001e6   Section        0  libinit2.o(.ARM.Collect$$libinit$$00000032)
    .ARM.Collect$$libinit$$00000033          0x080001e6   Section        2  libinit2.o(.ARM.Collect$$libinit$$00000033)
    .ARM.Collect$$libshutdown$$00000000      0x080001e8   Section        2  libshutdown.o(.ARM.Collect$$libshutdown$$00000000)
    .ARM.Collect$$libshutdown$$00000002      0x080001ea   Section        0  libshutdown2.o(.ARM.Collect$$libshutdown$$00000002)
    .ARM.Collect$$libshutdown$$00000004      0x080001ea   Section        0  libshutdown2.o(.ARM.Collect$$libshutdown$$00000004)
    .ARM.Collect$$libshutdown$$00000007      0x080001ea   Section        0  libshutdown2.o(.ARM.Collect$$libshutdown$$00000007)
    .ARM.Collect$$libshutdown$$0000000A      0x080001ea   Section        0  libshutdown2.o(.ARM.Collect$$libshutdown$$0000000A)
    .ARM.Collect$$libshutdown$$0000000C      0x080001ea   Section        0  libshutdown2.o(.ARM.Collect$$libshutdown$$0000000C)
    .ARM.Collect$$libshutdown$$0000000F      0x080001ea   Section        0  libshutdown2.o(.ARM.Collect$$libshutdown$$0000000F)
    .ARM.Collect$$libshutdown$$00000010      0x080001ea   Section        2  libshutdown2.o(.ARM.Collect$$libshutdown$$00000010)
    .ARM.Collect$$rtentry$$00000000          0x080001ec   Section        0  __rtentry.o(.ARM.Collect$$rtentry$$00000000)
    .ARM.Collect$$rtentry$$00000002          0x080001ec   Section        0  __rtentry2.o(.ARM.Collect$$rtentry$$00000002)
    .ARM.Collect$$rtentry$$00000004          0x080001ec   Section        6  __rtentry4.o(.ARM.Collect$$rtentry$$00000004)
    .ARM.Collect$$rtentry$$00000009          0x080001f2   Section        0  __rtentry2.o(.ARM.Collect$$rtentry$$00000009)
    .ARM.Collect$$rtentry$$0000000A          0x080001f2   Section        4  __rtentry2.o(.ARM.Collect$$rtentry$$0000000A)
    .ARM.Collect$$rtentry$$0000000C          0x080001f6   Section        0  __rtentry2.o(.ARM.Collect$$rtentry$$0000000C)
    .ARM.Collect$$rtentry$$0000000D          0x080001f6   Section        8  __rtentry2.o(.ARM.Collect$$rtentry$$0000000D)
    .ARM.Collect$$rtexit$$00000000           0x080001fe   Section        2  rtexit.o(.ARM.Collect$$rtexit$$00000000)
    .ARM.Collect$$rtexit$$00000002           0x08000200   Section        0  rtexit2.o(.ARM.Collect$$rtexit$$00000002)
    .ARM.Collect$$rtexit$$00000003           0x08000200   Section        4  rtexit2.o(.ARM.Collect$$rtexit$$00000003)
    .ARM.Collect$$rtexit$$00000004           0x08000204   Section        6  rtexit2.o(.ARM.Collect$$rtexit$$00000004)
    .text                                    0x0800020c   Section       64  startup_stm32f10x_hd.o(.text)
    .text                                    0x0800024c   Section      180  os_cpu_a.o(.text)
    .text                                    0x08000300   Section        0  recognition.o(.text)
    .text                                    0x08001d76   Section        2  use_no_semi_2.o(.text)
    .text                                    0x08001d78   Section      138  rt_memcpy_v6.o(.text)
    .text                                    0x08001e02   Section       78  rt_memclr_w.o(.text)
    .text                                    0x08001e50   Section        0  heapauxi.o(.text)
    .text                                    0x08001e56   Section        2  use_no_semi.o(.text)
    .text                                    0x08001e58   Section        0  _rserrno.o(.text)
    .text                                    0x08001e6e   Section      100  rt_memcpy_w.o(.text)
    .text                                    0x08001ed4   Section        8  rt_errno_addr_intlibspace.o(.text)
    .text                                    0x08001edc   Section        8  libspace.o(.text)
    .text                                    0x08001ee4   Section       74  sys_stackheap_outer.o(.text)
    .text                                    0x08001f2e   Section        0  exit.o(.text)
    i.Cal_touch_para                         0x08001f40   Section        0  song_touch.o(i.Cal_touch_para)
    i.DDSUI2                                 0x080020a4   Section        0  song_user_lcd.o(i.DDSUI2)
    i.DelayUS                                0x08002328   Section        0  song_touch.o(i.DelayUS)
    DelayUS                                  0x08002329   Thumb Code    32  song_touch.o(i.DelayUS)
    i.DrawCross                              0x08002348   Section        0  song_touch.o(i.DrawCross)
    i.EXTI0_IRQHandler                       0x0800237c   Section        0  song_nvic.o(i.EXTI0_IRQHandler)
    i.EXTI4_IRQHandler                       0x080023a8   Section        0  song_gpio_spi.o(i.EXTI4_IRQHandler)
    i.EXTI_ClearITPendingBit                 0x080023c4   Section        0  stm32f10x_exti.o(i.EXTI_ClearITPendingBit)
    i.EXTI_GetITStatus                       0x080023d0   Section        0  stm32f10x_exti.o(i.EXTI_GetITStatus)
    i.EXTI_Init                              0x080023f8   Section        0  stm32f10x_exti.o(i.EXTI_Init)
    i.FSMC_NORSRAMCmd                        0x0800248c   Section        0  stm32f10x_fsmc.o(i.FSMC_NORSRAMCmd)
    i.FSMC_NORSRAMInit                       0x080024c0   Section        0  stm32f10x_fsmc.o(i.FSMC_NORSRAMInit)
    i.GPIO_EXTILineConfig                    0x080025a8   Section        0  stm32f10x_gpio.o(i.GPIO_EXTILineConfig)
    i.GPIO_Init                              0x080025e8   Section        0  stm32f10x_gpio.o(i.GPIO_Init)
    i.GPIO_ReadInputDataBit                  0x080026fe   Section        0  stm32f10x_gpio.o(i.GPIO_ReadInputDataBit)
    i.GPIO_ResetBits                         0x08002710   Section        0  stm32f10x_gpio.o(i.GPIO_ResetBits)
    i.GPIO_SPI_Config                        0x08002714   Section        0  song_gpio_spi.o(i.GPIO_SPI_Config)
    i.GPIO_SetBits                           0x08002794   Section        0  stm32f10x_gpio.o(i.GPIO_SetBits)
    i.Get_touch_point                        0x08002798   Section        0  song_touch.o(i.Get_touch_point)
    i.LCD_Clear                              0x08002890   Section        0  song_user_lcd.o(i.LCD_Clear)
    i.LCD_Config                             0x080028fc   Section        0  song_user_lcd.o(i.LCD_Config)
    i.LCD_DisNum                             0x08002910   Section        0  song_user_lcd.o(i.LCD_DisNum)
    i.LCD_DisSqure                           0x080029e4   Section        0  song_user_lcd.o(i.LCD_DisSqure)
    i.LCD_DispAnyChar                        0x08002a48   Section        0  song_user_lcd.o(i.LCD_DispAnyChar)
    i.LCD_DispChar                           0x08002b60   Section        0  song_user_lcd.o(i.LCD_DispChar)
    i.LCD_DispStr                            0x08002bd4   Section        0  song_user_lcd.o(i.LCD_DispStr)
    i.LCD_DrawLine                           0x08002c10   Section        0  song_user_lcd.o(i.LCD_DrawLine)
    i.LCD_FSMC_Config                        0x08002cbc   Section        0  song_user_lcd.o(i.LCD_FSMC_Config)
    i.LCD_GPIO_Config                        0x08002d18   Section        0  song_user_lcd.o(i.LCD_GPIO_Config)
    i.LCD_OpenWindow                         0x08002ddc   Section        0  song_user_lcd.o(i.LCD_OpenWindow)
    i.LCD_REG_Config                         0x08002e2c   Section        0  song_user_lcd.o(i.LCD_REG_Config)
    i.LCD_Rst                                0x08003014   Section        0  song_user_lcd.o(i.LCD_Rst)
    i.LCD_SetBack                            0x0800303c   Section        0  song_user_lcd.o(i.LCD_SetBack)
    i.LCD_SetPoint                           0x08003048   Section        0  song_user_lcd.o(i.LCD_SetPoint)
    i.Lcd_Delay                              0x0800308c   Section        0  song_user_lcd.o(i.Lcd_Delay)
    i.Lcd_GramScan                           0x080030a0   Section        0  song_user_lcd.o(i.Lcd_GramScan)
    i.NVIC_Configuration                     0x080031a8   Section        0  song_nvic.o(i.NVIC_Configuration)
    i.NVIC_Init                              0x080031b4   Section        0  misc.o(i.NVIC_Init)
    i.NVIC_PriorityGroupConfig               0x08003224   Section        0  misc.o(i.NVIC_PriorityGroupConfig)
    i.OSTaskSwHook                           0x08003238   Section        0  os_cpu_c.o(i.OSTaskSwHook)
    i.RCC_AHBPeriphClockCmd                  0x0800323c   Section        0  stm32f10x_rcc.o(i.RCC_AHBPeriphClockCmd)
    i.RCC_APB2PeriphClockCmd                 0x0800325c   Section        0  stm32f10x_rcc.o(i.RCC_APB2PeriphClockCmd)
    i.Read_2046                              0x0800327c   Section        0  song_touch.o(i.Read_2046)
    i.Read_2046_2                            0x080034a4   Section        0  song_touch.o(i.Read_2046_2)
    i.SDelayInit                             0x080035d8   Section        0  song_io.o(i.SDelayInit)
    i.SDelayMs                               0x08003618   Section        0  song_io.o(i.SDelayMs)
    i.SetSysClock                            0x08003654   Section        0  system_stm32f10x.o(i.SetSysClock)
    SetSysClock                              0x08003655   Thumb Code     8  system_stm32f10x.o(i.SetSysClock)
    i.SetSysClockTo72                        0x0800365c   Section        0  system_stm32f10x.o(i.SetSysClockTo72)
    SetSysClockTo72                          0x0800365d   Thumb Code   214  system_stm32f10x.o(i.SetSysClockTo72)
    i.SystemInit                             0x0800373c   Section        0  system_stm32f10x.o(i.SystemInit)
    i.TP_INT_GPIO_Config                     0x0800379c   Section        0  song_gpio_spi.o(i.TP_INT_GPIO_Config)
    TP_INT_GPIO_Config                       0x0800379d   Thumb Code    72  song_gpio_spi.o(i.TP_INT_GPIO_Config)
    i.TP_INT_NVIC_Config                     0x080037e8   Section        0  song_gpio_spi.o(i.TP_INT_NVIC_Config)
    TP_INT_NVIC_Config                       0x080037e9   Thumb Code    38  song_gpio_spi.o(i.TP_INT_NVIC_Config)
    i.Touch_Calibrate                        0x08003810   Section        0  song_touch.o(i.Touch_Calibrate)
    i.Touch_GetAdXY                          0x08003b5c   Section        0  song_touch.o(i.Touch_GetAdXY)
    i.Touch_Init                             0x08003b82   Section        0  song_touch.o(i.Touch_Init)
    i.USART1_IRQHandler                      0x08003b8c   Section        0  song_usart.o(i.USART1_IRQHandler)
    i.USART_GetITStatus                      0x08003c14   Section        0  stm32f10x_usart.o(i.USART_GetITStatus)
    i.USART_ReceiveData                      0x08003c68   Section        0  stm32f10x_usart.o(i.USART_ReceiveData)
    i.XPT2046_ReadAdc                        0x08003c72   Section        0  song_touch.o(i.XPT2046_ReadAdc)
    i.XPT2046_ReadCMD                        0x08003c84   Section        0  song_touch.o(i.XPT2046_ReadCMD)
    XPT2046_ReadCMD                          0x08003c85   Thumb Code    86  song_touch.o(i.XPT2046_ReadCMD)
    i.XPT2046_WriteCMD                       0x08003ce0   Section        0  song_touch.o(i.XPT2046_WriteCMD)
    XPT2046_WriteCMD                         0x08003ce1   Thumb Code    94  song_touch.o(i.XPT2046_WriteCMD)
    i.__ARM_fpclassifyf                      0x08003d44   Section        0  fpclassifyf.o(i.__ARM_fpclassifyf)
    i.__mathlib_flt_divzero                  0x08003d6a   Section        0  funder.o(i.__mathlib_flt_divzero)
    i.__mathlib_flt_infnan2                  0x08003d74   Section        0  funder.o(i.__mathlib_flt_infnan2)
    i.__mathlib_flt_invalid                  0x08003d78   Section        0  funder.o(i.__mathlib_flt_invalid)
    i.__mathlib_flt_overflow                 0x08003d80   Section        0  funder.o(i.__mathlib_flt_overflow)
    i.__mathlib_flt_underflow                0x08003d8a   Section        0  funder.o(i.__mathlib_flt_underflow)
    i._sys_exit                              0x08003d94   Section        0  song_usart.o(i._sys_exit)
    i.alientek_ncr_memset                    0x08003d9a   Section        0  atk_ncr.o(i.alientek_ncr_memset)
    i.main                                   0x08003db0   Section        0  main.o(i.main)
    i.mymemset                               0x08004328   Section        0  atk_ncr.o(i.mymemset)
    i.powf                                   0x0800433c   Section        0  powf.o(i.powf)
    x$fpl$dadd                               0x0800495c   Section      336  daddsub_clz.o(x$fpl$dadd)
    _dadd1                                   0x0800496d   Thumb Code     0  daddsub_clz.o(x$fpl$dadd)
    x$fpl$dcmpinf                            0x08004aac   Section       24  dcmpi.o(x$fpl$dcmpinf)
    x$fpl$ddiv                               0x08004ac4   Section      688  ddiv.o(x$fpl$ddiv)
    ddiv_entry                               0x08004acb   Thumb Code     0  ddiv.o(x$fpl$ddiv)
    x$fpl$deqf                               0x08004d74   Section      120  deqf.o(x$fpl$deqf)
    x$fpl$dfixu                              0x08004dec   Section       90  dfixu.o(x$fpl$dfixu)
    x$fpl$dflt                               0x08004e46   Section       46  dflt_clz.o(x$fpl$dflt)
    x$fpl$dfltu                              0x08004e74   Section       38  dflt_clz.o(x$fpl$dfltu)
    x$fpl$dleqf                              0x08004e9c   Section      120  dleqf.o(x$fpl$dleqf)
    x$fpl$dmul                               0x08004f14   Section      340  dmul.o(x$fpl$dmul)
    x$fpl$dnaninf                            0x08005068   Section      156  dnaninf.o(x$fpl$dnaninf)
    x$fpl$dretinf                            0x08005104   Section       12  dretinf.o(x$fpl$dretinf)
    x$fpl$dsub                               0x08005110   Section      468  daddsub_clz.o(x$fpl$dsub)
    _dsub1                                   0x08005121   Thumb Code     0  daddsub_clz.o(x$fpl$dsub)
    x$fpl$f2d                                0x080052e4   Section       86  f2d.o(x$fpl$f2d)
    x$fpl$fadd                               0x0800533c   Section      196  faddsub_clz.o(x$fpl$fadd)
    _fadd1                                   0x0800534b   Thumb Code     0  faddsub_clz.o(x$fpl$fadd)
    x$fpl$fcheck1                            0x08005400   Section       12  fcheck1.o(x$fpl$fcheck1)
    x$fpl$fcmpinf                            0x0800540c   Section       24  fcmpi.o(x$fpl$fcmpinf)
    x$fpl$fdiv                               0x08005424   Section      388  fdiv.o(x$fpl$fdiv)
    _fdiv1                                   0x08005425   Thumb Code     0  fdiv.o(x$fpl$fdiv)
    x$fpl$ffix                               0x080055a8   Section       54  ffix.o(x$fpl$ffix)
    x$fpl$ffixr                              0x080055e0   Section       82  ffix.o(x$fpl$ffixr)
    x$fpl$fflt                               0x08005634   Section       48  fflt_clz.o(x$fpl$fflt)
    x$fpl$fleqf                              0x08005664   Section      104  fleqf.o(x$fpl$fleqf)
    x$fpl$fmul                               0x080056cc   Section      258  fmul.o(x$fpl$fmul)
    x$fpl$fnaninf                            0x080057ce   Section      140  fnaninf.o(x$fpl$fnaninf)
    x$fpl$fretinf                            0x0800585a   Section       10  fretinf.o(x$fpl$fretinf)
    x$fpl$frsb                               0x08005864   Section       20  faddsub_clz.o(x$fpl$frsb)
    x$fpl$fsub                               0x08005878   Section      234  faddsub_clz.o(x$fpl$fsub)
    _fsub1                                   0x08005887   Thumb Code     0  faddsub_clz.o(x$fpl$fsub)
    x$fpl$retnan                             0x08005962   Section      100  retnan.o(x$fpl$retnan)
    x$fpl$scalbnf                            0x080059c6   Section       76  scalbnf.o(x$fpl$scalbnf)
    x$fpl$trapveneer                         0x08005a12   Section       48  trapv.o(x$fpl$trapveneer)
    .constdata                               0x08005a42   Section     1140  song_user_lcd.o(.constdata)
    x$fpl$usenofp                            0x08005a42   Section        0  usenofp.o(x$fpl$usenofp)
    .constdata                               0x08005eb8   Section    33934  recognition.o(.constdata)
    .constdata                               0x0800e348   Section      320  powf.o(.constdata)
    table                                    0x0800e348   Data         128  powf.o(.constdata)
    powersof2to1over16top                    0x0800e3c8   Data          64  powf.o(.constdata)
    powersof2to1over16bot                    0x0800e408   Data          64  powf.o(.constdata)
    powersof2to1over16all                    0x0800e448   Data          64  powf.o(.constdata)
    .data                                    0x20000000   Section      643  main.o(.data)
    backcolor                                0x20000000   Data           2  main.o(.data)
    .data                                    0x20000284   Section        4  song_io.o(.data)
    fac_us                                   0x20000284   Data           1  song_io.o(.data)
    fac_ms                                   0x20000286   Data           2  song_io.o(.data)
    .data                                    0x20000288   Section        1  song_gpio_spi.o(.data)
    .data                                    0x20000290   Section      136  song_touch.o(.data)
    backcolor                                0x20000290   Data           2  song_touch.o(.data)
    screen                                   0x2000030e   Data           4  song_touch.o(.data)
    screen2                                  0x20000312   Data           4  song_touch.o(.data)
    Pen_color                                0x20000316   Data           2  song_touch.o(.data)
    .data                                    0x20000318   Section     1154  song_user_lcd.o(.data)
    backcolor                                0x20000318   Data           2  song_user_lcd.o(.data)
    .data                                    0x2000079c   Section        6  song_usart.o(.data)
    .data                                    0x200007a4   Section       72  os_core.o(.data)
    .bss                                     0x200007ec   Section      800  main.o(.bss)
    .bss                                     0x20000b10   Section       72  song_touch.o(.bss)
    .bss                                     0x20000b58   Section      200  song_usart.o(.bss)
    .bss                                     0x20000c20   Section     5360  recognition.o(.bss)
    .bss                                     0x20002110   Section       96  libspace.o(.bss)
    HEAP                                     0x20002170   Section      512  startup_stm32f10x_hd.o(HEAP)
    Heap_Mem                                 0x20002170   Data         512  startup_stm32f10x_hd.o(HEAP)
    STACK                                    0x20002370   Section     1024  startup_stm32f10x_hd.o(STACK)
    Stack_Mem                                0x20002370   Data        1024  startup_stm32f10x_hd.o(STACK)
    __initial_sp                             0x20002770   Data           0  startup_stm32f10x_hd.o(STACK)

    Global Symbols

    Symbol Name                              Value     Ov Type        Size  Object(Section)

    BuildAttributes$$THM_ISAv4$P$D$K$B$S$PE$A:L22UL41UL21$X:L11$S22US41US21$IEEE1$IW$USESV6$~STKCKD$USESV7$~SHL$OTIME$ROPI$IEEEX$EBA8$UX$STANDARDLIB$REQ8$PRES8$EABIv2 0x00000000   Number         0  anon$$obj.o ABSOLUTE
    __ARM_use_no_argv                        0x00000000   Number         0  main.o ABSOLUTE
    __ARM_exceptions_init                     - Undefined Weak Reference
    __alloca_initialize                       - Undefined Weak Reference
    __arm_preinit_                            - Undefined Weak Reference
    __cpp_initialize__aeabi_                  - Undefined Weak Reference
    __cxa_finalize                            - Undefined Weak Reference
    __rt_locale                               - Undefined Weak Reference
    __sigvec_lookup                           - Undefined Weak Reference
    _atexit_init                              - Undefined Weak Reference
    _call_atexit_fns                          - Undefined Weak Reference
    _clock_init                               - Undefined Weak Reference
    _fp_trap_init                             - Undefined Weak Reference
    _fp_trap_shutdown                         - Undefined Weak Reference
    _get_lc_collate                           - Undefined Weak Reference
    _get_lc_ctype                             - Undefined Weak Reference
    _get_lc_monetary                          - Undefined Weak Reference
    _get_lc_numeric                           - Undefined Weak Reference
    _get_lc_time                              - Undefined Weak Reference
    _getenv_init                              - Undefined Weak Reference
    _handle_redirection                       - Undefined Weak Reference
    _init_alloc                               - Undefined Weak Reference
    _init_user_alloc                          - Undefined Weak Reference
    _initio                                   - Undefined Weak Reference
    _rand_init                                - Undefined Weak Reference
    _signal_finish                            - Undefined Weak Reference
    _signal_init                              - Undefined Weak Reference
    _terminate_alloc                          - Undefined Weak Reference
    _terminate_user_alloc                     - Undefined Weak Reference
    _terminateio                              - Undefined Weak Reference
    __Vectors_Size                           0x00000130   Number         0  startup_stm32f10x_hd.o ABSOLUTE
    __Vectors                                0x08000000   Data           4  startup_stm32f10x_hd.o(RESET)
    __Vectors_End                            0x08000130   Data           0  startup_stm32f10x_hd.o(RESET)
    __main                                   0x08000131   Thumb Code     8  __main.o(!!!main)
    __scatterload                            0x08000139   Thumb Code     0  __scatter.o(!!!scatter)
    __scatterload_rt2                        0x08000139   Thumb Code    44  __scatter.o(!!!scatter)
    __scatterload_rt2_thumb_only             0x08000139   Thumb Code     0  __scatter.o(!!!scatter)
    __scatterload_null                       0x08000147   Thumb Code     0  __scatter.o(!!!scatter)
    __decompress                             0x0800016d   Thumb Code    90  __dczerorl2.o(!!dczerorl2)
    __decompress1                            0x0800016d   Thumb Code     0  __dczerorl2.o(!!dczerorl2)
    __scatterload_zeroinit                   0x080001c9   Thumb Code    28  __scatter_zi.o(!!handler_zi)
    __rt_lib_init                            0x080001e5   Thumb Code     0  libinit.o(.ARM.Collect$$libinit$$00000000)
    __rt_lib_init_alloca_1                   0x080001e7   Thumb Code     0  libinit2.o(.ARM.Collect$$libinit$$0000002E)
    __rt_lib_init_argv_1                     0x080001e7   Thumb Code     0  libinit2.o(.ARM.Collect$$libinit$$0000002C)
    __rt_lib_init_atexit_1                   0x080001e7   Thumb Code     0  libinit2.o(.ARM.Collect$$libinit$$0000001B)
    __rt_lib_init_clock_1                    0x080001e7   Thumb Code     0  libinit2.o(.ARM.Collect$$libinit$$00000021)
    __rt_lib_init_cpp_1                      0x080001e7   Thumb Code     0  libinit2.o(.ARM.Collect$$libinit$$00000032)
    __rt_lib_init_exceptions_1               0x080001e7   Thumb Code     0  libinit2.o(.ARM.Collect$$libinit$$00000030)
    __rt_lib_init_fp_1                       0x080001e7   Thumb Code     0  libinit2.o(.ARM.Collect$$libinit$$00000002)
    __rt_lib_init_fp_trap_1                  0x080001e7   Thumb Code     0  libinit2.o(.ARM.Collect$$libinit$$0000001F)
    __rt_lib_init_getenv_1                   0x080001e7   Thumb Code     0  libinit2.o(.ARM.Collect$$libinit$$00000023)
    __rt_lib_init_heap_1                     0x080001e7   Thumb Code     0  libinit2.o(.ARM.Collect$$libinit$$0000000A)
    __rt_lib_init_lc_collate_1               0x080001e7   Thumb Code     0  libinit2.o(.ARM.Collect$$libinit$$00000011)
    __rt_lib_init_lc_ctype_1                 0x080001e7   Thumb Code     0  libinit2.o(.ARM.Collect$$libinit$$00000013)
    __rt_lib_init_lc_monetary_1              0x080001e7   Thumb Code     0  libinit2.o(.ARM.Collect$$libinit$$00000015)
    __rt_lib_init_lc_numeric_1               0x080001e7   Thumb Code     0  libinit2.o(.ARM.Collect$$libinit$$00000017)
    __rt_lib_init_lc_time_1                  0x080001e7   Thumb Code     0  libinit2.o(.ARM.Collect$$libinit$$00000019)
    __rt_lib_init_preinit_1                  0x080001e7   Thumb Code     0  libinit2.o(.ARM.Collect$$libinit$$00000004)
    __rt_lib_init_rand_1                     0x080001e7   Thumb Code     0  libinit2.o(.ARM.Collect$$libinit$$0000000E)
    __rt_lib_init_return                     0x080001e7   Thumb Code     0  libinit2.o(.ARM.Collect$$libinit$$00000033)
    __rt_lib_init_signal_1                   0x080001e7   Thumb Code     0  libinit2.o(.ARM.Collect$$libinit$$0000001D)
    __rt_lib_init_stdio_1                    0x080001e7   Thumb Code     0  libinit2.o(.ARM.Collect$$libinit$$00000025)
    __rt_lib_init_user_alloc_1               0x080001e7   Thumb Code     0  libinit2.o(.ARM.Collect$$libinit$$0000000C)
    __rt_lib_shutdown                        0x080001e9   Thumb Code     0  libshutdown.o(.ARM.Collect$$libshutdown$$00000000)
    __rt_lib_shutdown_cpp_1                  0x080001eb   Thumb Code     0  libshutdown2.o(.ARM.Collect$$libshutdown$$00000002)
    __rt_lib_shutdown_fp_trap_1              0x080001eb   Thumb Code     0  libshutdown2.o(.ARM.Collect$$libshutdown$$00000007)
    __rt_lib_shutdown_heap_1                 0x080001eb   Thumb Code     0  libshutdown2.o(.ARM.Collect$$libshutdown$$0000000F)
    __rt_lib_shutdown_return                 0x080001eb   Thumb Code     0  libshutdown2.o(.ARM.Collect$$libshutdown$$00000010)
    __rt_lib_shutdown_signal_1               0x080001eb   Thumb Code     0  libshutdown2.o(.ARM.Collect$$libshutdown$$0000000A)
    __rt_lib_shutdown_stdio_1                0x080001eb   Thumb Code     0  libshutdown2.o(.ARM.Collect$$libshutdown$$00000004)
    __rt_lib_shutdown_user_alloc_1           0x080001eb   Thumb Code     0  libshutdown2.o(.ARM.Collect$$libshutdown$$0000000C)
    __rt_entry                               0x080001ed   Thumb Code     0  __rtentry.o(.ARM.Collect$$rtentry$$00000000)
    __rt_entry_presh_1                       0x080001ed   Thumb Code     0  __rtentry2.o(.ARM.Collect$$rtentry$$00000002)
    __rt_entry_sh                            0x080001ed   Thumb Code     0  __rtentry4.o(.ARM.Collect$$rtentry$$00000004)
    __rt_entry_li                            0x080001f3   Thumb Code     0  __rtentry2.o(.ARM.Collect$$rtentry$$0000000A)
    __rt_entry_postsh_1                      0x080001f3   Thumb Code     0  __rtentry2.o(.ARM.Collect$$rtentry$$00000009)
    __rt_entry_main                          0x080001f7   Thumb Code     0  __rtentry2.o(.ARM.Collect$$rtentry$$0000000D)
    __rt_entry_postli_1                      0x080001f7   Thumb Code     0  __rtentry2.o(.ARM.Collect$$rtentry$$0000000C)
    __rt_exit                                0x080001ff   Thumb Code     0  rtexit.o(.ARM.Collect$$rtexit$$00000000)
    __rt_exit_ls                             0x08000201   Thumb Code     0  rtexit2.o(.ARM.Collect$$rtexit$$00000003)
    __rt_exit_prels_1                        0x08000201   Thumb Code     0  rtexit2.o(.ARM.Collect$$rtexit$$00000002)
    __rt_exit_exit                           0x08000205   Thumb Code     0  rtexit2.o(.ARM.Collect$$rtexit$$00000004)
    Reset_Handler                            0x0800020d   Thumb Code     8  startup_stm32f10x_hd.o(.text)
    NMI_Handler                              0x08000215   Thumb Code     2  startup_stm32f10x_hd.o(.text)
    HardFault_Handler                        0x08000217   Thumb Code     2  startup_stm32f10x_hd.o(.text)
    MemManage_Handler                        0x08000219   Thumb Code     2  startup_stm32f10x_hd.o(.text)
    BusFault_Handler                         0x0800021b   Thumb Code     2  startup_stm32f10x_hd.o(.text)
    UsageFault_Handler                       0x0800021d   Thumb Code     2  startup_stm32f10x_hd.o(.text)
    SVC_Handler                              0x0800021f   Thumb Code     2  startup_stm32f10x_hd.o(.text)
    DebugMon_Handler                         0x08000221   Thumb Code     2  startup_stm32f10x_hd.o(.text)
    SysTick_Handler                          0x08000225   Thumb Code     2  startup_stm32f10x_hd.o(.text)
    ADC1_2_IRQHandler                        0x08000227   Thumb Code     0  startup_stm32f10x_hd.o(.text)
    ADC3_IRQHandler                          0x08000227   Thumb Code     0  startup_stm32f10x_hd.o(.text)
    CAN1_RX1_IRQHandler                      0x08000227   Thumb Code     0  startup_stm32f10x_hd.o(.text)
    CAN1_SCE_IRQHandler                      0x08000227   Thumb Code     0  startup_stm32f10x_hd.o(.text)
    DMA1_Channel1_IRQHandler                 0x08000227   Thumb Code     0  startup_stm32f10x_hd.o(.text)
    DMA1_Channel2_IRQHandler                 0x08000227   Thumb Code     0  startup_stm32f10x_hd.o(.text)
    DMA1_Channel3_IRQHandler                 0x08000227   Thumb Code     0  startup_stm32f10x_hd.o(.text)
    DMA1_Channel4_IRQHandler                 0x08000227   Thumb Code     0  startup_stm32f10x_hd.o(.text)
    DMA1_Channel5_IRQHandler                 0x08000227   Thumb Code     0  startup_stm32f10x_hd.o(.text)
    DMA1_Channel6_IRQHandler                 0x08000227   Thumb Code     0  startup_stm32f10x_hd.o(.text)
    DMA1_Channel7_IRQHandler                 0x08000227   Thumb Code     0  startup_stm32f10x_hd.o(.text)
    DMA2_Channel1_IRQHandler                 0x08000227   Thumb Code     0  startup_stm32f10x_hd.o(.text)
    DMA2_Channel2_IRQHandler                 0x08000227   Thumb Code     0  startup_stm32f10x_hd.o(.text)
    DMA2_Channel3_IRQHandler                 0x08000227   Thumb Code     0  startup_stm32f10x_hd.o(.text)
    DMA2_Channel4_5_IRQHandler               0x08000227   Thumb Code     0  startup_stm32f10x_hd.o(.text)
    EXTI15_10_IRQHandler                     0x08000227   Thumb Code     0  startup_stm32f10x_hd.o(.text)
    EXTI1_IRQHandler                         0x08000227   Thumb Code     0  startup_stm32f10x_hd.o(.text)
    EXTI2_IRQHandler                         0x08000227   Thumb Code     0  startup_stm32f10x_hd.o(.text)
    EXTI3_IRQHandler                         0x08000227   Thumb Code     0  startup_stm32f10x_hd.o(.text)
    EXTI9_5_IRQHandler                       0x08000227   Thumb Code     0  startup_stm32f10x_hd.o(.text)
    FLASH_IRQHandler                         0x08000227   Thumb Code     0  startup_stm32f10x_hd.o(.text)
    FSMC_IRQHandler                          0x08000227   Thumb Code     0  startup_stm32f10x_hd.o(.text)
    I2C1_ER_IRQHandler                       0x08000227   Thumb Code     0  startup_stm32f10x_hd.o(.text)
    I2C1_EV_IRQHandler                       0x08000227   Thumb Code     0  startup_stm32f10x_hd.o(.text)
    I2C2_ER_IRQHandler                       0x08000227   Thumb Code     0  startup_stm32f10x_hd.o(.text)
    I2C2_EV_IRQHandler                       0x08000227   Thumb Code     0  startup_stm32f10x_hd.o(.text)
    PVD_IRQHandler                           0x08000227   Thumb Code     0  startup_stm32f10x_hd.o(.text)
    RCC_IRQHandler                           0x08000227   Thumb Code     0  startup_stm32f10x_hd.o(.text)
    RTCAlarm_IRQHandler                      0x08000227   Thumb Code     0  startup_stm32f10x_hd.o(.text)
    RTC_IRQHandler                           0x08000227   Thumb Code     0  startup_stm32f10x_hd.o(.text)
    SDIO_IRQHandler                          0x08000227   Thumb Code     0  startup_stm32f10x_hd.o(.text)
    SPI1_IRQHandler                          0x08000227   Thumb Code     0  startup_stm32f10x_hd.o(.text)
    SPI2_IRQHandler                          0x08000227   Thumb Code     0  startup_stm32f10x_hd.o(.text)
    SPI3_IRQHandler                          0x08000227   Thumb Code     0  startup_stm32f10x_hd.o(.text)
    TAMPER_IRQHandler                        0x08000227   Thumb Code     0  startup_stm32f10x_hd.o(.text)
    TIM1_BRK_IRQHandler                      0x08000227   Thumb Code     0  startup_stm32f10x_hd.o(.text)
    TIM1_CC_IRQHandler                       0x08000227   Thumb Code     0  startup_stm32f10x_hd.o(.text)
    TIM1_TRG_COM_IRQHandler                  0x08000227   Thumb Code     0  startup_stm32f10x_hd.o(.text)
    TIM1_UP_IRQHandler                       0x08000227   Thumb Code     0  startup_stm32f10x_hd.o(.text)
    TIM2_IRQHandler                          0x08000227   Thumb Code     0  startup_stm32f10x_hd.o(.text)
    TIM3_IRQHandler                          0x08000227   Thumb Code     0  startup_stm32f10x_hd.o(.text)
    TIM4_IRQHandler                          0x08000227   Thumb Code     0  startup_stm32f10x_hd.o(.text)
    TIM5_IRQHandler                          0x08000227   Thumb Code     0  startup_stm32f10x_hd.o(.text)
    TIM6_IRQHandler                          0x08000227   Thumb Code     0  startup_stm32f10x_hd.o(.text)
    TIM7_IRQHandler                          0x08000227   Thumb Code     0  startup_stm32f10x_hd.o(.text)
    TIM8_BRK_IRQHandler                      0x08000227   Thumb Code     0  startup_stm32f10x_hd.o(.text)
    TIM8_CC_IRQHandler                       0x08000227   Thumb Code     0  startup_stm32f10x_hd.o(.text)
    TIM8_TRG_COM_IRQHandler                  0x08000227   Thumb Code     0  startup_stm32f10x_hd.o(.text)
    TIM8_UP_IRQHandler                       0x08000227   Thumb Code     0  startup_stm32f10x_hd.o(.text)
    UART4_IRQHandler                         0x08000227   Thumb Code     0  startup_stm32f10x_hd.o(.text)
    UART5_IRQHandler                         0x08000227   Thumb Code     0  startup_stm32f10x_hd.o(.text)
    USART2_IRQHandler                        0x08000227   Thumb Code     0  startup_stm32f10x_hd.o(.text)
    USART3_IRQHandler                        0x08000227   Thumb Code     0  startup_stm32f10x_hd.o(.text)
    USBWakeUp_IRQHandler                     0x08000227   Thumb Code     0  startup_stm32f10x_hd.o(.text)
    USB_HP_CAN1_TX_IRQHandler                0x08000227   Thumb Code     0  startup_stm32f10x_hd.o(.text)
    USB_LP_CAN1_RX0_IRQHandler               0x08000227   Thumb Code     0  startup_stm32f10x_hd.o(.text)
    WWDG_IRQHandler                          0x08000227   Thumb Code     0  startup_stm32f10x_hd.o(.text)
    __user_initial_stackheap                 0x08000229   Thumb Code     0  startup_stm32f10x_hd.o(.text)
    OS_CPU_SR_Save                           0x0800024d   Thumb Code     0  os_cpu_a.o(.text)
    OS_CPU_SR_Restore                        0x08000255   Thumb Code     0  os_cpu_a.o(.text)
    OSStartHighRdy                           0x0800025b   Thumb Code     0  os_cpu_a.o(.text)
    OSCtxSw                                  0x0800027d   Thumb Code     0  os_cpu_a.o(.text)
    OSIntCtxSw                               0x0800028b   Thumb Code     0  os_cpu_a.o(.text)
    PendSV_Handler                           0x0800029b   Thumb Code     0  os_cpu_a.o(.text)
    alientek_ncr_init                        0x08000301   Thumb Code     6  recognition.o(.text)
    alientek_ncr_stop                        0x08000307   Thumb Code     2  recognition.o(.text)
    QuickSort                                0x08000309   Thumb Code   188  recognition.o(.text)
    matrix_multiplication                    0x080003c5   Thumb Code   108  recognition.o(.text)
    CalcDirect                               0x08000431   Thumb Code   266  recognition.o(.text)
    GetPot                                   0x0800053b   Thumb Code    58  recognition.o(.text)
    OverallElasticMesh                       0x08000575   Thumb Code   482  recognition.o(.text)
    FeaExtractByGradient                     0x08000757   Thumb Code  1846  recognition.o(.text)
    DDA_IMAGE                                0x08000e8d   Thumb Code  1358  recognition.o(.text)
    LinearNorm_data                          0x080013db   Thumb Code   276  recognition.o(.text)
    DDA_atk_ncr_point                        0x080014ef   Thumb Code   568  recognition.o(.text)
    SmoothFilter                             0x08001727   Thumb Code   196  recognition.o(.text)
    recog                                    0x080017eb   Thumb Code   662  recognition.o(.text)
    alientek_ncr                             0x08001a81   Thumb Code   250  recognition.o(.text)
    ExtractPoint                             0x08001b7b   Thumb Code   508  recognition.o(.text)
    __use_no_semihosting                     0x08001d77   Thumb Code     2  use_no_semi_2.o(.text)
    __aeabi_memcpy                           0x08001d79   Thumb Code     0  rt_memcpy_v6.o(.text)
    __rt_memcpy                              0x08001d79   Thumb Code   138  rt_memcpy_v6.o(.text)
    _memcpy_lastbytes                        0x08001ddf   Thumb Code     0  rt_memcpy_v6.o(.text)
    __aeabi_memclr4                          0x08001e03   Thumb Code     0  rt_memclr_w.o(.text)
    __aeabi_memclr8                          0x08001e03   Thumb Code     0  rt_memclr_w.o(.text)
    __rt_memclr_w                            0x08001e03   Thumb Code    78  rt_memclr_w.o(.text)
    _memset_w                                0x08001e07   Thumb Code     0  rt_memclr_w.o(.text)
    __use_two_region_memory                  0x08001e51   Thumb Code     2  heapauxi.o(.text)
    __rt_heap_escrow$2region                 0x08001e53   Thumb Code     2  heapauxi.o(.text)
    __rt_heap_expand$2region                 0x08001e55   Thumb Code     2  heapauxi.o(.text)
    __I$use$semihosting                      0x08001e57   Thumb Code     0  use_no_semi.o(.text)
    __use_no_semihosting_swi                 0x08001e57   Thumb Code     2  use_no_semi.o(.text)
    __read_errno                             0x08001e59   Thumb Code    10  _rserrno.o(.text)
    __set_errno                              0x08001e63   Thumb Code    12  _rserrno.o(.text)
    __aeabi_memcpy4                          0x08001e6f   Thumb Code     0  rt_memcpy_w.o(.text)
    __aeabi_memcpy8                          0x08001e6f   Thumb Code     0  rt_memcpy_w.o(.text)
    __rt_memcpy_w                            0x08001e6f   Thumb Code   100  rt_memcpy_w.o(.text)
    _memcpy_lastbytes_aligned                0x08001eb7   Thumb Code     0  rt_memcpy_w.o(.text)
    __aeabi_errno_addr                       0x08001ed5   Thumb Code     8  rt_errno_addr_intlibspace.o(.text)
    __errno$intlibspace                      0x08001ed5   Thumb Code     0  rt_errno_addr_intlibspace.o(.text)
    __rt_errno_addr$intlibspace              0x08001ed5   Thumb Code     0  rt_errno_addr_intlibspace.o(.text)
    __user_libspace                          0x08001edd   Thumb Code     8  libspace.o(.text)
    __user_perproc_libspace                  0x08001edd   Thumb Code     0  libspace.o(.text)
    __user_perthread_libspace                0x08001edd   Thumb Code     0  libspace.o(.text)
    __user_setup_stackheap                   0x08001ee5   Thumb Code    74  sys_stackheap_outer.o(.text)
    exit                                     0x08001f2f   Thumb Code    18  exit.o(.text)
    Cal_touch_para                           0x08001f41   Thumb Code   356  song_touch.o(i.Cal_touch_para)
    DDSUI2                                   0x080020a5   Thumb Code   588  song_user_lcd.o(i.DDSUI2)
    DrawCross                                0x08002349   Thumb Code    52  song_touch.o(i.DrawCross)
    EXTI0_IRQHandler                         0x0800237d   Thumb Code    38  song_nvic.o(i.EXTI0_IRQHandler)
    EXTI4_IRQHandler                         0x080023a9   Thumb Code    24  song_gpio_spi.o(i.EXTI4_IRQHandler)
    EXTI_ClearITPendingBit                   0x080023c5   Thumb Code     6  stm32f10x_exti.o(i.EXTI_ClearITPendingBit)
    EXTI_GetITStatus                         0x080023d1   Thumb Code    34  stm32f10x_exti.o(i.EXTI_GetITStatus)
    EXTI_Init                                0x080023f9   Thumb Code   142  stm32f10x_exti.o(i.EXTI_Init)
    FSMC_NORSRAMCmd                          0x0800248d   Thumb Code    46  stm32f10x_fsmc.o(i.FSMC_NORSRAMCmd)
    FSMC_NORSRAMInit                         0x080024c1   Thumb Code   230  stm32f10x_fsmc.o(i.FSMC_NORSRAMInit)
    GPIO_EXTILineConfig                      0x080025a9   Thumb Code    60  stm32f10x_gpio.o(i.GPIO_EXTILineConfig)
    GPIO_Init                                0x080025e9   Thumb Code   278  stm32f10x_gpio.o(i.GPIO_Init)
    GPIO_ReadInputDataBit                    0x080026ff   Thumb Code    18  stm32f10x_gpio.o(i.GPIO_ReadInputDataBit)
    GPIO_ResetBits                           0x08002711   Thumb Code     4  stm32f10x_gpio.o(i.GPIO_ResetBits)
    GPIO_SPI_Config                          0x08002715   Thumb Code   118  song_gpio_spi.o(i.GPIO_SPI_Config)
    GPIO_SetBits                             0x08002795   Thumb Code     4  stm32f10x_gpio.o(i.GPIO_SetBits)
    Get_touch_point                          0x08002799   Thumb Code   238  song_touch.o(i.Get_touch_point)
    LCD_Clear                                0x08002891   Thumb Code   102  song_user_lcd.o(i.LCD_Clear)
    LCD_Config                               0x080028fd   Thumb Code    20  song_user_lcd.o(i.LCD_Config)
    LCD_DisNum                               0x08002911   Thumb Code   212  song_user_lcd.o(i.LCD_DisNum)
    LCD_DisSqure                             0x080029e5   Thumb Code   100  song_user_lcd.o(i.LCD_DisSqure)
    LCD_DispAnyChar                          0x08002a49   Thumb Code   272  song_user_lcd.o(i.LCD_DispAnyChar)
    LCD_DispChar                             0x08002b61   Thumb Code   104  song_user_lcd.o(i.LCD_DispChar)
    LCD_DispStr                              0x08002bd5   Thumb Code    60  song_user_lcd.o(i.LCD_DispStr)
    LCD_DrawLine                             0x08002c11   Thumb Code   172  song_user_lcd.o(i.LCD_DrawLine)
    LCD_FSMC_Config                          0x08002cbd   Thumb Code    92  song_user_lcd.o(i.LCD_FSMC_Config)
    LCD_GPIO_Config                          0x08002d19   Thumb Code   182  song_user_lcd.o(i.LCD_GPIO_Config)
    LCD_OpenWindow                           0x08002ddd   Thumb Code    74  song_user_lcd.o(i.LCD_OpenWindow)
    LCD_REG_Config                           0x08002e2d   Thumb Code   478  song_user_lcd.o(i.LCD_REG_Config)
    LCD_Rst                                  0x08003015   Thumb Code    32  song_user_lcd.o(i.LCD_Rst)
    LCD_SetBack                              0x0800303d   Thumb Code     6  song_user_lcd.o(i.LCD_SetBack)
    LCD_SetPoint                             0x08003049   Thumb Code    64  song_user_lcd.o(i.LCD_SetPoint)
    Lcd_Delay                                0x0800308d   Thumb Code    18  song_user_lcd.o(i.Lcd_Delay)
    Lcd_GramScan                             0x080030a1   Thumb Code   260  song_user_lcd.o(i.Lcd_GramScan)
    NVIC_Configuration                       0x080031a9   Thumb Code    12  song_nvic.o(i.NVIC_Configuration)
    NVIC_Init                                0x080031b5   Thumb Code   100  misc.o(i.NVIC_Init)
    NVIC_PriorityGroupConfig                 0x08003225   Thumb Code    10  misc.o(i.NVIC_PriorityGroupConfig)
    OSTaskSwHook                             0x08003239   Thumb Code     2  os_cpu_c.o(i.OSTaskSwHook)
    RCC_AHBPeriphClockCmd                    0x0800323d   Thumb Code    26  stm32f10x_rcc.o(i.RCC_AHBPeriphClockCmd)
    RCC_APB2PeriphClockCmd                   0x0800325d   Thumb Code    26  stm32f10x_rcc.o(i.RCC_APB2PeriphClockCmd)
    Read_2046                                0x0800327d   Thumb Code   538  song_touch.o(i.Read_2046)
    Read_2046_2                              0x080034a5   Thumb Code   296  song_touch.o(i.Read_2046_2)
    SDelayInit                               0x080035d9   Thumb Code    56  song_io.o(i.SDelayInit)
    SDelayMs                                 0x08003619   Thumb Code    56  song_io.o(i.SDelayMs)
    SystemInit                               0x0800373d   Thumb Code    78  system_stm32f10x.o(i.SystemInit)
    Touch_Calibrate                          0x08003811   Thumb Code   748  song_touch.o(i.Touch_Calibrate)
    Touch_GetAdXY                            0x08003b5d   Thumb Code    38  song_touch.o(i.Touch_GetAdXY)
    Touch_Init                               0x08003b83   Thumb Code     8  song_touch.o(i.Touch_Init)
    USART1_IRQHandler                        0x08003b8d   Thumb Code   122  song_usart.o(i.USART1_IRQHandler)
    USART_GetITStatus                        0x08003c15   Thumb Code    84  stm32f10x_usart.o(i.USART_GetITStatus)
    USART_ReceiveData                        0x08003c69   Thumb Code    10  stm32f10x_usart.o(i.USART_ReceiveData)
    XPT2046_ReadAdc                          0x08003c73   Thumb Code    16  song_touch.o(i.XPT2046_ReadAdc)
    __ARM_fpclassifyf                        0x08003d45   Thumb Code    38  fpclassifyf.o(i.__ARM_fpclassifyf)
    __mathlib_flt_divzero                    0x08003d6b   Thumb Code    10  funder.o(i.__mathlib_flt_divzero)
    __mathlib_flt_infnan2                    0x08003d75   Thumb Code     4  funder.o(i.__mathlib_flt_infnan2)
    __mathlib_flt_invalid                    0x08003d79   Thumb Code     8  funder.o(i.__mathlib_flt_invalid)
    __mathlib_flt_overflow                   0x08003d81   Thumb Code    10  funder.o(i.__mathlib_flt_overflow)
    __mathlib_flt_underflow                  0x08003d8b   Thumb Code    10  funder.o(i.__mathlib_flt_underflow)
    _sys_exit                                0x08003d95   Thumb Code     6  song_usart.o(i._sys_exit)
    alientek_ncr_memset                      0x08003d9b   Thumb Code    20  atk_ncr.o(i.alientek_ncr_memset)
    main                                     0x08003db1   Thumb Code  1390  main.o(i.main)
    mymemset                                 0x08004329   Thumb Code    20  atk_ncr.o(i.mymemset)
    __mathlib_powf                           0x0800433d   Thumb Code     0  powf.o(i.powf)
    powf                                     0x0800433d   Thumb Code  1548  powf.o(i.powf)
    __aeabi_dadd                             0x0800495d   Thumb Code     0  daddsub_clz.o(x$fpl$dadd)
    _dadd                                    0x0800495d   Thumb Code   332  daddsub_clz.o(x$fpl$dadd)
    __fpl_dcmp_Inf                           0x08004aad   Thumb Code    24  dcmpi.o(x$fpl$dcmpinf)
    __aeabi_ddiv                             0x08004ac5   Thumb Code     0  ddiv.o(x$fpl$ddiv)
    _ddiv                                    0x08004ac5   Thumb Code   552  ddiv.o(x$fpl$ddiv)
    __aeabi_cdcmpeq                          0x08004d75   Thumb Code     0  deqf.o(x$fpl$deqf)
    _dcmpeq                                  0x08004d75   Thumb Code   120  deqf.o(x$fpl$deqf)
    __aeabi_d2uiz                            0x08004ded   Thumb Code     0  dfixu.o(x$fpl$dfixu)
    _dfixu                                   0x08004ded   Thumb Code    90  dfixu.o(x$fpl$dfixu)
    __aeabi_i2d                              0x08004e47   Thumb Code     0  dflt_clz.o(x$fpl$dflt)
    _dflt                                    0x08004e47   Thumb Code    46  dflt_clz.o(x$fpl$dflt)
    __aeabi_ui2d                             0x08004e75   Thumb Code     0  dflt_clz.o(x$fpl$dfltu)
    _dfltu                                   0x08004e75   Thumb Code    38  dflt_clz.o(x$fpl$dfltu)
    __aeabi_cdcmple                          0x08004e9d   Thumb Code     0  dleqf.o(x$fpl$dleqf)
    _dcmple                                  0x08004e9d   Thumb Code   120  dleqf.o(x$fpl$dleqf)
    __fpl_dcmple_InfNaN                      0x08004eff   Thumb Code     0  dleqf.o(x$fpl$dleqf)
    __aeabi_dmul                             0x08004f15   Thumb Code     0  dmul.o(x$fpl$dmul)
    _dmul                                    0x08004f15   Thumb Code   332  dmul.o(x$fpl$dmul)
    __fpl_dnaninf                            0x08005069   Thumb Code   156  dnaninf.o(x$fpl$dnaninf)
    __fpl_dretinf                            0x08005105   Thumb Code    12  dretinf.o(x$fpl$dretinf)
    __aeabi_dsub                             0x08005111   Thumb Code     0  daddsub_clz.o(x$fpl$dsub)
    _dsub                                    0x08005111   Thumb Code   464  daddsub_clz.o(x$fpl$dsub)
    __aeabi_f2d                              0x080052e5   Thumb Code     0  f2d.o(x$fpl$f2d)
    _f2d                                     0x080052e5   Thumb Code    86  f2d.o(x$fpl$f2d)
    __aeabi_fadd                             0x0800533d   Thumb Code     0  faddsub_clz.o(x$fpl$fadd)
    _fadd                                    0x0800533d   Thumb Code   196  faddsub_clz.o(x$fpl$fadd)
    __fpl_fcheck_NaN1                        0x08005401   Thumb Code     6  fcheck1.o(x$fpl$fcheck1)
    __fpl_fcmp_Inf                           0x0800540d   Thumb Code    24  fcmpi.o(x$fpl$fcmpinf)
    __aeabi_fdiv                             0x08005425   Thumb Code     0  fdiv.o(x$fpl$fdiv)
    _fdiv                                    0x08005425   Thumb Code   384  fdiv.o(x$fpl$fdiv)
    __aeabi_f2iz                             0x080055a9   Thumb Code     0  ffix.o(x$fpl$ffix)
    _ffix                                    0x080055a9   Thumb Code    54  ffix.o(x$fpl$ffix)
    _ffix_r                                  0x080055e1   Thumb Code    82  ffix.o(x$fpl$ffixr)
    __aeabi_i2f                              0x08005635   Thumb Code     0  fflt_clz.o(x$fpl$fflt)
    _fflt                                    0x08005635   Thumb Code    48  fflt_clz.o(x$fpl$fflt)
    __aeabi_cfcmple                          0x08005665   Thumb Code     0  fleqf.o(x$fpl$fleqf)
    _fcmple                                  0x08005665   Thumb Code   104  fleqf.o(x$fpl$fleqf)
    __fpl_fcmple_InfNaN                      0x080056b7   Thumb Code     0  fleqf.o(x$fpl$fleqf)
    __aeabi_fmul                             0x080056cd   Thumb Code     0  fmul.o(x$fpl$fmul)
    _fmul                                    0x080056cd   Thumb Code   258  fmul.o(x$fpl$fmul)
    __fpl_fnaninf                            0x080057cf   Thumb Code   140  fnaninf.o(x$fpl$fnaninf)
    __fpl_fretinf                            0x0800585b   Thumb Code    10  fretinf.o(x$fpl$fretinf)
    __aeabi_frsub                            0x08005865   Thumb Code     0  faddsub_clz.o(x$fpl$frsb)
    _frsb                                    0x08005865   Thumb Code    20  faddsub_clz.o(x$fpl$frsb)
    __aeabi_fsub                             0x08005879   Thumb Code     0  faddsub_clz.o(x$fpl$fsub)
    _fsub                                    0x08005879   Thumb Code   234  faddsub_clz.o(x$fpl$fsub)
    __fpl_return_NaN                         0x08005963   Thumb Code   100  retnan.o(x$fpl$retnan)
    __ARM_scalbnf                            0x080059c7   Thumb Code    76  scalbnf.o(x$fpl$scalbnf)
    __fpl_cmpreturn                          0x08005a13   Thumb Code    48  trapv.o(x$fpl$trapveneer)
    __I$use$fp                               0x08005a42   Number         0  usenofp.o(x$fpl$usenofp)
    asc2_1206                                0x08005a42   Data        1140  song_user_lcd.o(.constdata)
    E_GTABLE                                 0x08005eb8   Data         972  recognition.o(.constdata)
    E_GARTABLE                               0x08006284   Data        2500  recognition.o(.constdata)
    E_LDA                                    0x08006c48   Data       20480  recognition.o(.constdata)
    E_MODEL                                  0x0800bc48   Data        9920  recognition.o(.constdata)
    Dic                                      0x0800e308   Data          62  recognition.o(.constdata)
    Region$$Table$$Base                      0x0800e488   Number         0  anon$$obj.o(Region$$Table)
    Region$$Table$$Limit                     0x0800e4a8   Number         0  anon$$obj.o(Region$$Table)
    bnum                                     0x20000002   Data         640  main.o(.data)
    invert                                   0x20000282   Data           1  main.o(.data)
    touch_flag                               0x20000288   Data           1  song_gpio_spi.o(.data)
    aa1                                      0x20000298   Data           8  song_touch.o(.data)
    bb1                                      0x200002a0   Data           8  song_touch.o(.data)
    cc1                                      0x200002a8   Data           8  song_touch.o(.data)
    aa2                                      0x200002b0   Data           8  song_touch.o(.data)
    bb2                                      0x200002b8   Data           8  song_touch.o(.data)
    cc2                                      0x200002c0   Data           8  song_touch.o(.data)
    cal_p                                    0x200002c8   Data          48  song_touch.o(.data)
    cal_flag                                 0x200002f8   Data           1  song_touch.o(.data)
    DisplaySample                            0x200002fa   Data          16  song_touch.o(.data)
    display                                  0x2000030a   Data           4  song_touch.o(.data)
    pin                                      0x2000031a   Data         128  song_user_lcd.o(.data)
    lv                                       0x2000039a   Data         128  song_user_lcd.o(.data)
    du                                       0x2000041a   Data         128  song_user_lcd.o(.data)
    fu                                       0x2000049a   Data         128  song_user_lcd.o(.data)
    up                                       0x2000051a   Data          64  song_user_lcd.o(.data)
    down                                     0x2000055a   Data          64  song_user_lcd.o(.data)
    right                                    0x2000059a   Data          64  song_user_lcd.o(.data)
    left                                     0x200005da   Data          64  song_user_lcd.o(.data)
    maohao                                   0x2000061a   Data          64  song_user_lcd.o(.data)
    k                                        0x2000065a   Data          64  song_user_lcd.o(.data)
    m                                        0x2000069a   Data          64  song_user_lcd.o(.data)
    H                                        0x200006da   Data          64  song_user_lcd.o(.data)
    Z                                        0x2000071a   Data          64  song_user_lcd.o(.data)
    V                                        0x2000075a   Data          64  song_user_lcd.o(.data)
    __stdout                                 0x2000079c   Data           4  song_usart.o(.data)
    USART_RX_STA                             0x200007a0   Data           2  song_usart.o(.data)
    OSCtxSwCtr                               0x200007a4   Data           4  os_core.o(.data)
    OSEventFreeList                          0x200007a8   Data           4  os_core.o(.data)
    OSFlagFreeList                           0x200007ac   Data           4  os_core.o(.data)
    OSCPUUsage                               0x200007b0   Data           1  os_core.o(.data)
    OSIdleCtrMax                             0x200007b4   Data           4  os_core.o(.data)
    OSIdleCtrRun                             0x200007b8   Data           4  os_core.o(.data)
    OSStatRdy                                0x200007bc   Data           1  os_core.o(.data)
    OSIntNesting                             0x200007bd   Data           1  os_core.o(.data)
    OSLockNesting                            0x200007be   Data           1  os_core.o(.data)
    OSPrioCur                                0x200007bf   Data           1  os_core.o(.data)
    OSPrioHighRdy                            0x200007c0   Data           1  os_core.o(.data)
    OSRdyGrp                                 0x200007c1   Data           1  os_core.o(.data)
    OSRdyTbl                                 0x200007c2   Data           8  os_core.o(.data)
    OSRunning                                0x200007ca   Data           1  os_core.o(.data)
    OSTaskCtr                                0x200007cb   Data           1  os_core.o(.data)
    OSIdleCtr                                0x200007cc   Data           4  os_core.o(.data)
    OSTCBCur                                 0x200007d0   Data           4  os_core.o(.data)
    OSTCBFreeList                            0x200007d4   Data           4  os_core.o(.data)
    OSTCBHighRdy                             0x200007d8   Data           4  os_core.o(.data)
    OSTCBList                                0x200007dc   Data           4  os_core.o(.data)
    OSTickStepState                          0x200007e0   Data           1  os_core.o(.data)
    OSQFreeList                              0x200007e4   Data           4  os_core.o(.data)
    OSTime                                   0x200007e8   Data           4  os_core.o(.data)
    READ_BUF                                 0x200007ec   Data         800  main.o(.bss)
    ScreenSample                             0x20000b10   Data          16  song_touch.o(.bss)
    touch_para                               0x20000b20   Data          56  song_touch.o(.bss)
    USART_RX_BUF                             0x20000b58   Data         200  song_usart.o(.bss)
    picdata                                  0x20000c20   Data         512  recognition.o(.bss)
    Gas                                      0x20000e20   Data         512  recognition.o(.bss)
    feature                                  0x20001020   Data         512  recognition.o(.bss)
    ldafeature                               0x20001220   Data         160  recognition.o(.bss)
    Hmap                                     0x200012c0   Data          64  recognition.o(.bss)
    Vmap                                     0x20001300   Data          64  recognition.o(.bss)
    distance                                 0x20001340   Data         496  recognition.o(.bss)
    Htemp                                    0x20001530   Data          20  recognition.o(.bss)
    Vtemp                                    0x20001544   Data          20  recognition.o(.bss)
    tracebuf1                                0x20001558   Data        2000  recognition.o(.bss)
    tracebuf2                                0x20001d28   Data        1000  recognition.o(.bss)
    __libspace_start                         0x20002110   Data          96  libspace.o(.bss)
    __temporary_stack_top$libspace           0x20002170   Data           0  libspace.o(.bss)



==============================================================================

Memory Map of the image

  Image Entry point : 0x08000131

  Load Region LR_IROM1 (Base: 0x08000000, Size: 0x0000ec94, Max: 0x00080000, ABSOLUTE, COMPRESSED[0x0000e854])

    Execution Region ER_IROM1 (Base: 0x08000000, Size: 0x0000e4a8, Max: 0x00080000, ABSOLUTE)

    Base Addr    Size         Type   Attr      Idx    E Section Name        Object

    0x08000000   0x00000130   Data   RO         3823    RESET               startup_stm32f10x_hd.o
    0x08000130   0x00000008   Code   RO         4633  * !!!main             c_w.l(__main.o)
    0x08000138   0x00000034   Code   RO         4900    !!!scatter          c_w.l(__scatter.o)
    0x0800016c   0x0000005a   Code   RO         4898    !!dczerorl2         c_w.l(__dczerorl2.o)
    0x080001c6   0x00000002   PAD
    0x080001c8   0x0000001c   Code   RO         4902    !!handler_zi        c_w.l(__scatter_zi.o)
    0x080001e4   0x00000002   Code   RO         4771    .ARM.Collect$$libinit$$00000000  c_w.l(libinit.o)
    0x080001e6   0x00000000   Code   RO         4777    .ARM.Collect$$libinit$$00000002  c_w.l(libinit2.o)
    0x080001e6   0x00000000   Code   RO         4779    .ARM.Collect$$libinit$$00000004  c_w.l(libinit2.o)
    0x080001e6   0x00000000   Code   RO         4782    .ARM.Collect$$libinit$$0000000A  c_w.l(libinit2.o)
    0x080001e6   0x00000000   Code   RO         4784    .ARM.Collect$$libinit$$0000000C  c_w.l(libinit2.o)
    0x080001e6   0x00000000   Code   RO         4786    .ARM.Collect$$libinit$$0000000E  c_w.l(libinit2.o)
    0x080001e6   0x00000000   Code   RO         4789    .ARM.Collect$$libinit$$00000011  c_w.l(libinit2.o)
    0x080001e6   0x00000000   Code   RO         4791    .ARM.Collect$$libinit$$00000013  c_w.l(libinit2.o)
    0x080001e6   0x00000000   Code   RO         4793    .ARM.Collect$$libinit$$00000015  c_w.l(libinit2.o)
    0x080001e6   0x00000000   Code   RO         4795    .ARM.Collect$$libinit$$00000017  c_w.l(libinit2.o)
    0x080001e6   0x00000000   Code   RO         4797    .ARM.Collect$$libinit$$00000019  c_w.l(libinit2.o)
    0x080001e6   0x00000000   Code   RO         4799    .ARM.Collect$$libinit$$0000001B  c_w.l(libinit2.o)
    0x080001e6   0x00000000   Code   RO         4801    .ARM.Collect$$libinit$$0000001D  c_w.l(libinit2.o)
    0x080001e6   0x00000000   Code   RO         4803    .ARM.Collect$$libinit$$0000001F  c_w.l(libinit2.o)
    0x080001e6   0x00000000   Code   RO         4805    .ARM.Collect$$libinit$$00000021  c_w.l(libinit2.o)
    0x080001e6   0x00000000   Code   RO         4807    .ARM.Collect$$libinit$$00000023  c_w.l(libinit2.o)
    0x080001e6   0x00000000   Code   RO         4809    .ARM.Collect$$libinit$$00000025  c_w.l(libinit2.o)
    0x080001e6   0x00000000   Code   RO         4813    .ARM.Collect$$libinit$$0000002C  c_w.l(libinit2.o)
    0x080001e6   0x00000000   Code   RO         4815    .ARM.Collect$$libinit$$0000002E  c_w.l(libinit2.o)
    0x080001e6   0x00000000   Code   RO         4817    .ARM.Collect$$libinit$$00000030  c_w.l(libinit2.o)
    0x080001e6   0x00000000   Code   RO         4819    .ARM.Collect$$libinit$$00000032  c_w.l(libinit2.o)
    0x080001e6   0x00000002   Code   RO         4820    .ARM.Collect$$libinit$$00000033  c_w.l(libinit2.o)
    0x080001e8   0x00000002   Code   RO         4840    .ARM.Collect$$libshutdown$$00000000  c_w.l(libshutdown.o)
    0x080001ea   0x00000000   Code   RO         4850    .ARM.Collect$$libshutdown$$00000002  c_w.l(libshutdown2.o)
    0x080001ea   0x00000000   Code   RO         4852    .ARM.Collect$$libshutdown$$00000004  c_w.l(libshutdown2.o)
    0x080001ea   0x00000000   Code   RO         4855    .ARM.Collect$$libshutdown$$00000007  c_w.l(libshutdown2.o)
    0x080001ea   0x00000000   Code   RO         4858    .ARM.Collect$$libshutdown$$0000000A  c_w.l(libshutdown2.o)
    0x080001ea   0x00000000   Code   RO         4860    .ARM.Collect$$libshutdown$$0000000C  c_w.l(libshutdown2.o)
    0x080001ea   0x00000000   Code   RO         4863    .ARM.Collect$$libshutdown$$0000000F  c_w.l(libshutdown2.o)
    0x080001ea   0x00000002   Code   RO         4864    .ARM.Collect$$libshutdown$$00000010  c_w.l(libshutdown2.o)
    0x080001ec   0x00000000   Code   RO         4699    .ARM.Collect$$rtentry$$00000000  c_w.l(__rtentry.o)
    0x080001ec   0x00000000   Code   RO         4738    .ARM.Collect$$rtentry$$00000002  c_w.l(__rtentry2.o)
    0x080001ec   0x00000006   Code   RO         4750    .ARM.Collect$$rtentry$$00000004  c_w.l(__rtentry4.o)
    0x080001f2   0x00000000   Code   RO         4740    .ARM.Collect$$rtentry$$00000009  c_w.l(__rtentry2.o)
    0x080001f2   0x00000004   Code   RO         4741    .ARM.Collect$$rtentry$$0000000A  c_w.l(__rtentry2.o)
    0x080001f6   0x00000000   Code   RO         4743    .ARM.Collect$$rtentry$$0000000C  c_w.l(__rtentry2.o)
    0x080001f6   0x00000008   Code   RO         4744    .ARM.Collect$$rtentry$$0000000D  c_w.l(__rtentry2.o)
    0x080001fe   0x00000002   Code   RO         4774    .ARM.Collect$$rtexit$$00000000  c_w.l(rtexit.o)
    0x08000200   0x00000000   Code   RO         4824    .ARM.Collect$$rtexit$$00000002  c_w.l(rtexit2.o)
    0x08000200   0x00000004   Code   RO         4825    .ARM.Collect$$rtexit$$00000003  c_w.l(rtexit2.o)
    0x08000204   0x00000006   Code   RO         4826    .ARM.Collect$$rtexit$$00000004  c_w.l(rtexit2.o)
    0x0800020a   0x00000002   PAD
    0x0800020c   0x00000040   Code   RO         3824    .text               startup_stm32f10x_hd.o
    0x0800024c   0x000000b4   Code   RO         4493    .text               os_cpu_a.o
    0x08000300   0x00001a76   Code   RO         4578    .text               ATKNCR_N_V2.0.lib(recognition.o)
    0x08001d76   0x00000002   Code   RO         4625    .text               c_w.l(use_no_semi_2.o)
    0x08001d78   0x0000008a   Code   RO         4627    .text               c_w.l(rt_memcpy_v6.o)
    0x08001e02   0x0000004e   Code   RO         4629    .text               c_w.l(rt_memclr_w.o)
    0x08001e50   0x00000006   Code   RO         4631    .text               c_w.l(heapauxi.o)
    0x08001e56   0x00000002   Code   RO         4697    .text               c_w.l(use_no_semi.o)
    0x08001e58   0x00000016   Code   RO         4700    .text               c_w.l(_rserrno.o)
    0x08001e6e   0x00000064   Code   RO         4702    .text               c_w.l(rt_memcpy_w.o)
    0x08001ed2   0x00000002   PAD
    0x08001ed4   0x00000008   Code   RO         4755    .text               c_w.l(rt_errno_addr_intlibspace.o)
    0x08001edc   0x00000008   Code   RO         4759    .text               c_w.l(libspace.o)
    0x08001ee4   0x0000004a   Code   RO         4762    .text               c_w.l(sys_stackheap_outer.o)
    0x08001f2e   0x00000012   Code   RO         4764    .text               c_w.l(exit.o)
    0x08001f40   0x00000164   Code   RO          478    i.Cal_touch_para    song_touch.o
    0x080020a4   0x00000284   Code   RO          574    i.DDSUI2            song_user_lcd.o
    0x08002328   0x00000020   Code   RO          479    i.DelayUS           song_touch.o
    0x08002348   0x00000034   Code   RO          480    i.DrawCross         song_touch.o
    0x0800237c   0x0000002c   Code   RO          195    i.EXTI0_IRQHandler  song_nvic.o
    0x080023a8   0x0000001c   Code   RO          225    i.EXTI4_IRQHandler  song_gpio_spi.o
    0x080023c4   0x0000000c   Code   RO         1032    i.EXTI_ClearITPendingBit  stm32f10x_exti.o
    0x080023d0   0x00000028   Code   RO         1036    i.EXTI_GetITStatus  stm32f10x_exti.o
    0x080023f8   0x00000094   Code   RO         1037    i.EXTI_Init         stm32f10x_exti.o
    0x0800248c   0x00000034   Code   RO         1096    i.FSMC_NORSRAMCmd   stm32f10x_fsmc.o
    0x080024c0   0x000000e6   Code   RO         1098    i.FSMC_NORSRAMInit  stm32f10x_fsmc.o
    0x080025a6   0x00000002   PAD
    0x080025a8   0x00000040   Code   RO         1208    i.GPIO_EXTILineConfig  stm32f10x_gpio.o
    0x080025e8   0x00000116   Code   RO         1211    i.GPIO_Init         stm32f10x_gpio.o
    0x080026fe   0x00000012   Code   RO         1215    i.GPIO_ReadInputDataBit  stm32f10x_gpio.o
    0x08002710   0x00000004   Code   RO         1218    i.GPIO_ResetBits    stm32f10x_gpio.o
    0x08002714   0x00000080   Code   RO          226    i.GPIO_SPI_Config   song_gpio_spi.o
    0x08002794   0x00000004   Code   RO         1219    i.GPIO_SetBits      stm32f10x_gpio.o
    0x08002798   0x000000f8   Code   RO          481    i.Get_touch_point   song_touch.o
    0x08002890   0x0000006c   Code   RO          576    i.LCD_Clear         song_user_lcd.o
    0x080028fc   0x00000014   Code   RO          577    i.LCD_Config        song_user_lcd.o
    0x08002910   0x000000d4   Code   RO          578    i.LCD_DisNum        song_user_lcd.o
    0x080029e4   0x00000064   Code   RO          579    i.LCD_DisSqure      song_user_lcd.o
    0x08002a48   0x00000118   Code   RO          580    i.LCD_DispAnyChar   song_user_lcd.o
    0x08002b60   0x00000074   Code   RO          581    i.LCD_DispChar      song_user_lcd.o
    0x08002bd4   0x0000003c   Code   RO          582    i.LCD_DispStr       song_user_lcd.o
    0x08002c10   0x000000ac   Code   RO          584    i.LCD_DrawLine      song_user_lcd.o
    0x08002cbc   0x0000005c   Code   RO          585    i.LCD_FSMC_Config   song_user_lcd.o
    0x08002d18   0x000000c4   Code   RO          586    i.LCD_GPIO_Config   song_user_lcd.o
    0x08002ddc   0x00000050   Code   RO          588    i.LCD_OpenWindow    song_user_lcd.o
    0x08002e2c   0x000001e8   Code   RO          590    i.LCD_REG_Config    song_user_lcd.o
    0x08003014   0x00000028   Code   RO          592    i.LCD_Rst           song_user_lcd.o
    0x0800303c   0x0000000c   Code   RO          593    i.LCD_SetBack       song_user_lcd.o
    0x08003048   0x00000044   Code   RO          595    i.LCD_SetPoint      song_user_lcd.o
    0x0800308c   0x00000012   Code   RO          597    i.Lcd_Delay         song_user_lcd.o
    0x0800309e   0x00000002   PAD
    0x080030a0   0x00000108   Code   RO          598    i.Lcd_GramScan      song_user_lcd.o
    0x080031a8   0x0000000c   Code   RO          196    i.NVIC_Configuration  song_nvic.o
    0x080031b4   0x00000070   Code   RO         2247    i.NVIC_Init         misc.o
    0x08003224   0x00000014   Code   RO         2248    i.NVIC_PriorityGroupConfig  misc.o
    0x08003238   0x00000002   Code   RO         4505    i.OSTaskSwHook      os_cpu_c.o
    0x0800323a   0x00000002   PAD
    0x0800323c   0x00000020   Code   RO         1320    i.RCC_AHBPeriphClockCmd  stm32f10x_rcc.o
    0x0800325c   0x00000020   Code   RO         1323    i.RCC_APB2PeriphClockCmd  stm32f10x_rcc.o
    0x0800327c   0x00000228   Code   RO          484    i.Read_2046         song_touch.o
    0x080034a4   0x00000134   Code   RO          485    i.Read_2046_2       song_touch.o
    0x080035d8   0x00000040   Code   RO          146    i.SDelayInit        song_io.o
    0x08003618   0x0000003c   Code   RO          147    i.SDelayMs          song_io.o
    0x08003654   0x00000008   Code   RO         3776    i.SetSysClock       system_stm32f10x.o
    0x0800365c   0x000000e0   Code   RO         3777    i.SetSysClockTo72   system_stm32f10x.o
    0x0800373c   0x00000060   Code   RO         3779    i.SystemInit        system_stm32f10x.o
    0x0800379c   0x0000004c   Code   RO          227    i.TP_INT_GPIO_Config  song_gpio_spi.o
    0x080037e8   0x00000026   Code   RO          228    i.TP_INT_NVIC_Config  song_gpio_spi.o
    0x0800380e   0x00000002   PAD
    0x08003810   0x0000034c   Code   RO          486    i.Touch_Calibrate   song_touch.o
    0x08003b5c   0x00000026   Code   RO          487    i.Touch_GetAdXY     song_touch.o
    0x08003b82   0x00000008   Code   RO          488    i.Touch_Init        song_touch.o
    0x08003b8a   0x00000002   PAD
    0x08003b8c   0x00000088   Code   RO          746    i.USART1_IRQHandler  song_usart.o
    0x08003c14   0x00000054   Code   RO         2075    i.USART_GetITStatus  stm32f10x_usart.o
    0x08003c68   0x0000000a   Code   RO         2085    i.USART_ReceiveData  stm32f10x_usart.o
    0x08003c72   0x00000010   Code   RO          489    i.XPT2046_ReadAdc   song_touch.o
    0x08003c82   0x00000002   PAD
    0x08003c84   0x0000005c   Code   RO          490    i.XPT2046_ReadCMD   song_touch.o
    0x08003ce0   0x00000064   Code   RO          491    i.XPT2046_WriteCMD  song_touch.o
    0x08003d44   0x00000026   Code   RO         4721    i.__ARM_fpclassifyf  m_ws.l(fpclassifyf.o)
    0x08003d6a   0x0000000a   Code   RO         4723    i.__mathlib_flt_divzero  m_ws.l(funder.o)
    0x08003d74   0x00000004   Code   RO         4725    i.__mathlib_flt_infnan2  m_ws.l(funder.o)
    0x08003d78   0x00000008   Code   RO         4726    i.__mathlib_flt_invalid  m_ws.l(funder.o)
    0x08003d80   0x0000000a   Code   RO         4727    i.__mathlib_flt_overflow  m_ws.l(funder.o)
    0x08003d8a   0x0000000a   Code   RO         4729    i.__mathlib_flt_underflow  m_ws.l(funder.o)
    0x08003d94   0x00000006   Code   RO          747    i._sys_exit         song_usart.o
    0x08003d9a   0x00000014   Code   RO          124    i.alientek_ncr_memset  atk_ncr.o
    0x08003dae   0x00000002   PAD
    0x08003db0   0x00000578   Code   RO            1    i.main              main.o
    0x08004328   0x00000014   Code   RO          125    i.mymemset          atk_ncr.o
    0x0800433c   0x00000620   Code   RO         4688    i.powf              m_ws.l(powf.o)
    0x0800495c   0x00000150   Code   RO         4635    x$fpl$dadd          fz_ws.l(daddsub_clz.o)
    0x08004aac   0x00000018   Code   RO         4704    x$fpl$dcmpinf       fz_ws.l(dcmpi.o)
    0x08004ac4   0x000002b0   Code   RO         4642    x$fpl$ddiv          fz_ws.l(ddiv.o)
    0x08004d74   0x00000078   Code   RO         4645    x$fpl$deqf          fz_ws.l(deqf.o)
    0x08004dec   0x0000005a   Code   RO         4647    x$fpl$dfixu         fz_ws.l(dfixu.o)
    0x08004e46   0x0000002e   Code   RO         4652    x$fpl$dflt          fz_ws.l(dflt_clz.o)
    0x08004e74   0x00000026   Code   RO         4651    x$fpl$dfltu         fz_ws.l(dflt_clz.o)
    0x08004e9a   0x00000002   PAD
    0x08004e9c   0x00000078   Code   RO         4657    x$fpl$dleqf         fz_ws.l(dleqf.o)
    0x08004f14   0x00000154   Code   RO         4659    x$fpl$dmul          fz_ws.l(dmul.o)
    0x08005068   0x0000009c   Code   RO         4706    x$fpl$dnaninf       fz_ws.l(dnaninf.o)
    0x08005104   0x0000000c   Code   RO         4708    x$fpl$dretinf       fz_ws.l(dretinf.o)
    0x08005110   0x000001d4   Code   RO         4637    x$fpl$dsub          fz_ws.l(daddsub_clz.o)
    0x080052e4   0x00000056   Code   RO         4661    x$fpl$f2d           fz_ws.l(f2d.o)
    0x0800533a   0x00000002   PAD
    0x0800533c   0x000000c4   Code   RO         4663    x$fpl$fadd          fz_ws.l(faddsub_clz.o)
    0x08005400   0x0000000c   Code   RO         4757    x$fpl$fcheck1       fz_ws.l(fcheck1.o)
    0x0800540c   0x00000018   Code   RO         4710    x$fpl$fcmpinf       fz_ws.l(fcmpi.o)
    0x08005424   0x00000184   Code   RO         4670    x$fpl$fdiv          fz_ws.l(fdiv.o)
    0x080055a8   0x00000036   Code   RO         4673    x$fpl$ffix          fz_ws.l(ffix.o)
    0x080055de   0x00000002   PAD
    0x080055e0   0x00000052   Code   RO         4674    x$fpl$ffixr         fz_ws.l(ffix.o)
    0x08005632   0x00000002   PAD
    0x08005634   0x00000030   Code   RO         4678    x$fpl$fflt          fz_ws.l(fflt_clz.o)
    0x08005664   0x00000068   Code   RO         4683    x$fpl$fleqf         fz_ws.l(fleqf.o)
    0x080056cc   0x00000102   Code   RO         4685    x$fpl$fmul          fz_ws.l(fmul.o)
    0x080057ce   0x0000008c   Code   RO         4712    x$fpl$fnaninf       fz_ws.l(fnaninf.o)
    0x0800585a   0x0000000a   Code   RO         4714    x$fpl$fretinf       fz_ws.l(fretinf.o)
    0x08005864   0x00000014   Code   RO         4664    x$fpl$frsb          fz_ws.l(faddsub_clz.o)
    0x08005878   0x000000ea   Code   RO         4665    x$fpl$fsub          fz_ws.l(faddsub_clz.o)
    0x08005962   0x00000064   Code   RO         4772    x$fpl$retnan        fz_ws.l(retnan.o)
    0x080059c6   0x0000004c   Code   RO         4718    x$fpl$scalbnf       fz_ws.l(scalbnf.o)
    0x08005a12   0x00000030   Code   RO         4821    x$fpl$trapveneer    fz_ws.l(trapv.o)
    0x08005a42   0x00000000   Code   RO         4720    x$fpl$usenofp       fz_ws.l(usenofp.o)
    0x08005a42   0x00000474   Data   RO          599    .constdata          song_user_lcd.o
    0x08005eb6   0x00000002   PAD
    0x08005eb8   0x0000848e   Data   RO         4580    .constdata          ATKNCR_N_V2.0.lib(recognition.o)
    0x0800e346   0x00000002   PAD
    0x0800e348   0x00000140   Data   RO         4689    .constdata          m_ws.l(powf.o)
    0x0800e488   0x00000020   Data   RO         4896    Region$$Table       anon$$obj.o


    Execution Region RW_IRAM1 (Base: 0x20000000, Size: 0x00002770, Max: 0x00010000, ABSOLUTE, COMPRESSED[0x000003ac])

    Base Addr    Size         Type   Attr      Idx    E Section Name        Object

    0x20000000   0x00000283   Data   RW            3    .data               main.o
    0x20000283   0x00000001   PAD
    0x20000284   0x00000004   Data   RW          152    .data               song_io.o
    0x20000288   0x00000001   Data   RW          229    .data               song_gpio_spi.o
    0x20000289   0x00000007   PAD
    0x20000290   0x00000088   Data   RW          493    .data               song_touch.o
    0x20000318   0x00000482   Data   RW          600    .data               song_user_lcd.o
    0x2000079a   0x00000002   PAD
    0x2000079c   0x00000006   Data   RW          750    .data               song_usart.o
    0x200007a2   0x00000002   PAD
    0x200007a4   0x00000048   Data   RW         3859    .data               os_core.o
    0x200007ec   0x00000320   Zero   RW            2    .bss                main.o
    0x20000b0c   0x00000004   PAD
    0x20000b10   0x00000048   Zero   RW          492    .bss                song_touch.o
    0x20000b58   0x000000c8   Zero   RW          749    .bss                song_usart.o
    0x20000c20   0x000014f0   Zero   RW         4579    .bss                ATKNCR_N_V2.0.lib(recognition.o)
    0x20002110   0x00000060   Zero   RW         4760    .bss                c_w.l(libspace.o)
    0x20002170   0x00000200   Zero   RW         3822    HEAP                startup_stm32f10x_hd.o
    0x20002370   0x00000400   Zero   RW         3821    STACK               startup_stm32f10x_hd.o


==============================================================================

Image component sizes


      Code (inc. data)   RO Data    RW Data    ZI Data      Debug   Object Name

        40          0          0          0          0       1397   atk_ncr.o
         0          0          0          0          0         32   core_cm3.o
      1400         34          0        643        800     236442   main.o
       132         22          0          0          0       1543   misc.o
         0          0          0         72          0       8765   os_core.o
       180         36          0          0          0        296   os_cpu_a.o
         2          0          0          0          0        391   os_cpu_c.o
       270         18          0          1          0       2102   song_gpio_spi.o
       124         12          0          4          0       1076   song_io.o
        56          6          0          0          0        864   song_nvic.o
      2646        144          0        136         72      10215   song_touch.o
       142         14          0          6        200       2744   song_usart.o
      2970        134       1140       1154          0      12945   song_user_lcd.o
        64         26        304          0       1536        868   startup_stm32f10x_hd.o
       200         18          0          0          0       2116   stm32f10x_exti.o
       282          6          0          0          0       1821   stm32f10x_fsmc.o
       368          4          0          0          0       4282   stm32f10x_gpio.o
        64         12          0          0          0       1137   stm32f10x_rcc.o
        94          0          0          0          0       2744   stm32f10x_usart.o
       328         28          0          0          0       2069   system_stm32f10x.o

    ----------------------------------------------------------------------
      9376        514       1478       2028       2612     293849   Object Totals
         0          0         32          0          0          0   (incl. Generated)
        14          0          2         12          4          0   (incl. Padding)

    ----------------------------------------------------------------------

      Code (inc. data)   RO Data    RW Data    ZI Data      Debug   Library Member Name

      6774        118      33934          0       5360      12935   recognition.o
        90          0          0          0          0          0   __dczerorl2.o
         8          0          0          0          0         68   __main.o
         0          0          0          0          0          0   __rtentry.o
        12          0          0          0          0          0   __rtentry2.o
         6          0          0          0          0          0   __rtentry4.o
        52          8          0          0          0          0   __scatter.o
        28          0          0          0          0          0   __scatter_zi.o
        22          0          0          0          0        100   _rserrno.o
        18          0          0          0          0         80   exit.o
         6          0          0          0          0        152   heapauxi.o
         2          0          0          0          0          0   libinit.o
         2          0          0          0          0          0   libinit2.o
         2          0          0          0          0          0   libshutdown.o
         2          0          0          0          0          0   libshutdown2.o
         8          4          0          0         96         68   libspace.o
         8          4          0          0          0         68   rt_errno_addr_intlibspace.o
        78          0          0          0          0         80   rt_memclr_w.o
       138          0          0          0          0         68   rt_memcpy_v6.o
       100          0          0          0          0         80   rt_memcpy_w.o
         2          0          0          0          0          0   rtexit.o
        10          0          0          0          0          0   rtexit2.o
        74          0          0          0          0         80   sys_stackheap_outer.o
         2          0          0          0          0         68   use_no_semi.o
         2          0          0          0          0         68   use_no_semi_2.o
       804         16          0          0          0        272   daddsub_clz.o
        24          0          0          0          0         68   dcmpi.o
       688        140          0          0          0        208   ddiv.o
       120          4          0          0          0         92   deqf.o
        90          4          0          0          0         92   dfixu.o
        84          0          0          0          0        136   dflt_clz.o
       120          4          0          0          0         92   dleqf.o
       340         12          0          0          0        104   dmul.o
       156          4          0          0          0         92   dnaninf.o
        12          0          0          0          0         68   dretinf.o
        86          4          0          0          0         84   f2d.o
       450          8          0          0          0        236   faddsub_clz.o
        12          4          0          0          0         68   fcheck1.o
        24          0          0          0          0         68   fcmpi.o
       388         76          0          0          0         96   fdiv.o
       136          8          0          0          0        168   ffix.o
        48          0          0          0          0         68   fflt_clz.o
       104          4          0          0          0         84   fleqf.o
       258          4          0          0          0         84   fmul.o
       140          4          0          0          0         84   fnaninf.o
        10          0          0          0          0         68   fretinf.o
       100          0          0          0          0         68   retnan.o
        76          0          0          0          0         68   scalbnf.o
        48          0          0          0          0         68   trapv.o
         0          0          0          0          0          0   usenofp.o
        38          0          0          0          0         68   fpclassifyf.o
        42          0          0          0          0        340   funder.o
      1568         80        320          0          0        224   powf.o

    ----------------------------------------------------------------------
     13426        510      34256          0       5456      17083   Library Totals
        14          0          2          0          0          0   (incl. Padding)

    ----------------------------------------------------------------------

      Code (inc. data)   RO Data    RW Data    ZI Data      Debug   Library Name

      6774        118      33934          0       5360      12935   ATKNCR_N_V2.0.lib
       672         16          0          0         96        980   c_w.l
      4318        296          0          0          0       2536   fz_ws.l
      1648         80        320          0          0        632   m_ws.l

    ----------------------------------------------------------------------
     13426        510      34256          0       5456      17083   Library Totals

    ----------------------------------------------------------------------

==============================================================================


      Code (inc. data)   RO Data    RW Data    ZI Data      Debug   

     22802       1024      35734       2028       8068     305676   Grand Totals
     22802       1024      35734        940       8068     305676   ELF Image Totals (compressed)
     22802       1024      35734        940          0          0   ROM Totals

==============================================================================

    Total RO  Size (Code + RO Data)                58536 (  57.16kB)
    Total RW  Size (RW Data + ZI Data)             10096 (   9.86kB)
    Total ROM Size (Code + RO Data + RW Data)      59476 (  58.08kB)

==============================================================================

