Component: ARM Compiler 5.05 update 1 (build 106) Tool: armlink [4d0efa]

==============================================================================

Section Cross References

    main.o(i.main) refers to system_stm32f10x.o(i.SystemInit) for SystemInit
    main.o(i.main) refers to song_io.o(i.SDelayInit) for SDelayInit
    main.o(i.main) refers to song_nvic.o(i.NVIC_Configuration) for NVIC_Configuration
    main.o(i.main) refers to song_user_lcd.o(i.Lcd_GramScan) for Lcd_GramScan
    main.o(i.main) refers to song_user_lcd.o(i.LCD_Clear) for LCD_Clear
    main.o(i.main) refers to song_touch.o(i.Touch_Init) for Touch_Init
    main.o(i.main) refers to song_touch.o(i.Touch_Calibrate) for Touch_Calibrate
    main.o(i.main) refers to song_touch.o(i.Read_2046_2) for Read_2046_2
    main.o(i.main) refers to song_touch.o(i.Get_touch_point) for Get_touch_point
    main.o(i.main) refers to song_user_lcd.o(i.LCD_SetPoint) for LCD_SetPoint
    main.o(i.main) refers to song_gpio_spi.o(.data) for touch_flag
    main.o(i.main) refers to song_touch.o(.bss) for touch_para
    main.o(i.main) refers to song_touch.o(.data) for display
    song_io.o(i.SDelayInit) refers to song_io.o(.data) for fac_us
    song_io.o(i.SDelayMs) refers to song_io.o(.data) for fac_ms
    song_io.o(i.SDelayUs) refers to song_io.o(.data) for fac_us
    song_io.o(i.STestIOInit) refers to stm32f10x_rcc.o(i.RCC_APB2PeriphClockCmd) for RCC_APB2PeriphClockCmd
    song_io.o(i.STestIOInit) refers to stm32f10x_gpio.o(i.GPIO_Init) for GPIO_Init
    song_nvic.o(i.EXTI0_IRQHandler) refers to stm32f10x_exti.o(i.EXTI_ClearITPendingBit) for EXTI_ClearITPendingBit
    song_nvic.o(i.NVIC_Configuration) refers to misc.o(i.NVIC_PriorityGroupConfig) for NVIC_PriorityGroupConfig
    song_nvic.o(i.SongExitInit) refers to stm32f10x_rcc.o(i.RCC_APB2PeriphClockCmd) for RCC_APB2PeriphClockCmd
    song_nvic.o(i.SongExitInit) refers to stm32f10x_gpio.o(i.GPIO_EXTILineConfig) for GPIO_EXTILineConfig
    song_nvic.o(i.SongExitInit) refers to stm32f10x_gpio.o(i.GPIO_Init) for GPIO_Init
    song_nvic.o(i.SongExitInit) refers to misc.o(i.NVIC_Init) for NVIC_Init
    song_nvic.o(i.SongExitInit) refers to stm32f10x_exti.o(i.EXTI_Init) for EXTI_Init
    song_nvic.o(i.SongTimeExit) refers to stm32f10x_rcc.o(i.RCC_APB1PeriphClockCmd) for RCC_APB1PeriphClockCmd
    song_nvic.o(i.SongTimeExit) refers to stm32f10x_rcc.o(i.RCC_APB2PeriphClockCmd) for RCC_APB2PeriphClockCmd
    song_nvic.o(i.SongTimeExit) refers to stm32f10x_gpio.o(i.GPIO_Init) for GPIO_Init
    song_nvic.o(i.SongTimeExit) refers to stm32f10x_tim.o(i.TIM_TimeBaseInit) for TIM_TimeBaseInit
    song_nvic.o(i.SongTimeExit) refers to stm32f10x_tim.o(i.TIM_ITConfig) for TIM_ITConfig
    song_nvic.o(i.SongTimeExit) refers to misc.o(i.NVIC_Init) for NVIC_Init
    song_nvic.o(i.SongTimeExit) refers to stm32f10x_tim.o(i.TIM_Cmd) for TIM_Cmd
    song_nvic.o(i.TIM3_IRQHandler) refers to stm32f10x_tim.o(i.TIM_GetFlagStatus) for TIM_GetFlagStatus
    song_nvic.o(i.TIM3_IRQHandler) refers to stm32f10x_tim.o(i.TIM_ClearITPendingBit) for TIM_ClearITPendingBit
    song_nvic.o(i.TIM3_IRQHandler) refers to stm32f10x_gpio.o(i.GPIO_ReadInputDataBit) for GPIO_ReadInputDataBit
    song_nvic.o(i.TIM3_IRQHandler) refers to stm32f10x_gpio.o(i.GPIO_SetBits) for GPIO_SetBits
    song_nvic.o(i.TIM3_IRQHandler) refers to stm32f10x_gpio.o(i.GPIO_ResetBits) for GPIO_ResetBits
    song_user_lcd.o(i.LCD_Config) refers to song_user_lcd.o(i.LCD_GPIO_Config) for LCD_GPIO_Config
    song_user_lcd.o(i.LCD_Config) refers to song_user_lcd.o(i.LCD_FSMC_Config) for LCD_FSMC_Config
    song_user_lcd.o(i.LCD_Config) refers to song_user_lcd.o(i.LCD_Rst) for LCD_Rst
    song_user_lcd.o(i.LCD_Config) refers to song_user_lcd.o(i.LCD_REG_Config) for LCD_REG_Config
    song_user_lcd.o(i.LCD_DisNum) refers to song_user_lcd.o(i.LCD_DispChar) for LCD_DispChar
    song_user_lcd.o(i.LCD_DispChar) refers to song_user_lcd.o(i.LCD_OpenWindow) for LCD_OpenWindow
    song_user_lcd.o(i.LCD_DispChar) refers to song_user_lcd.o(.constdata) for asc2_1206
    song_user_lcd.o(i.LCD_DispStr) refers to song_user_lcd.o(i.LCD_DispChar) for LCD_DispChar
    song_user_lcd.o(i.LCD_FSMC_Config) refers to stm32f10x_fsmc.o(i.FSMC_NORSRAMInit) for FSMC_NORSRAMInit
    song_user_lcd.o(i.LCD_FSMC_Config) refers to stm32f10x_fsmc.o(i.FSMC_NORSRAMCmd) for FSMC_NORSRAMCmd
    song_user_lcd.o(i.LCD_GPIO_Config) refers to stm32f10x_rcc.o(i.RCC_AHBPeriphClockCmd) for RCC_AHBPeriphClockCmd
    song_user_lcd.o(i.LCD_GPIO_Config) refers to stm32f10x_rcc.o(i.RCC_APB2PeriphClockCmd) for RCC_APB2PeriphClockCmd
    song_user_lcd.o(i.LCD_GPIO_Config) refers to stm32f10x_gpio.o(i.GPIO_Init) for GPIO_Init
    song_user_lcd.o(i.LCD_GPIO_Config) refers to stm32f10x_gpio.o(i.GPIO_ResetBits) for GPIO_ResetBits
    song_user_lcd.o(i.LCD_REG_Config) refers to song_user_lcd.o(i.Lcd_Delay) for Lcd_Delay
[...]
    ../clib/signal.c                         0x00000000   Number         0  defsig_cppl_inner.o ABSOLUTE
    ../clib/signal.c                         0x00000000   Number         0  defsig_pvfn_inner.o ABSOLUTE
    ../clib/signal.c                         0x00000000   Number         0  defsig_stak_inner.o ABSOLUTE
    ../clib/signal.c                         0x00000000   Number         0  defsig_rtred_inner.o ABSOLUTE
    ../clib/signal.c                         0x00000000   Number         0  defsig_fpe_inner.o ABSOLUTE
    ../clib/signal.c                         0x00000000   Number         0  defsig_abrt_inner.o ABSOLUTE
    ../clib/signal.s                         0x00000000   Number         0  defsig.o ABSOLUTE
    ../clib/stdlib.c                         0x00000000   Number         0  exit.o ABSOLUTE
    ../clib/string.c                         0x00000000   Number         0  memcmp.o ABSOLUTE
    ../clib/string.c                         0x00000000   Number         0  strcpy.o ABSOLUTE
    ../clib/string.c                         0x00000000   Number         0  strlen.o ABSOLUTE
    ../fplib/d2f.s                           0x00000000   Number         0  d2f.o ABSOLUTE
    ../fplib/daddsub.s                       0x00000000   Number         0  daddsub_clz.o ABSOLUTE
    ../fplib/dcheck1.s                       0x00000000   Number         0  dcheck1.o ABSOLUTE
    ../fplib/dcmpi.s                         0x00000000   Number         0  dcmpi.o ABSOLUTE
    ../fplib/ddiv.s                          0x00000000   Number         0  ddiv.o ABSOLUTE
    ../fplib/deqf.s                          0x00000000   Number         0  deqf.o ABSOLUTE
    ../fplib/dfix.s                          0x00000000   Number         0  dfix.o ABSOLUTE
    ../fplib/dfixu.s                         0x00000000   Number         0  dfixu.o ABSOLUTE
    ../fplib/dflt.s                          0x00000000   Number         0  dflt_clz.o ABSOLUTE
    ../fplib/dleqf.s                         0x00000000   Number         0  dleqf.o ABSOLUTE
    ../fplib/dmul.s                          0x00000000   Number         0  dmul.o ABSOLUTE
    ../fplib/dnaninf.s                       0x00000000   Number         0  dnaninf.o ABSOLUTE
    ../fplib/dretinf.s                       0x00000000   Number         0  dretinf.o ABSOLUTE
    ../fplib/drleqf.s                        0x00000000   Number         0  drleqf.o ABSOLUTE
    ../fplib/dsqrt.s                         0x00000000   Number         0  dsqrt_noumaal.o ABSOLUTE
    ../fplib/f2d.s                           0x00000000   Number         0  f2d.o ABSOLUTE
    ../fplib/faddsub.s                       0x00000000   Number         0  faddsub_clz.o ABSOLUTE
    ../fplib/fcmpi.s                         0x00000000   Number         0  fcmpi.o ABSOLUTE
    ../fplib/fdiv.s                          0x00000000   Number         0  fdiv.o ABSOLUTE
    ../fplib/feqf.s                          0x00000000   Number         0  feqf.o ABSOLUTE
    ../fplib/ffix.s                          0x00000000   Number         0  ffix.o ABSOLUTE
    ../fplib/ffixu.s                         0x00000000   Number         0  ffixu.o ABSOLUTE
    ../fplib/fflt.s                          0x00000000   Number         0  fflt_clz.o ABSOLUTE
    ../fplib/fleqf.s                         0x00000000   Number         0  fleqf.o ABSOLUTE
    ../fplib/fmul.s                          0x00000000   Number         0  fmul.o ABSOLUTE
    ../fplib/fnaninf.s                       0x00000000   Number         0  fnaninf.o ABSOLUTE
    ../fplib/fpinit.s                        0x00000000   Number         0  fpinit.o ABSOLUTE
    ../fplib/fretinf.s                       0x00000000   Number         0  fretinf.o ABSOLUTE
    ../fplib/frleqf.s                        0x00000000   Number         0  frleqf.o ABSOLUTE
    ../fplib/retnan.s                        0x00000000   Number         0  retnan.o ABSOLUTE
    ../fplib/scalbn.s                        0x00000000   Number         0  scalbn.o ABSOLUTE
    ../fplib/trapv.s                         0x00000000   Number         0  trapv.o ABSOLUTE
    ../fplib/usenofp.s                       0x00000000   Number         0  usenofp.o ABSOLUTE
    ../mathlib/ceil.c                        0x00000000   Number         0  ceil.o ABSOLUTE
    ../mathlib/cos.c                         0x00000000   Number         0  cos_x.o ABSOLUTE
    ../mathlib/cos.c                         0x00000000   Number         0  cos.o ABSOLUTE
    ../mathlib/cos_i.c                       0x00000000   Number         0  cos_i.o ABSOLUTE
    ../mathlib/dunder.c                      0x00000000   Number         0  dunder.o ABSOLUTE
    ../mathlib/floor.c                       0x00000000   Number         0  floor.o ABSOLUTE
    ../mathlib/fpclassify.c                  0x00000000   Number         0  fpclassify.o ABSOLUTE
    ../mathlib/poly.c                        0x00000000   Number         0  poly.o ABSOLUTE
    ../mathlib/rred.c                        0x00000000   Number         0  rred.o ABSOLUTE
    ../mathlib/sin.c                         0x00000000   Number         0  sin_x.o ABSOLUTE
    ../mathlib/sin.c                         0x00000000   Number         0  sin.o ABSOLUTE
    ../mathlib/sin_i.c                       0x00000000   Number         0  sin_i.o ABSOLUTE
    ../mathlib/sin_i.c                       0x00000000   Number         0  sin_i_x.o ABSOLUTE
    ../mathlib/sqrt.c                        0x00000000   Number         0  sqrt_x.o ABSOLUTE
    ../mathlib/sqrt.c                        0x00000000   Number         0  sqrt.o ABSOLUTE
    ..\GUI\Config\GUI_X\GUI_X.c              0x00000000   Number         0  gui_x.o ABSOLUTE
    ..\GUI\Config\GUI_X\GUI_X_Touch.c        0x00000000   Number         0  gui_x_touch.o ABSOLUTE
    ..\GUI\ConvertColor\LCDP111.c            0x00000000   Number         0  lcdp111.o ABSOLUTE
    ..\GUI\ConvertColor\LCDP222.c            0x00000000   Number         0  lcdp222.o ABSOLUTE
    ..\GUI\ConvertColor\LCDP233.c            0x00000000   Number         0  lcdp233.o ABSOLUTE
    ..\GUI\ConvertColor\LCDP323.c            0x00000000   Number         0  lcdp323.o ABSOLUTE
    ..\GUI\ConvertColor\LCDP332.c            0x00000000   Number         0  lcdp332.o ABSOLUTE
    ..\GUI\ConvertColor\LCDP444_12.c         0x00000000   Number         0  lcdp444_12.o ABSOLUTE
    ..\GUI\ConvertColor\LCDP444_12_1.c       0x00000000   Number         0  lcdp444_12_1.o ABSOLUTE
    ..\GUI\ConvertColor\LCDP444_16.c         0x00000000   Number         0  lcdp444_16.o ABSOLUTE
    ..\GUI\ConvertColor\LCDP555.c            0x00000000   Number         0  lcdp555.o ABSOLUTE
    ..\GUI\ConvertColor\LCDP556.c            0x00000000   Number         0  lcdp556.o ABSOLUTE
    ..\GUI\ConvertColor\LCDP565.c            0x00000000   Number         0  lcdp565.o ABSOLUTE
    ..\GUI\ConvertColor\LCDP655.c            0x00000000   Number         0  lcdp655.o ABSOLUTE
    ..\GUI\ConvertColor\LCDP8666.c           0x00000000   Number         0  lcdp8666.o ABSOLUTE
    ..\GUI\ConvertColor\LCDP8666_1.c         0x00000000   Number         0  lcdp8666_1.o ABSOLUTE
    ..\GUI\ConvertColor\LCDPM233.c           0x00000000   Number         0  lcdpm233.o ABSOLUTE
    ..\GUI\ConvertColor\LCDPM323.c           0x00000000   Number         0  lcdpm323.o ABSOLUTE
    ..\GUI\ConvertColor\LCDPM332.c           0x00000000   Number         0  lcdpm332.o ABSOLUTE
    ..\GUI\ConvertColor\LCDPM444_12.c        0x00000000   Number         0  lcdpm444_12.o ABSOLUTE
    ..\GUI\ConvertColor\LCDPM444_16.c        0x00000000   Number         0  lcdpm444_16.o ABSOLUTE
    ..\GUI\ConvertColor\LCDPM555.c           0x00000000   Number         0  lcdpm555.o ABSOLUTE
    ..\GUI\ConvertColor\LCDPM556.c           0x00000000   Number         0  lcdpm556.o ABSOLUTE
    ..\GUI\ConvertColor\LCDPM565.c           0x00000000   Number         0  lcdpm565.o ABSOLUTE
    ..\GUI\ConvertColor\LCDPM655.c           0x00000000   Number         0  lcdpm655.o ABSOLUTE
    ..\GUI\ConvertMono\LCDP0.c               0x00000000   Number         0  lcdp0.o ABSOLUTE
    ..\GUI\ConvertMono\LCDP2.c               0x00000000   Number         0  lcdp2.o ABSOLUTE
    ..\GUI\ConvertMono\LCDP4.c               0x00000000   Number         0  lcdp4.o ABSOLUTE
    ..\GUI\Core\GUI2DLib.c                   0x00000000   Number         0  gui2dlib.o ABSOLUTE
    ..\GUI\Core\GUIAlloc.c                   0x00000000   Number         0  guialloc.o ABSOLUTE
    ..\GUI\Core\GUIArc.c                     0x00000000   Number         0  guiarc.o ABSOLUTE
    ..\GUI\Core\GUIChar.c                    0x00000000   Number         0  guichar.o ABSOLUTE
    ..\GUI\Core\GUICharLine.c                0x00000000   Number         0  guicharline.o ABSOLUTE
    ..\GUI\Core\GUICharM.c                   0x00000000   Number         0  guicharm.o ABSOLUTE
    ..\GUI\Core\GUICharP.c                   0x00000000   Number         0  guicharp.o ABSOLUTE
    ..\GUI\Core\GUICirc.c                    0x00000000   Number         0  guicirc.o ABSOLUTE
    ..\GUI\Core\GUIColor2Index.c             0x00000000   Number         0  guicolor2index.o ABSOLUTE
    ..\GUI\Core\GUICore.c                    0x00000000   Number         0  guicore.o ABSOLUTE
    ..\GUI\Core\GUICurs.c                    0x00000000   Number         0  guicurs.o ABSOLUTE
    ..\GUI\Core\GUIEncJS.c                   0x00000000   Number         0  guiencjs.o ABSOLUTE
    ..\GUI\Core\GUIIndex2Color.c             0x00000000   Number         0  guiindex2color.o ABSOLUTE
    ..\GUI\Core\GUIPolyE.c                   0x00000000   Number         0  guipolye.o ABSOLUTE
    ..\GUI\Core\GUIPolyM.c                   0x00000000   Number         0  guipolym.o ABSOLUTE
    ..\GUI\Core\GUIPolyR.c                   0x00000000   Number         0  guipolyr.o ABSOLUTE
    ..\GUI\Core\GUIRealloc.c                 0x00000000   Number         0  guirealloc.o ABSOLUTE
    ..\GUI\Core\GUIStream.c                  0x00000000   Number         0  guistream.o ABSOLUTE
    ..\GUI\Core\GUITask.c                    0x00000000   Number         0  guitask.o ABSOLUTE
    ..\GUI\Core\GUITime.c                    0x00000000   Number         0  guitime.o ABSOLUTE
    ..\GUI\Core\GUITimer.c                   0x00000000   Number         0  guitimer.o ABSOLUTE
    ..\GUI\Core\GUIUC0.c                     0x00000000   Number         0  guiuc0.o ABSOLUTE
    ..\GUI\Core\GUIVal.c                     0x00000000   Number         0  guival.o ABSOLUTE
    ..\GUI\Core\GUIValf.c                    0x00000000   Number         0  guivalf.o ABSOLUTE
    ..\GUI\Core\GUI_ALLOC_AllocInit.c        0x00000000   Number         0  gui_alloc_allocinit.o ABSOLUTE
    ..\GUI\Core\GUI_ALLOC_AllocZero.c        0x00000000   Number         0  gui_alloc_alloczero.o ABSOLUTE
    ..\GUI\Core\GUI_AddBin.c                 0x00000000   Number         0  gui_addbin.o ABSOLUTE
    ..\GUI\Core\GUI_AddDec.c                 0x00000000   Number         0  gui_adddec.o ABSOLUTE
    ..\GUI\Core\GUI_AddDecMin.c              0x00000000   Number         0  gui_adddecmin.o ABSOLUTE
    ..\GUI\Core\GUI_AddDecShift.c            0x00000000   Number         0  gui_adddecshift.o ABSOLUTE
    ..\GUI\Core\GUI_AddHex.c                 0x00000000   Number         0  gui_addhex.o ABSOLUTE
    ..\GUI\Core\GUI_AddKeyMsgHook.c          0x00000000   Number         0  gui_addkeymsghook.o ABSOLUTE
    ..\GUI\Core\GUI_BMP.c                    0x00000000   Number         0  gui_bmp.o ABSOLUTE
    ..\GUI\Core\GUI_BMP_Serialize.c          0x00000000   Number         0  gui_bmp_serialize.o ABSOLUTE
    ..\GUI\Core\GUI_CalcColorDist.c          0x00000000   Number         0  gui_calccolordist.o ABSOLUTE
    ..\GUI\Core\GUI_ClearRectEx.c            0x00000000   Number         0  gui_clearrectex.o ABSOLUTE
    ..\GUI\Core\GUI_Color2VisColor.c         0x00000000   Number         0  gui_color2viscolor.o ABSOLUTE
    ..\GUI\Core\GUI_CursorArrowL.c           0x00000000   Number         0  gui_cursorarrowl.o ABSOLUTE
    ..\GUI\Core\GUI_CursorArrowLI.c          0x00000000   Number         0  gui_cursorarrowli.o ABSOLUTE
    ..\GUI\Core\GUI_CursorArrowLPx.c         0x00000000   Number         0  gui_cursorarrowlpx.o ABSOLUTE
    ..\GUI\Core\GUI_CursorArrowM.c           0x00000000   Number         0  gui_cursorarrowm.o ABSOLUTE
    ..\GUI\Core\GUI_CursorArrowMI.c          0x00000000   Number         0  gui_cursorarrowmi.o ABSOLUTE
    ..\GUI\Core\GUI_CursorArrowMPx.c         0x00000000   Number         0  gui_cursorarrowmpx.o ABSOLUTE
    ..\GUI\Core\GUI_CursorArrowS.c           0x00000000   Number         0  gui_cursorarrows.o ABSOLUTE
    ..\GUI\Core\GUI_CursorArrowSI.c          0x00000000   Number         0  gui_cursorarrowsi.o ABSOLUTE
    ..\GUI\Core\GUI_CursorArrowSPx.c         0x00000000   Number         0  gui_cursorarrowspx.o ABSOLUTE
    ..\GUI\Core\GUI_CursorCrossL.c           0x00000000   Number         0  gui_cursorcrossl.o ABSOLUTE
    ..\GUI\Core\GUI_CursorCrossLI.c          0x00000000   Number         0  gui_cursorcrossli.o ABSOLUTE
    ..\GUI\Core\GUI_CursorCrossLPx.c         0x00000000   Number         0  gui_cursorcrosslpx.o ABSOLUTE
    ..\GUI\Core\GUI_CursorCrossM.c           0x00000000   Number         0  gui_cursorcrossm.o ABSOLUTE
    ..\GUI\Core\GUI_CursorCrossMI.c          0x00000000   Number         0  gui_cursorcrossmi.o ABSOLUTE
    ..\GUI\Core\GUI_CursorCrossMPx.c         0x00000000   Number         0  gui_cursorcrossmpx.o ABSOLUTE
    ..\GUI\Core\GUI_CursorCrossS.c           0x00000000   Number         0  gui_cursorcrosss.o ABSOLUTE
    ..\GUI\Core\GUI_CursorCrossSI.c          0x00000000   Number         0  gui_cursorcrosssi.o ABSOLUTE
    ..\GUI\Core\GUI_CursorCrossSPx.c         0x00000000   Number         0  gui_cursorcrossspx.o ABSOLUTE
    ..\GUI\Core\GUI_CursorHeaderM.c          0x00000000   Number         0  gui_cursorheaderm.o ABSOLUTE
    ..\GUI\Core\GUI_CursorHeaderMI.c         0x00000000   Number         0  gui_cursorheadermi.o ABSOLUTE
    ..\GUI\Core\GUI_CursorHeaderMPx.c        0x00000000   Number         0  gui_cursorheadermpx.o ABSOLUTE
    ..\GUI\Core\GUI_CursorPal.c              0x00000000   Number         0  gui_cursorpal.o ABSOLUTE
    ..\GUI\Core\GUI_CursorPalI.c             0x00000000   Number         0  gui_cursorpali.o ABSOLUTE
    ..\GUI\Core\GUI_DispBin.c                0x00000000   Number         0  gui_dispbin.o ABSOLUTE
    ..\GUI\Core\GUI_DispCEOL.c               0x00000000   Number         0  gui_dispceol.o ABSOLUTE
    ..\GUI\Core\GUI_DispChar.c               0x00000000   Number         0  gui_dispchar.o ABSOLUTE
    ..\GUI\Core\GUI_DispChars.c              0x00000000   Number         0  gui_dispchars.o ABSOLUTE
    ..\GUI\Core\GUI_DispHex.c                0x00000000   Number         0  gui_disphex.o ABSOLUTE
    ..\GUI\Core\GUI_DispString.c             0x00000000   Number         0  gui_dispstring.o ABSOLUTE
    ..\GUI\Core\GUI_DispStringAt.c           0x00000000   Number         0  gui_dispstringat.o ABSOLUTE
    ..\GUI\Core\GUI_DispStringAtCEOL.c       0x00000000   Number         0  gui_dispstringatceol.o ABSOLUTE
    ..\GUI\Core\GUI_DispStringHCenter.c      0x00000000   Number         0  gui_dispstringhcenter.o ABSOLUTE
    ..\GUI\Core\GUI_DispStringInRect.c       0x00000000   Number         0  gui_dispstringinrect.o ABSOLUTE
    ..\GUI\Core\GUI_DispStringInRectEx.c     0x00000000   Number         0  gui_dispstringinrectex.o ABSOLUTE
    ..\GUI\Core\GUI_DispStringInRectMax.c    0x00000000   Number         0  gui_dispstringinrectmax.o ABSOLUTE
    ..\GUI\Core\GUI_DispStringLen.c          0x00000000   Number         0  gui_dispstringlen.o ABSOLUTE
    ..\GUI\Core\GUI_DrawBitmap.c             0x00000000   Number         0  gui_drawbitmap.o ABSOLUTE
    ..\GUI\Core\GUI_DrawBitmapEx.c           0x00000000   Number         0  gui_drawbitmapex.o ABSOLUTE
    ..\GUI\Core\GUI_DrawBitmapExp.c          0x00000000   Number         0  gui_drawbitmapexp.o ABSOLUTE
    ..\GUI\Core\GUI_DrawBitmapMag.c          0x00000000   Number         0  gui_drawbitmapmag.o ABSOLUTE
    ..\GUI\Core\GUI_DrawFocusRect.c          0x00000000   Number         0  gui_drawfocusrect.o ABSOLUTE
    ..\GUI\Core\GUI_DrawGraph.c              0x00000000   Number         0  gui_drawgraph.o ABSOLUTE
    ..\GUI\Core\GUI_DrawHLine.c              0x00000000   Number         0  gui_drawhline.o ABSOLUTE
    ..\GUI\Core\GUI_DrawPie.c                0x00000000   Number         0  gui_drawpie.o ABSOLUTE
    ..\GUI\Core\GUI_DrawPixel.c              0x00000000   Number         0  gui_drawpixel.o ABSOLUTE
    ..\GUI\Core\GUI_DrawPolyline.c           0x00000000   Number         0  gui_drawpolyline.o ABSOLUTE
    ..\GUI\Core\GUI_DrawRectEx.c             0x00000000   Number         0  gui_drawrectex.o ABSOLUTE
    ..\GUI\Core\GUI_DrawVLine.c              0x00000000   Number         0  gui_drawvline.o ABSOLUTE
    ..\GUI\Core\GUI_ErrorOut.c               0x00000000   Number         0  gui_errorout.o ABSOLUTE
    ..\GUI\Core\GUI_Exec.c                   0x00000000   Number         0  gui_exec.o ABSOLUTE
    ..\GUI\Core\GUI_FillPolygon.c            0x00000000   Number         0  gui_fillpolygon.o ABSOLUTE
    ..\GUI\Core\GUI_FillRect.c               0x00000000   Number         0  gui_fillrect.o ABSOLUTE
    ..\GUI\Core\GUI_FillRectEx.c             0x00000000   Number         0  gui_fillrectex.o ABSOLUTE
    ..\GUI\Core\GUI_GetBitmapPixelColor.c    0x00000000   Number         0  gui_getbitmappixelcolor.o ABSOLUTE
    ..\GUI\Core\GUI_GetBitmapPixelIndex.c    0x00000000   Number         0  gui_getbitmappixelindex.o ABSOLUTE
    ..\GUI\Core\GUI_GetClientRect.c          0x00000000   Number         0  gui_getclientrect.o ABSOLUTE
    ..\GUI\Core\GUI_GetColor.c               0x00000000   Number         0  gui_getcolor.o ABSOLUTE
    ..\GUI\Core\GUI_GetDispPos.c             0x00000000   Number         0  gui_getdisppos.o ABSOLUTE
    ..\GUI\Core\GUI_GetFont.c                0x00000000   Number         0  gui_getfont.o ABSOLUTE
    ..\GUI\Core\GUI_GetFontInfo.c            0x00000000   Number         0  gui_getfontinfo.o ABSOLUTE
    ..\GUI\Core\GUI_GetFontSizeY.c           0x00000000   Number         0  gui_getfontsizey.o ABSOLUTE
    ..\GUI\Core\GUI_GetLineStyle.c           0x00000000   Number         0  gui_getlinestyle.o ABSOLUTE
    ..\GUI\Core\GUI_GetStringDistX.c         0x00000000   Number         0  gui_getstringdistx.o ABSOLUTE
    ..\GUI\Core\GUI_GetTextAlign.c           0x00000000   Number         0  gui_gettextalign.o ABSOLUTE
    ..\GUI\Core\GUI_GetTextExtend.c          0x00000000   Number         0  gui_gettextextend.o ABSOLUTE
    ..\GUI\Core\GUI_GetTextMode.c            0x00000000   Number         0  gui_gettextmode.o ABSOLUTE
    ..\GUI\Core\GUI_GetVersionString.c       0x00000000   Number         0  gui_getversionstring.o ABSOLUTE
    ..\GUI\Core\GUI_GetYSizeOfFont.c         0x00000000   Number         0  gui_getysizeoffont.o ABSOLUTE
    ..\GUI\Core\GUI_Goto.c                   0x00000000   Number         0  gui_goto.o ABSOLUTE
    ..\GUI\Core\GUI_InitLUT.c                0x00000000   Number         0  gui_initlut.o ABSOLUTE
    ..\GUI\Core\GUI_InvertRect.c             0x00000000   Number         0  gui_invertrect.o ABSOLUTE
    ..\GUI\Core\GUI_IsInFont.c               0x00000000   Number         0  gui_isinfont.o ABSOLUTE
    ..\GUI\Core\GUI_Log.c                    0x00000000   Number         0  gui_log.o ABSOLUTE
    ..\GUI\Core\GUI_MOUSE.c                  0x00000000   Number         0  gui_mouse.o ABSOLUTE
    ..\GUI\Core\GUI_MOUSE_DriverPS2.c        0x00000000   Number         0  gui_mouse_driverps2.o ABSOLUTE
    ..\GUI\Core\GUI_MergeRect.c              0x00000000   Number         0  gui_mergerect.o ABSOLUTE
    ..\GUI\Core\GUI_MoveRect.c               0x00000000   Number         0  gui_moverect.o ABSOLUTE
    ..\GUI\Core\GUI_OnKey.c                  0x00000000   Number         0  gui_onkey.o ABSOLUTE
    ..\GUI\Core\GUI_PID.c                    0x00000000   Number         0  gui_pid.o ABSOLUTE
    ..\GUI\Core\GUI_Pen.c                    0x00000000   Number         0  gui_pen.o ABSOLUTE
    ..\GUI\Core\GUI_RectsIntersect.c         0x00000000   Number         0  gui_rectsintersect.o ABSOLUTE
    ..\GUI\Core\GUI_SIF.c                    0x00000000   Number         0  gui_sif.o ABSOLUTE
    ..\GUI\Core\GUI_SIF_Prop.c               0x00000000   Number         0  gui_sif_prop.o ABSOLUTE
    ..\GUI\Core\GUI_SaveContext.c            0x00000000   Number         0  gui_savecontext.o ABSOLUTE
    ..\GUI\Core\GUI_SelectLCD.c              0x00000000   Number         0  gui_selectlcd.o ABSOLUTE
    ..\GUI\Core\GUI_SelectLayer.c            0x00000000   Number         0  gui_selectlayer.o ABSOLUTE
    ..\GUI\Core\GUI_SetColor.c               0x00000000   Number         0  gui_setcolor.o ABSOLUTE
    ..\GUI\Core\GUI_SetColorIndex.c          0x00000000   Number         0  gui_setcolorindex.o ABSOLUTE
    ..\GUI\Core\GUI_SetDecChar.c             0x00000000   Number         0  gui_setdecchar.o ABSOLUTE
    ..\GUI\Core\GUI_SetDefault.c             0x00000000   Number         0  gui_setdefault.o ABSOLUTE
    ..\GUI\Core\GUI_SetDrawMode.c            0x00000000   Number         0  gui_setdrawmode.o ABSOLUTE
    ..\GUI\Core\GUI_SetFont.c                0x00000000   Number         0  gui_setfont.o ABSOLUTE
    ..\GUI\Core\GUI_SetLBorder.c             0x00000000   Number         0  gui_setlborder.o ABSOLUTE
    ..\GUI\Core\GUI_SetLUTColor.c            0x00000000   Number         0  gui_setlutcolor.o ABSOLUTE
    ..\GUI\Core\GUI_SetLUTColorEx.c          0x00000000   Number         0  gui_setlutcolorex.o ABSOLUTE
    ..\GUI\Core\GUI_SetLUTEntry.c            0x00000000   Number         0  gui_setlutentry.o ABSOLUTE
    ..\GUI\Core\GUI_SetLineStyle.c           0x00000000   Number         0  gui_setlinestyle.o ABSOLUTE
    ..\GUI\Core\GUI_SetOrg.c                 0x00000000   Number         0  gui_setorg.o ABSOLUTE
    ..\GUI\Core\GUI_SetPixelIndex.c          0x00000000   Number         0  gui_setpixelindex.o ABSOLUTE
    ..\GUI\Core\GUI_SetTextAlign.c           0x00000000   Number         0  gui_settextalign.o ABSOLUTE
    ..\GUI\Core\GUI_SetTextMode.c            0x00000000   Number         0  gui_settextmode.o ABSOLUTE
    ..\GUI\Core\GUI_SetTextStyle.c           0x00000000   Number         0  gui_settextstyle.o ABSOLUTE
    ..\GUI\Core\GUI_TOUCH.c                  0x00000000   Number         0  gui_touch.o ABSOLUTE
    ..\GUI\Core\GUI_TOUCH_DriverAnalog.c     0x00000000   Number         0  gui_touch_driveranalog.o ABSOLUTE
    ..\GUI\Core\GUI_TOUCH_StoreState.c       0x00000000   Number         0  gui_touch_storestate.o ABSOLUTE
    ..\GUI\Core\GUI_TOUCH_StoreUnstable.c    0x00000000   Number         0  gui_touch_storeunstable.o ABSOLUTE
    ..\GUI\Core\GUI_UC.c                     0x00000000   Number         0  gui_uc.o ABSOLUTE
    ..\GUI\Core\GUI_UC_DispString.c          0x00000000   Number         0  gui_uc_dispstring.o ABSOLUTE
    ..\GUI\Core\GUI_UC_EncodeNone.c          0x00000000   Number         0  gui_uc_encodenone.o ABSOLUTE
    ..\GUI\Core\GUI_UC_EncodeUTF8.c          0x00000000   Number         0  gui_uc_encodeutf8.o ABSOLUTE
    ..\GUI\Core\GUI_WaitEvent.c              0x00000000   Number         0  gui_waitevent.o ABSOLUTE
    ..\GUI\Core\GUI_WaitKey.c                0x00000000   Number         0  gui_waitkey.o ABSOLUTE
    ..\GUI\Core\GUI_Warn.c                   0x00000000   Number         0  gui_warn.o ABSOLUTE
    ..\GUI\Core\GUI__AddSpaceHex.c           0x00000000   Number         0  gui__addspacehex.o ABSOLUTE
    ..\GUI\Core\GUI__CalcTextRect.c          0x00000000   Number         0  gui__calctextrect.o ABSOLUTE
    ..\GUI\Core\GUI__DivideRound.c           0x00000000   Number         0  gui__divideround.o ABSOLUTE
    ..\GUI\Core\GUI__DivideRound32.c         0x00000000   Number         0  gui__divideround32.o ABSOLUTE
    ..\GUI\Core\GUI__GetFontSizeY.c          0x00000000   Number         0  gui__getfontsizey.o ABSOLUTE
    ..\GUI\Core\GUI__GetNumChars.c           0x00000000   Number         0  gui__getnumchars.o ABSOLUTE
    ..\GUI\Core\GUI__HandleEOLine.c          0x00000000   Number         0  gui__handleeoline.o ABSOLUTE
    ..\GUI\Core\GUI__IntersectRect.c         0x00000000   Number         0  gui__intersectrect.o ABSOLUTE
    ..\GUI\Core\GUI__IntersectRects.c        0x00000000   Number         0  gui__intersectrects.o ABSOLUTE
    ..\GUI\Core\GUI__Read.c                  0x00000000   Number         0  gui__read.o ABSOLUTE
    ..\GUI\Core\GUI__ReduceRect.c            0x00000000   Number         0  gui__reducerect.o ABSOLUTE
    ..\GUI\Core\GUI__SetText.c               0x00000000   Number         0  gui__settext.o ABSOLUTE
    ..\GUI\Core\GUI__Wrap.c                  0x00000000   Number         0  gui__wrap.o ABSOLUTE
    ..\GUI\Core\GUI__memset.c                0x00000000   Number         0  gui__memset.o ABSOLUTE
    ..\GUI\Core\GUI__memset16.c              0x00000000   Number         0  gui__memset16.o ABSOLUTE
    ..\GUI\Core\GUI__strcmp.c                0x00000000   Number         0  gui__strcmp.o ABSOLUTE
    ..\GUI\Core\GUI__strlen.c                0x00000000   Number         0  gui__strlen.o ABSOLUTE
    ..\GUI\Core\LCD.c                        0x00000000   Number         0  lcd.o ABSOLUTE
    ..\GUI\Core\LCDAA.c                      0x00000000   Number         0  lcdaa.o ABSOLUTE
    ..\GUI\Core\LCDColor.c                   0x00000000   Number         0  lcdcolor.o ABSOLUTE
    ..\GUI\Core\LCDGetP.c                    0x00000000   Number         0  lcdgetp.o ABSOLUTE
    ..\GUI\Core\LCDInfo.c                    0x00000000   Number         0  lcdinfo.o ABSOLUTE
    ..\GUI\Core\LCDInfo0.c                   0x00000000   Number         0  lcdinfo0.o ABSOLUTE
    ..\GUI\Core\LCDInfo1.c                   0x00000000   Number         0  lcdinfo1.o ABSOLUTE
    ..\GUI\Core\LCDL0Delta.c                 0x00000000   Number         0  lcdl0delta.o ABSOLUTE
    ..\GUI\Core\LCDL0Mag.c                   0x00000000   Number         0  lcdl0mag.o ABSOLUTE
    ..\GUI\Core\LCDP1.c                      0x00000000   Number         0  lcdp1.o ABSOLUTE
    ..\GUI\Core\LCDP565_Index2Color.c        0x00000000   Number         0  lcdp565_index2color.o ABSOLUTE
    ..\GUI\Core\LCDPM565_Index2Color.c       0x00000000   Number         0  lcdpm565_index2color.o ABSOLUTE
    ..\GUI\Core\LCDRLE4.c                    0x00000000   Number         0  lcdrle4.o ABSOLUTE
    ..\GUI\Core\LCDRLE8.c                    0x00000000   Number         0  lcdrle8.o ABSOLUTE
    ..\GUI\Core\LCD_API.c                    0x00000000   Number         0  lcd_api.o ABSOLUTE
    ..\GUI\Core\LCD_DrawBitmap_565.c         0x00000000   Number         0  lcd_drawbitmap_565.o ABSOLUTE
    ..\GUI\Core\LCD_DrawBitmap_M565.c        0x00000000   Number         0  lcd_drawbitmap_m565.o ABSOLUTE
    ..\GUI\Core\LCD_DrawVLine.c              0x00000000   Number         0  lcd_drawvline.o ABSOLUTE
    ..\GUI\Core\LCD_GetColorIndex.c          0x00000000   Number         0  lcd_getcolorindex.o ABSOLUTE
    ..\GUI\Core\LCD_GetEx.c                  0x00000000   Number         0  lcd_getex.o ABSOLUTE
    ..\GUI\Core\LCD_GetNumDisplays.c         0x00000000   Number         0  lcd_getnumdisplays.o ABSOLUTE
    ..\GUI\Core\LCD_GetPixelColor.c          0x00000000   Number         0  lcd_getpixelcolor.o ABSOLUTE
    ..\GUI\Core\LCD_Index2ColorEx.c          0x00000000   Number         0  lcd_index2colorex.o ABSOLUTE
    ..\GUI\Core\LCD_L0_Generic.c             0x00000000   Number         0  lcd_l0_generic.o ABSOLUTE
    ..\GUI\Core\LCD_Mirror.c                 0x00000000   Number         0  lcd_mirror.o ABSOLUTE
    ..\GUI\Core\LCD_MixColors256.c           0x00000000   Number         0  lcd_mixcolors256.o ABSOLUTE
    ..\GUI\Core\LCD_Rotate180.c              0x00000000   Number         0  lcd_rotate180.o ABSOLUTE
    ..\GUI\Core\LCD_RotateCCW.c              0x00000000   Number         0  lcd_rotateccw.o ABSOLUTE
    ..\GUI\Core\LCD_RotateCW.c               0x00000000   Number         0  lcd_rotatecw.o ABSOLUTE
    ..\GUI\Core\LCD_SelectLCD.c              0x00000000   Number         0  lcd_selectlcd.o ABSOLUTE
    ..\GUI\Core\LCD_SetAPI.c                 0x00000000   Number         0  lcd_setapi.o ABSOLUTE
    ..\GUI\Core\LCD_SetClipRectEx.c          0x00000000   Number         0  lcd_setcliprectex.o ABSOLUTE
    ..\GUI\Core\LCD_UpdateColorIndices.c     0x00000000   Number         0  lcd_updatecolorindices.o ABSOLUTE
    ..\GUI\Font\F08_1.c                      0x00000000   Number         0  f08_1.o ABSOLUTE
    ..\GUI\Font\F08_ASCII.c                  0x00000000   Number         0  f08_ascii.o ABSOLUTE
    ..\GUI\Font\F10S_1.c                     0x00000000   Number         0  f10s_1.o ABSOLUTE
    ..\GUI\Font\F10S_ASCII.c                 0x00000000   Number         0  f10s_ascii.o ABSOLUTE
    ..\GUI\Font\F10_1.c                      0x00000000   Number         0  f10_1.o ABSOLUTE
    ..\GUI\Font\F10_ASCII.c                  0x00000000   Number         0  f10_ascii.o ABSOLUTE
    ..\GUI\Font\F13B_1.c                     0x00000000   Number         0  f13b_1.o ABSOLUTE
    ..\GUI\Font\F13B_ASCII.c                 0x00000000   Number         0  f13b_ascii.o ABSOLUTE
    ..\GUI\Font\F13HB_1.c                    0x00000000   Number         0  f13hb_1.o ABSOLUTE
    ..\GUI\Font\F13HB_ASCII.c                0x00000000   Number         0  f13hb_ascii.o ABSOLUTE
    ..\GUI\Font\F13H_1.c                     0x00000000   Number         0  f13h_1.o ABSOLUTE
    ..\GUI\Font\F13H_ASCII.c                 0x00000000   Number         0  f13h_ascii.o ABSOLUTE
    ..\GUI\Font\F13_1.c                      0x00000000   Number         0  f13_1.o ABSOLUTE
    ..\GUI\Font\F13_ASCII.c                  0x00000000   Number         0  f13_ascii.o ABSOLUTE
    ..\GUI\Font\F16B_1.c                     0x00000000   Number         0  f16b_1.o ABSOLUTE
    ..\GUI\Font\F16B_ASCII.c                 0x00000000   Number         0  f16b_ascii.o ABSOLUTE
    ..\GUI\Font\F16_1.c                      0x00000000   Number         0  f16_1.o ABSOLUTE
    ..\GUI\Font\F16_1HK.c                    0x00000000   Number         0  f16_1hk.o ABSOLUTE
    ..\GUI\Font\F16_ASCII.c                  0x00000000   Number         0  f16_ascii.o ABSOLUTE
    ..\GUI\Font\F16_HK.c                     0x00000000   Number         0  f16_hk.o ABSOLUTE
    ..\GUI\Font\F24B_1.c                     0x00000000   Number         0  f24b_1.o ABSOLUTE
    ..\GUI\Font\F24B_ASCII.c                 0x00000000   Number         0  f24b_ascii.o ABSOLUTE
    ..\GUI\Font\F24_1.c                      0x00000000   Number         0  f24_1.o ABSOLUTE
    ..\GUI\Font\F24_ASCII.c                  0x00000000   Number         0  f24_ascii.o ABSOLUTE
    ..\GUI\Font\F32B_1.c                     0x00000000   Number         0  f32b_1.o ABSOLUTE
    ..\GUI\Font\F32B_ASCII.c                 0x00000000   Number         0  f32b_ascii.o ABSOLUTE
    ..\GUI\Font\F32_1.c                      0x00000000   Number         0  f32_1.o ABSOLUTE
    ..\GUI\Font\F32_ASCII.c                  0x00000000   Number         0  f32_ascii.o ABSOLUTE
    ..\GUI\Font\F4x6.c                       0x00000000   Number         0  f4x6.o ABSOLUTE
    ..\GUI\Font\F6x8.c                       0x00000000   Number         0  f6x8.o ABSOLUTE
    ..\GUI\Font\F8x10_ASCII.c                0x00000000   Number         0  f8x10_ascii.o ABSOLUTE
    ..\GUI\Font\F8x12_ASCII.c                0x00000000   Number         0  f8x12_ascii.o ABSOLUTE
    ..\GUI\Font\F8x13_1.c                    0x00000000   Number         0  f8x13_1.o ABSOLUTE
    ..\GUI\Font\F8x13_ASCII.c                0x00000000   Number         0  f8x13_ascii.o ABSOLUTE
    ..\GUI\Font\F8x15B_1.c                   0x00000000   Number         0  f8x15b_1.o ABSOLUTE
    ..\GUI\Font\F8x15B_ASCII.c               0x00000000   Number         0  f8x15b_ascii.o ABSOLUTE
    ..\GUI\Font\F8x16.c                      0x00000000   Number         0  f8x16.o ABSOLUTE
    ..\GUI\Font\F8x8.c                       0x00000000   Number         0  f8x8.o ABSOLUTE
    ..\GUI\Font\FComic18B_1.c                0x00000000   Number         0  fcomic18b_1.o ABSOLUTE
    ..\GUI\Font\FComic18B_ASCII.c            0x00000000   Number         0  fcomic18b_ascii.o ABSOLUTE
    ..\GUI\Font\FComic24B_1.c                0x00000000   Number         0  fcomic24b_1.o ABSOLUTE
    ..\GUI\Font\FComic24B_ASCII.c            0x00000000   Number         0  fcomic24b_ascii.o ABSOLUTE
    ..\GUI\Font\FD24x32.c                    0x00000000   Number         0  fd24x32.o ABSOLUTE
    ..\GUI\Font\FD32.c                       0x00000000   Number         0  fd32.o ABSOLUTE
    ..\GUI\Font\FD36x48.c                    0x00000000   Number         0  fd36x48.o ABSOLUTE
    ..\GUI\Font\FD48.c                       0x00000000   Number         0  fd48.o ABSOLUTE
    ..\GUI\Font\FD48x64.c                    0x00000000   Number         0  fd48x64.o ABSOLUTE
    ..\GUI\Font\FD60x80.c                    0x00000000   Number         0  fd60x80.o ABSOLUTE
    ..\GUI\Font\FD64.c                       0x00000000   Number         0  fd64.o ABSOLUTE
    ..\GUI\Font\FD80.c                       0x00000000   Number         0  fd80.o ABSOLUTE
    ..\GUI\LCDDriver\LCDDummy.c              0x00000000   Number         0  lcddummy.o ABSOLUTE
    ..\GUI\LCDDriver\LCDNull.c               0x00000000   Number         0  lcdnull.o ABSOLUTE
    ..\GUI\LCDDriver\LCDWin.c                0x00000000   Number         0  lcdwin.o ABSOLUTE
    ..\LIB\CMSIS\CM3\CoreSupport\core_cm3.c  0x00000000   Number         0  core_cm3.o ABSOLUTE
    ..\LIB\CMSIS\CM3\DeviceSupport\ST\STM32F10x\startup\arm\startup_stm32f10x_hd.s 0x00000000   Number         0  startup_stm32f10x_hd.o ABSOLUTE
    ..\LIB\CMSIS\CM3\DeviceSupport\ST\STM32F10x\system_stm32f10x.c 0x00000000   Number         0  system_stm32f10x.o ABSOLUTE
    ..\LIB\STM32F10x_StdPeriph_Driver\src\misc.c 0x00000000   Number         0  misc.o ABSOLUTE
    ..\LIB\STM32F10x_StdPeriph_Driver\src\stm32f10x_adc.c 0x00000000   Number         0  stm32f10x_adc.o ABSOLUTE
    ..\LIB\STM32F10x_StdPeriph_Driver\src\stm32f10x_exti.c 0x00000000   Number         0  stm32f10x_exti.o ABSOLUTE
    ..\LIB\STM32F10x_StdPeriph_Driver\src\stm32f10x_fsmc.c 0x00000000   Number         0  stm32f10x_fsmc.o ABSOLUTE
    ..\LIB\STM32F10x_StdPeriph_Driver\src\stm32f10x_gpio.c 0x00000000   Number         0  stm32f10x_gpio.o ABSOLUTE
    ..\LIB\STM32F10x_StdPeriph_Driver\src\stm32f10x_rcc.c 0x00000000   Number         0  stm32f10x_rcc.o ABSOLUTE
    ..\LIB\STM32F10x_StdPeriph_Driver\src\stm32f10x_tim.c 0x00000000   Number         0  stm32f10x_tim.o ABSOLUTE
    ..\LIB\STM32F10x_StdPeriph_Driver\src\stm32f10x_usart.c 0x00000000   Number         0  stm32f10x_usart.o ABSOLUTE
    ..\SONG\song_IO.c                        0x00000000   Number         0  song_io.o ABSOLUTE
    ..\SONG\song_NVIC.c                      0x00000000   Number         0  song_nvic.o ABSOLUTE
    ..\SONG\song_gpio_spi.c                  0x00000000   Number         0  song_gpio_spi.o ABSOLUTE
    ..\SONG\song_touch.c                     0x00000000   Number         0  song_touch.o ABSOLUTE
    ..\SONG\song_user_lcd.c                  0x00000000   Number         0  song_user_lcd.o ABSOLUTE
    ..\USER\main.c                           0x00000000   Number         0  main.o ABSOLUTE
    ..\\LIB\\CMSIS\\CM3\\CoreSupport\\core_cm3.c 0x00000000   Number         0  core_cm3.o ABSOLUTE
    dc.s                                     0x00000000   Number         0  dc.o ABSOLUTE
    RESET                                    0x08000000   Section      304  startup_stm32f10x_hd.o(RESET)
    !!!main                                  0x08000130   Section        8  __main.o(!!!main)
    !!!scatter                               0x08000138   Section       52  __scatter.o(!!!scatter)
    !!handler_copy                           0x0800016c   Section       26  __scatter_copy.o(!!handler_copy)
    !!handler_zi                             0x08000188   Section       28  __scatter_zi.o(!!handler_zi)
    .ARM.Collect$$libinit$$00000000          0x080001a4   Section        2  libinit.o(.ARM.Collect$$libinit$$00000000)
    .ARM.Collect$$libinit$$00000002          0x080001a6   Section        0  libinit2.o(.ARM.Collect$$libinit$$00000002)
    .ARM.Collect$$libinit$$00000004          0x080001a6   Section        0  libinit2.o(.ARM.Collect$$libinit$$00000004)
    .ARM.Collect$$libinit$$0000000A          0x080001a6   Section        0  libinit2.o(.ARM.Collect$$libinit$$0000000A)
    .ARM.Collect$$libinit$$0000000C          0x080001a6   Section        0  libinit2.o(.ARM.Collect$$libinit$$0000000C)
    .ARM.Collect$$libinit$$0000000E          0x080001a6   Section        0  libinit2.o(.ARM.Collect$$libinit$$0000000E)
    .ARM.Collect$$libinit$$00000011          0x080001a6   Section        0  libinit2.o(.ARM.Collect$$libinit$$00000011)
    .ARM.Collect$$libinit$$00000013          0x080001a6   Section        0  libinit2.o(.ARM.Collect$$libinit$$00000013)
    .ARM.Collect$$libinit$$00000015          0x080001a6   Section        0  libinit2.o(.ARM.Collect$$libinit$$00000015)
    .ARM.Collect$$libinit$$00000017          0x080001a6   Section        0  libinit2.o(.ARM.Collect$$libinit$$00000017)
    .ARM.Collect$$libinit$$00000019          0x080001a6   Section        0  libinit2.o(.ARM.Collect$$libinit$$00000019)
    .ARM.Collect$$libinit$$0000001B          0x080001a6   Section        0  libinit2.o(.ARM.Collect$$libinit$$0000001B)
    .ARM.Collect$$libinit$$0000001D          0x080001a6   Section        0  libinit2.o(.ARM.Collect$$libinit$$0000001D)
    .ARM.Collect$$libinit$$0000001F          0x080001a6   Section        0  libinit2.o(.ARM.Collect$$libinit$$0000001F)
    .ARM.Collect$$libinit$$00000021          0x080001a6   Section        0  libinit2.o(.ARM.Collect$$libinit$$00000021)
    .ARM.Collect$$libinit$$00000023          0x080001a6   Section        0  libinit2.o(.ARM.Collect$$libinit$$00000023)
    .ARM.Collect$$libinit$$00000025          0x080001a6   Section        0  libinit2.o(.ARM.Collect$$libinit$$00000025)
    .ARM.Collect$$libinit$$0000002C          0x080001a6   Section        0  libinit2.o(.ARM.Collect$$libinit$$0000002C)
    .ARM.Collect$$libinit$$0000002E          0x080001a6   Section        0  libinit2.o(.ARM.Collect$$libinit$$0000002E)
    .ARM.Collect$$libinit$$00000030          0x080001a6   Section        0  libinit2.o(.ARM.Collect$$libinit$$00000030)
    .ARM.Collect$$libinit$$00000032          0x080001a6   Section        0  libinit2.o(.ARM.Collect$$libinit$$00000032)
    .ARM.Collect$$libinit$$00000033          0x080001a6   Section        2  libinit2.o(.ARM.Collect$$libinit$$00000033)
    .ARM.Collect$$libshutdown$$00000000      0x080001a8   Section        2  libshutdown.o(.ARM.Collect$$libshutdown$$00000000)
    .ARM.Collect$$libshutdown$$00000003      0x080001aa   Section        0  libshutdown2.o(.ARM.Collect$$libshutdown$$00000003)
    .ARM.Collect$$libshutdown$$00000006      0x080001aa   Section        0  libshutdown2.o(.ARM.Collect$$libshutdown$$00000006)
    .ARM.Collect$$libshutdown$$00000009      0x080001aa   Section        0  libshutdown2.o(.ARM.Collect$$libshutdown$$00000009)
    .ARM.Collect$$libshutdown$$0000000B      0x080001aa   Section        0  libshutdown2.o(.ARM.Collect$$libshutdown$$0000000B)
    .ARM.Collect$$libshutdown$$0000000E      0x080001aa   Section        0  libshutdown2.o(.ARM.Collect$$libshutdown$$0000000E)
    .ARM.Collect$$libshutdown$$0000000F      0x080001aa   Section        2  libshutdown2.o(.ARM.Collect$$libshutdown$$0000000F)
    .ARM.Collect$$rtentry$$00000000          0x080001ac   Section        0  __rtentry.o(.ARM.Collect$$rtentry$$00000000)
    .ARM.Collect$$rtentry$$00000002          0x080001ac   Section        0  __rtentry2.o(.ARM.Collect$$rtentry$$00000002)
    .ARM.Collect$$rtentry$$00000004          0x080001ac   Section        6  __rtentry4.o(.ARM.Collect$$rtentry$$00000004)
    .ARM.Collect$$rtentry$$00000009          0x080001b2   Section        0  __rtentry2.o(.ARM.Collect$$rtentry$$00000009)
    .ARM.Collect$$rtentry$$0000000A          0x080001b2   Section        4  __rtentry2.o(.ARM.Collect$$rtentry$$0000000A)
    .ARM.Collect$$rtentry$$0000000C          0x080001b6   Section        0  __rtentry2.o(.ARM.Collect$$rtentry$$0000000C)
    .ARM.Collect$$rtentry$$0000000D          0x080001b6   Section        8  __rtentry2.o(.ARM.Collect$$rtentry$$0000000D)
    .ARM.Collect$$rtexit$$00000000           0x080001be   Section        2  rtexit.o(.ARM.Collect$$rtexit$$00000000)
    .ARM.Collect$$rtexit$$00000002           0x080001c0   Section        0  rtexit2.o(.ARM.Collect$$rtexit$$00000002)
    .ARM.Collect$$rtexit$$00000003           0x080001c0   Section        4  rtexit2.o(.ARM.Collect$$rtexit$$00000003)
    .ARM.Collect$$rtexit$$00000004           0x080001c4   Section        6  rtexit2.o(.ARM.Collect$$rtexit$$00000004)
    .text                                    0x080001cc   Section       64  startup_stm32f10x_hd.o(.text)
    .text                                    0x0800020c   Section       78  rt_memclr_w.o(.text)
    .text                                    0x0800025a   Section        0  heapauxi.o(.text)
    .text                                    0x08000260   Section        8  libspace.o(.text)
    .text                                    0x08000268   Section       74  sys_stackheap_outer.o(.text)
    .text                                    0x080002b2   Section        0  exit.o(.text)
    .text                                    0x080002c0   Section        0  sys_exit.o(.text)
    .text                                    0x080002cc   Section        2  use_no_semi.o(.text)
    .text                                    0x080002ce   Section        0  indicate_semi.o(.text)
    i.Cal_touch_para                         0x080002ce   Section        0  song_touch.o(i.Cal_touch_para)
    i.DelayUS                                0x08000432   Section        0  song_touch.o(i.DelayUS)
    DelayUS                                  0x08000433   Thumb Code    32  song_touch.o(i.DelayUS)
    i.DrawCross                              0x08000452   Section        0  song_touch.o(i.DrawCross)
    i.EXTI0_IRQHandler                       0x08000488   Section        0  song_nvic.o(i.EXTI0_IRQHandler)
    i.EXTI4_IRQHandler                       0x080004b4   Section        0  song_gpio_spi.o(i.EXTI4_IRQHandler)
    i.EXTI_ClearITPendingBit                 0x080004d0   Section        0  stm32f10x_exti.o(i.EXTI_ClearITPendingBit)
    i.EXTI_GetITStatus                       0x080004dc   Section        0  stm32f10x_exti.o(i.EXTI_GetITStatus)
    i.EXTI_Init                              0x08000504   Section        0  stm32f10x_exti.o(i.EXTI_Init)
    i.GPIO_EXTILineConfig                    0x08000598   Section        0  stm32f10x_gpio.o(i.GPIO_EXTILineConfig)
    i.GPIO_Init                              0x080005d8   Section        0  stm32f10x_gpio.o(i.GPIO_Init)
    i.GPIO_ReadInputDataBit                  0x080006ee   Section        0  stm32f10x_gpio.o(i.GPIO_ReadInputDataBit)
    i.GPIO_ResetBits                         0x08000700   Section        0  stm32f10x_gpio.o(i.GPIO_ResetBits)
    i.GPIO_SPI_Config                        0x08000704   Section        0  song_gpio_spi.o(i.GPIO_SPI_Config)
    i.GPIO_SetBits                           0x08000784   Section        0  stm32f10x_gpio.o(i.GPIO_SetBits)
    i.Get_touch_point                        0x08000788   Section        0  song_touch.o(i.Get_touch_point)
    i.LCD_Clear                              0x08000880   Section        0  song_user_lcd.o(i.LCD_Clear)
    i.LCD_DisNum                             0x080008ec   Section        0  song_user_lcd.o(i.LCD_DisNum)
    i.LCD_DispChar                           0x08000954   Section        0  song_user_lcd.o(i.LCD_DispChar)
    i.LCD_DispStr                            0x080009c4   Section        0  song_user_lcd.o(i.LCD_DispStr)
    i.LCD_OpenWindow                         0x08000a00   Section        0  song_user_lcd.o(i.LCD_OpenWindow)
    i.LCD_SetCursor                          0x08000a50   Section        0  song_user_lcd.o(i.LCD_SetCursor)
    i.LCD_SetPoint                           0x08000a88   Section        0  song_user_lcd.o(i.LCD_SetPoint)
    i.Lcd_GramScan                           0x08000aa8   Section        0  song_user_lcd.o(i.Lcd_GramScan)
    i.NVIC_Configuration                     0x08000bb0   Section        0  song_nvic.o(i.NVIC_Configuration)
    i.NVIC_Init                              0x08000bbc   Section        0  misc.o(i.NVIC_Init)
    i.NVIC_PriorityGroupConfig               0x08000c2c   Section        0  misc.o(i.NVIC_PriorityGroupConfig)
    i.RCC_APB2PeriphClockCmd                 0x08000c40   Section        0  stm32f10x_rcc.o(i.RCC_APB2PeriphClockCmd)
    i.Read_2046_2                            0x08000c60   Section        0  song_touch.o(i.Read_2046_2)
    i.SDelayInit                             0x08000d94   Section        0  song_io.o(i.SDelayInit)
    i.SDelayMs                               0x08000dd4   Section        0  song_io.o(i.SDelayMs)
    i.SetSysClock                            0x08000e10   Section        0  system_stm32f10x.o(i.SetSysClock)
    SetSysClock                              0x08000e11   Thumb Code     8  system_stm32f10x.o(i.SetSysClock)
    i.SetSysClockTo72                        0x08000e18   Section        0  system_stm32f10x.o(i.SetSysClockTo72)
    SetSysClockTo72                          0x08000e19   Thumb Code   214  system_stm32f10x.o(i.SetSysClockTo72)
    i.SystemInit                             0x08000ef8   Section        0  system_stm32f10x.o(i.SystemInit)
    i.TIM3_IRQHandler                        0x08000f58   Section        0  song_nvic.o(i.TIM3_IRQHandler)
    i.TIM_ClearITPendingBit                  0x08000f94   Section        0  stm32f10x_tim.o(i.TIM_ClearITPendingBit)
    i.TIM_GetFlagStatus                      0x08000f9a   Section        0  stm32f10x_tim.o(i.TIM_GetFlagStatus)
    i.TP_INT_GPIO_Config                     0x08000fac   Section        0  song_gpio_spi.o(i.TP_INT_GPIO_Config)
    TP_INT_GPIO_Config                       0x08000fad   Thumb Code    72  song_gpio_spi.o(i.TP_INT_GPIO_Config)
    i.TP_INT_NVIC_Config                     0x08000ff8   Section        0  song_gpio_spi.o(i.TP_INT_NVIC_Config)
    TP_INT_NVIC_Config                       0x08000ff9   Thumb Code    38  song_gpio_spi.o(i.TP_INT_NVIC_Config)
    i.Touch_Calibrate                        0x08001020   Section        0  song_touch.o(i.Touch_Calibrate)
    i.Touch_GetAdXY                          0x0800136c   Section        0  song_touch.o(i.Touch_GetAdXY)
    i.Touch_Init                             0x08001392   Section        0  song_touch.o(i.Touch_Init)
    i.XPT2046_ReadAdc                        0x0800139a   Section        0  song_touch.o(i.XPT2046_ReadAdc)
    i.XPT2046_ReadCMD                        0x080013ac   Section        0  song_touch.o(i.XPT2046_ReadCMD)
    XPT2046_ReadCMD                          0x080013ad   Thumb Code    86  song_touch.o(i.XPT2046_ReadCMD)
    i.XPT2046_WriteCMD                       0x08001408   Section        0  song_touch.o(i.XPT2046_WriteCMD)
    XPT2046_WriteCMD                         0x08001409   Thumb Code    94  song_touch.o(i.XPT2046_WriteCMD)
    i.main                                   0x0800146c   Section        0  main.o(i.main)
    x$fpl$dadd                               0x080014dc   Section      336  daddsub_clz.o(x$fpl$dadd)
    _dadd1                                   0x080014ed   Thumb Code     0  daddsub_clz.o(x$fpl$dadd)
    x$fpl$dcmpinf                            0x0800162c   Section       24  dcmpi.o(x$fpl$dcmpinf)
    x$fpl$ddiv                               0x08001644   Section      688  ddiv.o(x$fpl$ddiv)
    ddiv_entry                               0x0800164b   Thumb Code     0  ddiv.o(x$fpl$ddiv)
    x$fpl$deqf                               0x080018f4   Section      120  deqf.o(x$fpl$deqf)
    x$fpl$dfixu                              0x0800196c   Section       90  dfixu.o(x$fpl$dfixu)
    x$fpl$dflt                               0x080019c6   Section       46  dflt_clz.o(x$fpl$dflt)
    x$fpl$dfltu                              0x080019f4   Section       38  dflt_clz.o(x$fpl$dfltu)
    x$fpl$dmul                               0x08001a1c   Section      340  dmul.o(x$fpl$dmul)
    x$fpl$dnaninf                            0x08001b70   Section      156  dnaninf.o(x$fpl$dnaninf)
    x$fpl$dretinf                            0x08001c0c   Section       12  dretinf.o(x$fpl$dretinf)
    x$fpl$dsub                               0x08001c18   Section      468  daddsub_clz.o(x$fpl$dsub)
    _dsub1                                   0x08001c29   Thumb Code     0  daddsub_clz.o(x$fpl$dsub)
    .constdata                               0x08001dec   Section     1140  song_user_lcd.o(.constdata)
    x$fpl$usenofp                            0x08001dec   Section        0  usenofp.o(x$fpl$usenofp)
    .data                                    0x20000000   Section        4  song_io.o(.data)
    fac_us                                   0x20000000   Data           1  song_io.o(.data)
    fac_ms                                   0x20000002   Data           2  song_io.o(.data)
    .data                                    0x20000004   Section        1  song_gpio_spi.o(.data)
    .data                                    0x20000008   Section      128  song_touch.o(.data)
    screen                                   0x2000007e   Data           4  song_touch.o(.data)
    screen2                                  0x20000082   Data           4  song_touch.o(.data)
    Pen_color                                0x20000086   Data           2  song_touch.o(.data)
    .bss                                     0x20000088   Section       72  song_touch.o(.bss)
    .bss                                     0x200000d0   Section       96  libspace.o(.bss)
    HEAP                                     0x20000130   Section      512  startup_stm32f10x_hd.o(HEAP)
    Heap_Mem                                 0x20000130   Data         512  startup_stm32f10x_hd.o(HEAP)
    STACK                                    0x20000330   Section     1024  startup_stm32f10x_hd.o(STACK)
    Stack_Mem                                0x20000330   Data        1024  startup_stm32f10x_hd.o(STACK)
    __initial_sp                             0x20000730   Data           0  startup_stm32f10x_hd.o(STACK)

    Global Symbols

    Symbol Name                              Value     Ov Type        Size  Object(Section)

    BuildAttributes$$THM_ISAv4$P$D$K$B$S$PE$A:L22UL41UL21$X:L11$S22US41US21$IEEE1$IW$USESV6$~STKCKD$USESV7$~SHL$OTIME$ROPI$IEEEX$EBA8$UX$STANDARDLIB$REQ8$PRES8$EABIv2 0x00000000   Number         0  anon$$obj.o ABSOLUTE
    __ARM_use_no_argv                        0x00000000   Number         0  main.o ABSOLUTE
    __ARM_exceptions_init                     - Undefined Weak Reference
    __alloca_initialize                       - Undefined Weak Reference
    __arm_preinit_                            - Undefined Weak Reference
    __cpp_initialize__aeabi_                  - Undefined Weak Reference
    __cxa_finalize                            - Undefined Weak Reference
    __rt_locale                               - Undefined Weak Reference
    __sigvec_lookup                           - Undefined Weak Reference
    _atexit_init                              - Undefined Weak Reference
    _call_atexit_fns                          - Undefined Weak Reference
    _clock_init                               - Undefined Weak Reference
    _fp_trap_init                             - Undefined Weak Reference
    _fp_trap_shutdown                         - Undefined Weak Reference
    _get_lc_collate                           - Undefined Weak Reference
    _get_lc_ctype                             - Undefined Weak Reference
    _get_lc_monetary                          - Undefined Weak Reference
    _get_lc_numeric                           - Undefined Weak Reference
    _get_lc_time                              - Undefined Weak Reference
    _getenv_init                              - Undefined Weak Reference
    _handle_redirection                       - Undefined Weak Reference
    _init_alloc                               - Undefined Weak Reference
    _init_user_alloc                          - Undefined Weak Reference
    _initio                                   - Undefined Weak Reference
    _rand_init                                - Undefined Weak Reference
    _signal_finish                            - Undefined Weak Reference
    _signal_init                              - Undefined Weak Reference
    _terminate_alloc                          - Undefined Weak Reference
    _terminate_user_alloc                     - Undefined Weak Reference
    _terminateio                              - Undefined Weak Reference
    __Vectors_Size                           0x00000130   Number         0  startup_stm32f10x_hd.o ABSOLUTE
    __Vectors                                0x08000000   Data           4  startup_stm32f10x_hd.o(RESET)
    __Vectors_End                            0x08000130   Data           0  startup_stm32f10x_hd.o(RESET)
    __main                                   0x08000131   Thumb Code     8  __main.o(!!!main)
    __scatterload                            0x08000139   Thumb Code     0  __scatter.o(!!!scatter)
    __scatterload_rt2                        0x08000139   Thumb Code    44  __scatter.o(!!!scatter)
    __scatterload_rt2_thumb_only             0x08000139   Thumb Code     0  __scatter.o(!!!scatter)
    __scatterload_null                       0x08000147   Thumb Code     0  __scatter.o(!!!scatter)
    __scatterload_copy                       0x0800016d   Thumb Code    26  __scatter_copy.o(!!handler_copy)
    __scatterload_zeroinit                   0x08000189   Thumb Code    28  __scatter_zi.o(!!handler_zi)
    __rt_lib_init                            0x080001a5   Thumb Code     0  libinit.o(.ARM.Collect$$libinit$$00000000)
    __rt_lib_init_alloca_1                   0x080001a7   Thumb Code     0  libinit2.o(.ARM.Collect$$libinit$$0000002E)
    __rt_lib_init_argv_1                     0x080001a7   Thumb Code     0  libinit2.o(.ARM.Collect$$libinit$$0000002C)
    __rt_lib_init_atexit_1                   0x080001a7   Thumb Code     0  libinit2.o(.ARM.Collect$$libinit$$0000001B)
    __rt_lib_init_clock_1                    0x080001a7   Thumb Code     0  libinit2.o(.ARM.Collect$$libinit$$00000021)
    __rt_lib_init_cpp_1                      0x080001a7   Thumb Code     0  libinit2.o(.ARM.Collect$$libinit$$00000032)
    __rt_lib_init_exceptions_1               0x080001a7   Thumb Code     0  libinit2.o(.ARM.Collect$$libinit$$00000030)
    __rt_lib_init_fp_1                       0x080001a7   Thumb Code     0  libinit2.o(.ARM.Collect$$libinit$$00000002)
    __rt_lib_init_fp_trap_1                  0x080001a7   Thumb Code     0  libinit2.o(.ARM.Collect$$libinit$$0000001F)
    __rt_lib_init_getenv_1                   0x080001a7   Thumb Code     0  libinit2.o(.ARM.Collect$$libinit$$00000023)
    __rt_lib_init_heap_1                     0x080001a7   Thumb Code     0  libinit2.o(.ARM.Collect$$libinit$$0000000A)
    __rt_lib_init_lc_collate_1               0x080001a7   Thumb Code     0  libinit2.o(.ARM.Collect$$libinit$$00000011)
    __rt_lib_init_lc_ctype_1                 0x080001a7   Thumb Code     0  libinit2.o(.ARM.Collect$$libinit$$00000013)
    __rt_lib_init_lc_monetary_1              0x080001a7   Thumb Code     0  libinit2.o(.ARM.Collect$$libinit$$00000015)
    __rt_lib_init_lc_numeric_1               0x080001a7   Thumb Code     0  libinit2.o(.ARM.Collect$$libinit$$00000017)
    __rt_lib_init_lc_time_1                  0x080001a7   Thumb Code     0  libinit2.o(.ARM.Collect$$libinit$$00000019)
    __rt_lib_init_preinit_1                  0x080001a7   Thumb Code     0  libinit2.o(.ARM.Collect$$libinit$$00000004)
    __rt_lib_init_rand_1                     0x080001a7   Thumb Code     0  libinit2.o(.ARM.Collect$$libinit$$0000000E)
    __rt_lib_init_return                     0x080001a7   Thumb Code     0  libinit2.o(.ARM.Collect$$libinit$$00000033)
    __rt_lib_init_signal_1                   0x080001a7   Thumb Code     0  libinit2.o(.ARM.Collect$$libinit$$0000001D)
    __rt_lib_init_stdio_1                    0x080001a7   Thumb Code     0  libinit2.o(.ARM.Collect$$libinit$$00000025)
    __rt_lib_init_user_alloc_1               0x080001a7   Thumb Code     0  libinit2.o(.ARM.Collect$$libinit$$0000000C)
    __rt_lib_shutdown                        0x080001a9   Thumb Code     0  libshutdown.o(.ARM.Collect$$libshutdown$$00000000)
    __rt_lib_shutdown_fp_trap_1              0x080001ab   Thumb Code     0  libshutdown2.o(.ARM.Collect$$libshutdown$$00000006)
    __rt_lib_shutdown_heap_1                 0x080001ab   Thumb Code     0  libshutdown2.o(.ARM.Collect$$libshutdown$$0000000E)
    __rt_lib_shutdown_return                 0x080001ab   Thumb Code     0  libshutdown2.o(.ARM.Collect$$libshutdown$$0000000F)
    __rt_lib_shutdown_signal_1               0x080001ab   Thumb Code     0  libshutdown2.o(.ARM.Collect$$libshutdown$$00000009)
    __rt_lib_shutdown_stdio_1                0x080001ab   Thumb Code     0  libshutdown2.o(.ARM.Collect$$libshutdown$$00000003)
    __rt_lib_shutdown_user_alloc_1           0x080001ab   Thumb Code     0  libshutdown2.o(.ARM.Collect$$libshutdown$$0000000B)
    __rt_entry                               0x080001ad   Thumb Code     0  __rtentry.o(.ARM.Collect$$rtentry$$00000000)
    __rt_entry_presh_1                       0x080001ad   Thumb Code     0  __rtentry2.o(.ARM.Collect$$rtentry$$00000002)
    __rt_entry_sh                            0x080001ad   Thumb Code     0  __rtentry4.o(.ARM.Collect$$rtentry$$00000004)
    __rt_entry_li                            0x080001b3   Thumb Code     0  __rtentry2.o(.ARM.Collect$$rtentry$$0000000A)
    __rt_entry_postsh_1                      0x080001b3   Thumb Code     0  __rtentry2.o(.ARM.Collect$$rtentry$$00000009)
    __rt_entry_main                          0x080001b7   Thumb Code     0  __rtentry2.o(.ARM.Collect$$rtentry$$0000000D)
    __rt_entry_postli_1                      0x080001b7   Thumb Code     0  __rtentry2.o(.ARM.Collect$$rtentry$$0000000C)
    __rt_exit                                0x080001bf   Thumb Code     0  rtexit.o(.ARM.Collect$$rtexit$$00000000)
    __rt_exit_ls                             0x080001c1   Thumb Code     0  rtexit2.o(.ARM.Collect$$rtexit$$00000003)
    __rt_exit_prels_1                        0x080001c1   Thumb Code     0  rtexit2.o(.ARM.Collect$$rtexit$$00000002)
    __rt_exit_exit                           0x080001c5   Thumb Code     0  rtexit2.o(.ARM.Collect$$rtexit$$00000004)
    Reset_Handler                            0x080001cd   Thumb Code     8  startup_stm32f10x_hd.o(.text)
    NMI_Handler                              0x080001d5   Thumb Code     2  startup_stm32f10x_hd.o(.text)
    HardFault_Handler                        0x080001d7   Thumb Code     2  startup_stm32f10x_hd.o(.text)
    MemManage_Handler                        0x080001d9   Thumb Code     2  startup_stm32f10x_hd.o(.text)
    BusFault_Handler                         0x080001db   Thumb Code     2  startup_stm32f10x_hd.o(.text)
    UsageFault_Handler                       0x080001dd   Thumb Code     2  startup_stm32f10x_hd.o(.text)
    SVC_Handler                              0x080001df   Thumb Code     2  startup_stm32f10x_hd.o(.text)
    DebugMon_Handler                         0x080001e1   Thumb Code     2  startup_stm32f10x_hd.o(.text)
    PendSV_Handler                           0x080001e3   Thumb Code     2  startup_stm32f10x_hd.o(.text)
    SysTick_Handler                          0x080001e5   Thumb Code     2  startup_stm32f10x_hd.o(.text)
    ADC1_2_IRQHandler                        0x080001e7   Thumb Code     0  startup_stm32f10x_hd.o(.text)
    ADC3_IRQHandler                          0x080001e7   Thumb Code     0  startup_stm32f10x_hd.o(.text)
    CAN1_RX1_IRQHandler                      0x080001e7   Thumb Code     0  startup_stm32f10x_hd.o(.text)
    CAN1_SCE_IRQHandler                      0x080001e7   Thumb Code     0  startup_stm32f10x_hd.o(.text)
    DMA1_Channel1_IRQHandler                 0x080001e7   Thumb Code     0  startup_stm32f10x_hd.o(.text)
    DMA1_Channel2_IRQHandler                 0x080001e7   Thumb Code     0  startup_stm32f10x_hd.o(.text)
    DMA1_Channel3_IRQHandler                 0x080001e7   Thumb Code     0  startup_stm32f10x_hd.o(.text)
    DMA1_Channel4_IRQHandler                 0x080001e7   Thumb Code     0  startup_stm32f10x_hd.o(.text)
    DMA1_Channel5_IRQHandler                 0x080001e7   Thumb Code     0  startup_stm32f10x_hd.o(.text)
    DMA1_Channel6_IRQHandler                 0x080001e7   Thumb Code     0  startup_stm32f10x_hd.o(.text)
    DMA1_Channel7_IRQHandler                 0x080001e7   Thumb Code     0  startup_stm32f10x_hd.o(.text)
    DMA2_Channel1_IRQHandler                 0x080001e7   Thumb Code     0  startup_stm32f10x_hd.o(.text)
    DMA2_Channel2_IRQHandler                 0x080001e7   Thumb Code     0  startup_stm32f10x_hd.o(.text)
    DMA2_Channel3_IRQHandler                 0x080001e7   Thumb Code     0  startup_stm32f10x_hd.o(.text)
    DMA2_Channel4_5_IRQHandler               0x080001e7   Thumb Code     0  startup_stm32f10x_hd.o(.text)
    EXTI15_10_IRQHandler                     0x080001e7   Thumb Code     0  startup_stm32f10x_hd.o(.text)
    EXTI1_IRQHandler                         0x080001e7   Thumb Code     0  startup_stm32f10x_hd.o(.text)
    EXTI2_IRQHandler                         0x080001e7   Thumb Code     0  startup_stm32f10x_hd.o(.text)
    EXTI3_IRQHandler                         0x080001e7   Thumb Code     0  startup_stm32f10x_hd.o(.text)
    EXTI9_5_IRQHandler                       0x080001e7   Thumb Code     0  startup_stm32f10x_hd.o(.text)
    FLASH_IRQHandler                         0x080001e7   Thumb Code     0  startup_stm32f10x_hd.o(.text)
    FSMC_IRQHandler                          0x080001e7   Thumb Code     0  startup_stm32f10x_hd.o(.text)
    I2C1_ER_IRQHandler                       0x080001e7   Thumb Code     0  startup_stm32f10x_hd.o(.text)
    I2C1_EV_IRQHandler                       0x080001e7   Thumb Code     0  startup_stm32f10x_hd.o(.text)
    I2C2_ER_IRQHandler                       0x080001e7   Thumb Code     0  startup_stm32f10x_hd.o(.text)
    I2C2_EV_IRQHandler                       0x080001e7   Thumb Code     0  startup_stm32f10x_hd.o(.text)
    PVD_IRQHandler                           0x080001e7   Thumb Code     0  startup_stm32f10x_hd.o(.text)
    RCC_IRQHandler                           0x080001e7   Thumb Code     0  startup_stm32f10x_hd.o(.text)
    RTCAlarm_IRQHandler                      0x080001e7   Thumb Code     0  startup_stm32f10x_hd.o(.text)
    RTC_IRQHandler                           0x080001e7   Thumb Code     0  startup_stm32f10x_hd.o(.text)
    SDIO_IRQHandler                          0x080001e7   Thumb Code     0  startup_stm32f10x_hd.o(.text)
    SPI1_IRQHandler                          0x080001e7   Thumb Code     0  startup_stm32f10x_hd.o(.text)
    SPI2_IRQHandler                          0x080001e7   Thumb Code     0  startup_stm32f10x_hd.o(.text)
    SPI3_IRQHandler                          0x080001e7   Thumb Code     0  startup_stm32f10x_hd.o(.text)
    TAMPER_IRQHandler                        0x080001e7   Thumb Code     0  startup_stm32f10x_hd.o(.text)
    TIM1_BRK_IRQHandler                      0x080001e7   Thumb Code     0  startup_stm32f10x_hd.o(.text)
    TIM1_CC_IRQHandler                       0x080001e7   Thumb Code     0  startup_stm32f10x_hd.o(.text)
    TIM1_TRG_COM_IRQHandler                  0x080001e7   Thumb Code     0  startup_stm32f10x_hd.o(.text)
    TIM1_UP_IRQHandler                       0x080001e7   Thumb Code     0  startup_stm32f10x_hd.o(.text)
    TIM2_IRQHandler                          0x080001e7   Thumb Code     0  startup_stm32f10x_hd.o(.text)
    TIM4_IRQHandler                          0x080001e7   Thumb Code     0  startup_stm32f10x_hd.o(.text)
    TIM5_IRQHandler                          0x080001e7   Thumb Code     0  startup_stm32f10x_hd.o(.text)
    TIM6_IRQHandler                          0x080001e7   Thumb Code     0  startup_stm32f10x_hd.o(.text)
    TIM7_IRQHandler                          0x080001e7   Thumb Code     0  startup_stm32f10x_hd.o(.text)
    TIM8_BRK_IRQHandler                      0x080001e7   Thumb Code     0  startup_stm32f10x_hd.o(.text)
    TIM8_CC_IRQHandler                       0x080001e7   Thumb Code     0  startup_stm32f10x_hd.o(.text)
    TIM8_TRG_COM_IRQHandler                  0x080001e7   Thumb Code     0  startup_stm32f10x_hd.o(.text)
    TIM8_UP_IRQHandler                       0x080001e7   Thumb Code     0  startup_stm32f10x_hd.o(.text)
    UART4_IRQHandler                         0x080001e7   Thumb Code     0  startup_stm32f10x_hd.o(.text)
    UART5_IRQHandler                         0x080001e7   Thumb Code     0  startup_stm32f10x_hd.o(.text)
    USART1_IRQHandler                        0x080001e7   Thumb Code     0  startup_stm32f10x_hd.o(.text)
    USART2_IRQHandler                        0x080001e7   Thumb Code     0  startup_stm32f10x_hd.o(.text)
    USART3_IRQHandler                        0x080001e7   Thumb Code     0  startup_stm32f10x_hd.o(.text)
    USBWakeUp_IRQHandler                     0x080001e7   Thumb Code     0  startup_stm32f10x_hd.o(.text)
    USB_HP_CAN1_TX_IRQHandler                0x080001e7   Thumb Code     0  startup_stm32f10x_hd.o(.text)
    USB_LP_CAN1_RX0_IRQHandler               0x080001e7   Thumb Code     0  startup_stm32f10x_hd.o(.text)
    WWDG_IRQHandler                          0x080001e7   Thumb Code     0  startup_stm32f10x_hd.o(.text)
    __user_initial_stackheap                 0x080001e9   Thumb Code     0  startup_stm32f10x_hd.o(.text)
    __aeabi_memclr4                          0x0800020d   Thumb Code     0  rt_memclr_w.o(.text)
    __aeabi_memclr8                          0x0800020d   Thumb Code     0  rt_memclr_w.o(.text)
    __rt_memclr_w                            0x0800020d   Thumb Code    78  rt_memclr_w.o(.text)
    _memset_w                                0x08000211   Thumb Code     0  rt_memclr_w.o(.text)
    __use_two_region_memory                  0x0800025b   Thumb Code     2  heapauxi.o(.text)
    __rt_heap_escrow$2region                 0x0800025d   Thumb Code     2  heapauxi.o(.text)
    __rt_heap_expand$2region                 0x0800025f   Thumb Code     2  heapauxi.o(.text)
    __user_libspace                          0x08000261   Thumb Code     8  libspace.o(.text)
    __user_perproc_libspace                  0x08000261   Thumb Code     0  libspace.o(.text)
    __user_perthread_libspace                0x08000261   Thumb Code     0  libspace.o(.text)
    __user_setup_stackheap                   0x08000269   Thumb Code    74  sys_stackheap_outer.o(.text)
    exit                                     0x080002b3   Thumb Code    12  exit.o(.text)
    _sys_exit                                0x080002c1   Thumb Code     8  sys_exit.o(.text)
    __I$use$semihosting                      0x080002cd   Thumb Code     0  use_no_semi.o(.text)
    __use_no_semihosting_swi                 0x080002cd   Thumb Code     2  use_no_semi.o(.text)
    Cal_touch_para                           0x080002cf   Thumb Code   356  song_touch.o(i.Cal_touch_para)
    __semihosting_library_function           0x080002cf   Thumb Code     0  indicate_semi.o(.text)
    DrawCross                                0x08000453   Thumb Code    52  song_touch.o(i.DrawCross)
    EXTI0_IRQHandler                         0x08000489   Thumb Code    38  song_nvic.o(i.EXTI0_IRQHandler)
    EXTI4_IRQHandler                         0x080004b5   Thumb Code    24  song_gpio_spi.o(i.EXTI4_IRQHandler)
    EXTI_ClearITPendingBit                   0x080004d1   Thumb Code     6  stm32f10x_exti.o(i.EXTI_ClearITPendingBit)
    EXTI_GetITStatus                         0x080004dd   Thumb Code    34  stm32f10x_exti.o(i.EXTI_GetITStatus)
    EXTI_Init                                0x08000505   Thumb Code   142  stm32f10x_exti.o(i.EXTI_Init)
    GPIO_EXTILineConfig                      0x08000599   Thumb Code    60  stm32f10x_gpio.o(i.GPIO_EXTILineConfig)
    GPIO_Init                                0x080005d9   Thumb Code   278  stm32f10x_gpio.o(i.GPIO_Init)
    GPIO_ReadInputDataBit                    0x080006ef   Thumb Code    18  stm32f10x_gpio.o(i.GPIO_ReadInputDataBit)
    GPIO_ResetBits                           0x08000701   Thumb Code     4  stm32f10x_gpio.o(i.GPIO_ResetBits)
    GPIO_SPI_Config                          0x08000705   Thumb Code   118  song_gpio_spi.o(i.GPIO_SPI_Config)
    GPIO_SetBits                             0x08000785   Thumb Code     4  stm32f10x_gpio.o(i.GPIO_SetBits)
    Get_touch_point                          0x08000789   Thumb Code   238  song_touch.o(i.Get_touch_point)
    LCD_Clear                                0x08000881   Thumb Code   102  song_user_lcd.o(i.LCD_Clear)
    LCD_DisNum                               0x080008ed   Thumb Code   104  song_user_lcd.o(i.LCD_DisNum)
    LCD_DispChar                             0x08000955   Thumb Code   102  song_user_lcd.o(i.LCD_DispChar)
    LCD_DispStr                              0x080009c5   Thumb Code    60  song_user_lcd.o(i.LCD_DispStr)
    LCD_OpenWindow                           0x08000a01   Thumb Code    74  song_user_lcd.o(i.LCD_OpenWindow)
    LCD_SetCursor                            0x08000a51   Thumb Code    52  song_user_lcd.o(i.LCD_SetCursor)
    LCD_SetPoint                             0x08000a89   Thumb Code    28  song_user_lcd.o(i.LCD_SetPoint)
    Lcd_GramScan                             0x08000aa9   Thumb Code   260  song_user_lcd.o(i.Lcd_GramScan)
    NVIC_Configuration                       0x08000bb1   Thumb Code    12  song_nvic.o(i.NVIC_Configuration)
    NVIC_Init                                0x08000bbd   Thumb Code   100  misc.o(i.NVIC_Init)
    NVIC_PriorityGroupConfig                 0x08000c2d   Thumb Code    10  misc.o(i.NVIC_PriorityGroupConfig)
    RCC_APB2PeriphClockCmd                   0x08000c41   Thumb Code    26  stm32f10x_rcc.o(i.RCC_APB2PeriphClockCmd)
    Read_2046_2                              0x08000c61   Thumb Code   296  song_touch.o(i.Read_2046_2)
    SDelayInit                               0x08000d95   Thumb Code    56  song_io.o(i.SDelayInit)
    SDelayMs                                 0x08000dd5   Thumb Code    56  song_io.o(i.SDelayMs)
    SystemInit                               0x08000ef9   Thumb Code    78  system_stm32f10x.o(i.SystemInit)
    TIM3_IRQHandler                          0x08000f59   Thumb Code    50  song_nvic.o(i.TIM3_IRQHandler)
    TIM_ClearITPendingBit                    0x08000f95   Thumb Code     6  stm32f10x_tim.o(i.TIM_ClearITPendingBit)
    TIM_GetFlagStatus                        0x08000f9b   Thumb Code    18  stm32f10x_tim.o(i.TIM_GetFlagStatus)
    Touch_Calibrate                          0x08001021   Thumb Code   748  song_touch.o(i.Touch_Calibrate)
    Touch_GetAdXY                            0x0800136d   Thumb Code    38  song_touch.o(i.Touch_GetAdXY)
    Touch_Init                               0x08001393   Thumb Code     8  song_touch.o(i.Touch_Init)
    XPT2046_ReadAdc                          0x0800139b   Thumb Code    16  song_touch.o(i.XPT2046_ReadAdc)
    main                                     0x0800146d   Thumb Code   100  main.o(i.main)
    __aeabi_dadd                             0x080014dd   Thumb Code     0  daddsub_clz.o(x$fpl$dadd)
    _dadd                                    0x080014dd   Thumb Code   332  daddsub_clz.o(x$fpl$dadd)
    __fpl_dcmp_Inf                           0x0800162d   Thumb Code    24  dcmpi.o(x$fpl$dcmpinf)
    __aeabi_ddiv                             0x08001645   Thumb Code     0  ddiv.o(x$fpl$ddiv)
    _ddiv                                    0x08001645   Thumb Code   552  ddiv.o(x$fpl$ddiv)
    __aeabi_cdcmpeq                          0x080018f5   Thumb Code     0  deqf.o(x$fpl$deqf)
    _dcmpeq                                  0x080018f5   Thumb Code   120  deqf.o(x$fpl$deqf)
    __aeabi_d2uiz                            0x0800196d   Thumb Code     0  dfixu.o(x$fpl$dfixu)
    _dfixu                                   0x0800196d   Thumb Code    90  dfixu.o(x$fpl$dfixu)
    __aeabi_i2d                              0x080019c7   Thumb Code     0  dflt_clz.o(x$fpl$dflt)
    _dflt                                    0x080019c7   Thumb Code    46  dflt_clz.o(x$fpl$dflt)
    __aeabi_ui2d                             0x080019f5   Thumb Code     0  dflt_clz.o(x$fpl$dfltu)
    _dfltu                                   0x080019f5   Thumb Code    38  dflt_clz.o(x$fpl$dfltu)
    __aeabi_dmul                             0x08001a1d   Thumb Code     0  dmul.o(x$fpl$dmul)
    _dmul                                    0x08001a1d   Thumb Code   332  dmul.o(x$fpl$dmul)
    __fpl_dnaninf                            0x08001b71   Thumb Code   156  dnaninf.o(x$fpl$dnaninf)
    __fpl_dretinf                            0x08001c0d   Thumb Code    12  dretinf.o(x$fpl$dretinf)
    __aeabi_dsub                             0x08001c19   Thumb Code     0  daddsub_clz.o(x$fpl$dsub)
    _dsub                                    0x08001c19   Thumb Code   464  daddsub_clz.o(x$fpl$dsub)
    __I$use$fp                               0x08001dec   Number         0  usenofp.o(x$fpl$usenofp)
    asc2_1206                                0x08001dec   Data        1140  song_user_lcd.o(.constdata)
    Region$$Table$$Base                      0x08002260   Number         0  anon$$obj.o(Region$$Table)
    Region$$Table$$Limit                     0x08002280   Number         0  anon$$obj.o(Region$$Table)
    touch_flag                               0x20000004   Data           1  song_gpio_spi.o(.data)
    aa1                                      0x20000008   Data           8  song_touch.o(.data)
    bb1                                      0x20000010   Data           8  song_touch.o(.data)
    cc1                                      0x20000018   Data           8  song_touch.o(.data)
    aa2                                      0x20000020   Data           8  song_touch.o(.data)
    bb2                                      0x20000028   Data           8  song_touch.o(.data)
    cc2                                      0x20000030   Data           8  song_touch.o(.data)
    cal_p                                    0x20000038   Data          48  song_touch.o(.data)
    cal_flag                                 0x20000068   Data           1  song_touch.o(.data)
    DisplaySample                            0x2000006a   Data          16  song_touch.o(.data)
    display                                  0x2000007a   Data           4  song_touch.o(.data)
    ScreenSample                             0x20000088   Data          16  song_touch.o(.bss)
    touch_para                               0x20000098   Data          56  song_touch.o(.bss)
    __libspace_start                         0x200000d0   Data          96  libspace.o(.bss)
    __temporary_stack_top$libspace           0x20000130   Data           0  libspace.o(.bss)



==============================================================================

Memory Map of the image

  Image Entry point : 0x08000131

  Load Region LR_IROM1 (Base: 0x08000000, Size: 0x00002308, Max: 0x00080000, ABSOLUTE)

    Execution Region ER_IROM1 (Base: 0x08000000, Size: 0x00002280, Max: 0x00080000, ABSOLUTE)

    Base Addr    Size         Type   Attr      Idx    E Section Name        Object

    0x08000000   0x00000130   Data   RO          298    RESET               startup_stm32f10x_hd.o
    0x08000130   0x00000008   Code   RO         1007  * !!!main             c_w.l(__main.o)
    0x08000138   0x00000034   Code   RO         1216    !!!scatter          c_w.l(__scatter.o)
    0x0800016c   0x0000001a   Code   RO         1217    !!handler_copy      c_w.l(__scatter_copy.o)
    0x08000186   0x00000002   PAD
    0x08000188   0x0000001c   Code   RO         1218    !!handler_zi        c_w.l(__scatter_zi.o)
    0x080001a4   0x00000002   Code   RO         1113    .ARM.Collect$$libinit$$00000000  c_w.l(libinit.o)
    0x080001a6   0x00000000   Code   RO         1118    .ARM.Collect$$libinit$$00000002  c_w.l(libinit2.o)
    0x080001a6   0x00000000   Code   RO         1120    .ARM.Collect$$libinit$$00000004  c_w.l(libinit2.o)
    0x080001a6   0x00000000   Code   RO         1123    .ARM.Collect$$libinit$$0000000A  c_w.l(libinit2.o)
    0x080001a6   0x00000000   Code   RO         1125    .ARM.Collect$$libinit$$0000000C  c_w.l(libinit2.o)
    0x080001a6   0x00000000   Code   RO         1127    .ARM.Collect$$libinit$$0000000E  c_w.l(libinit2.o)
    0x080001a6   0x00000000   Code   RO         1130    .ARM.Collect$$libinit$$00000011  c_w.l(libinit2.o)
    0x080001a6   0x00000000   Code   RO         1132    .ARM.Collect$$libinit$$00000013  c_w.l(libinit2.o)
    0x080001a6   0x00000000   Code   RO         1134    .ARM.Collect$$libinit$$00000015  c_w.l(libinit2.o)
    0x080001a6   0x00000000   Code   RO         1136    .ARM.Collect$$libinit$$00000017  c_w.l(libinit2.o)
    0x080001a6   0x00000000   Code   RO         1138    .ARM.Collect$$libinit$$00000019  c_w.l(libinit2.o)
    0x080001a6   0x00000000   Code   RO         1140    .ARM.Collect$$libinit$$0000001B  c_w.l(libinit2.o)
    0x080001a6   0x00000000   Code   RO         1142    .ARM.Collect$$libinit$$0000001D  c_w.l(libinit2.o)
    0x080001a6   0x00000000   Code   RO         1144    .ARM.Collect$$libinit$$0000001F  c_w.l(libinit2.o)
    0x080001a6   0x00000000   Code   RO         1146    .ARM.Collect$$libinit$$00000021  c_w.l(libinit2.o)
    0x080001a6   0x00000000   Code   RO         1148    .ARM.Collect$$libinit$$00000023  c_w.l(libinit2.o)
    0x080001a6   0x00000000   Code   RO         1150    .ARM.Collect$$libinit$$00000025  c_w.l(libinit2.o)
    0x080001a6   0x00000000   Code   RO         1154    .ARM.Collect$$libinit$$0000002C  c_w.l(libinit2.o)
    0x080001a6   0x00000000   Code   RO         1156    .ARM.Collect$$libinit$$0000002E  c_w.l(libinit2.o)
    0x080001a6   0x00000000   Code   RO         1158    .ARM.Collect$$libinit$$00000030  c_w.l(libinit2.o)
    0x080001a6   0x00000000   Code   RO         1160    .ARM.Collect$$libinit$$00000032  c_w.l(libinit2.o)
    0x080001a6   0x00000002   Code   RO         1161    .ARM.Collect$$libinit$$00000033  c_w.l(libinit2.o)
    0x080001a8   0x00000002   Code   RO         1177    .ARM.Collect$$libshutdown$$00000000  c_w.l(libshutdown.o)
    0x080001aa   0x00000000   Code   RO         1186    .ARM.Collect$$libshutdown$$00000003  c_w.l(libshutdown2.o)
    0x080001aa   0x00000000   Code   RO         1189    .ARM.Collect$$libshutdown$$00000006  c_w.l(libshutdown2.o)
    0x080001aa   0x00000000   Code   RO         1192    .ARM.Collect$$libshutdown$$00000009  c_w.l(libshutdown2.o)
    0x080001aa   0x00000000   Code   RO         1194    .ARM.Collect$$libshutdown$$0000000B  c_w.l(libshutdown2.o)
    0x080001aa   0x00000000   Code   RO         1197    .ARM.Collect$$libshutdown$$0000000E  c_w.l(libshutdown2.o)
    0x080001aa   0x00000002   Code   RO         1198    .ARM.Collect$$libshutdown$$0000000F  c_w.l(libshutdown2.o)
    0x080001ac   0x00000000   Code   RO         1056    .ARM.Collect$$rtentry$$00000000  c_w.l(__rtentry.o)
    0x080001ac   0x00000000   Code   RO         1086    .ARM.Collect$$rtentry$$00000002  c_w.l(__rtentry2.o)
    0x080001ac   0x00000006   Code   RO         1098    .ARM.Collect$$rtentry$$00000004  c_w.l(__rtentry4.o)
    0x080001b2   0x00000000   Code   RO         1088    .ARM.Collect$$rtentry$$00000009  c_w.l(__rtentry2.o)
    0x080001b2   0x00000004   Code   RO         1089    .ARM.Collect$$rtentry$$0000000A  c_w.l(__rtentry2.o)
    0x080001b6   0x00000000   Code   RO         1091    .ARM.Collect$$rtentry$$0000000C  c_w.l(__rtentry2.o)
    0x080001b6   0x00000008   Code   RO         1092    .ARM.Collect$$rtentry$$0000000D  c_w.l(__rtentry2.o)
    0x080001be   0x00000002   Code   RO         1115    .ARM.Collect$$rtexit$$00000000  c_w.l(rtexit.o)
    0x080001c0   0x00000000   Code   RO         1164    .ARM.Collect$$rtexit$$00000002  c_w.l(rtexit2.o)
    0x080001c0   0x00000004   Code   RO         1165    .ARM.Collect$$rtexit$$00000003  c_w.l(rtexit2.o)
    0x080001c4   0x00000006   Code   RO         1166    .ARM.Collect$$rtexit$$00000004  c_w.l(rtexit2.o)
    0x080001ca   0x00000002   PAD
    0x080001cc   0x00000040   Code   RO          299    .text               startup_stm32f10x_hd.o
    0x0800020c   0x0000004e   Code   RO         1005    .text               c_w.l(rt_memclr_w.o)
    0x0800025a   0x00000006   Code   RO         1006    .text               c_w.l(heapauxi.o)
    0x08000260   0x00000008   Code   RO         1106    .text               c_w.l(libspace.o)
    0x08000268   0x0000004a   Code   RO         1108    .text               c_w.l(sys_stackheap_outer.o)
    0x080002b2   0x0000000c   Code   RO         1109    .text               c_w.l(exit.o)
    0x080002be   0x00000002   PAD
    0x080002c0   0x0000000c   Code   RO         1173    .text               c_w.l(sys_exit.o)
    0x080002cc   0x00000002   Code   RO         1179    .text               c_w.l(use_no_semi.o)
    0x080002ce   0x00000000   Code   RO         1180    .text               c_w.l(indicate_semi.o)
    0x080002ce   0x00000164   Code   RO           35    i.Cal_touch_para    song_touch.o
    0x08000432   0x00000020   Code   RO           36    i.DelayUS           song_touch.o
    0x08000452   0x00000034   Code   RO           37    i.DrawCross         song_touch.o
    0x08000486   0x00000002   PAD
    0x08000488   0x0000002c   Code   RO            8    i.EXTI0_IRQHandler  song_nvic.o
    0x080004b4   0x0000001c   Code   RO           30    i.EXTI4_IRQHandler  song_gpio_spi.o
    0x080004d0   0x0000000c   Code   RO           88    i.EXTI_ClearITPendingBit  stm32f10x_exti.o
    0x080004dc   0x00000028   Code   RO           92    i.EXTI_GetITStatus  stm32f10x_exti.o
    0x08000504   0x00000094   Code   RO           93    i.EXTI_Init         stm32f10x_exti.o
    0x08000598   0x00000040   Code   RO          117    i.GPIO_EXTILineConfig  stm32f10x_gpio.o
    0x080005d8   0x00000116   Code   RO          120    i.GPIO_Init         stm32f10x_gpio.o
    0x080006ee   0x00000012   Code   RO          124    i.GPIO_ReadInputDataBit  stm32f10x_gpio.o
    0x08000700   0x00000004   Code   RO          127    i.GPIO_ResetBits    stm32f10x_gpio.o
    0x08000704   0x00000080   Code   RO           31    i.GPIO_SPI_Config   song_gpio_spi.o
    0x08000784   0x00000004   Code   RO          128    i.GPIO_SetBits      stm32f10x_gpio.o
    0x08000788   0x000000f8   Code   RO           38    i.Get_touch_point   song_touch.o
    0x08000880   0x0000006c   Code   RO           13    i.LCD_Clear         song_user_lcd.o
    0x080008ec   0x00000068   Code   RO           15    i.LCD_DisNum        song_user_lcd.o
    0x08000954   0x00000070   Code   RO           16    i.LCD_DispChar      song_user_lcd.o
    0x080009c4   0x0000003c   Code   RO           17    i.LCD_DispStr       song_user_lcd.o
    0x08000a00   0x00000050   Code   RO           20    i.LCD_OpenWindow    song_user_lcd.o
    0x08000a50   0x00000038   Code   RO           25    i.LCD_SetCursor     song_user_lcd.o
    0x08000a88   0x00000020   Code   RO           26    i.LCD_SetPoint      song_user_lcd.o
    0x08000aa8   0x00000108   Code   RO           28    i.Lcd_GramScan      song_user_lcd.o
    0x08000bb0   0x0000000c   Code   RO            9    i.NVIC_Configuration  song_nvic.o
    0x08000bbc   0x00000070   Code   RO          285    i.NVIC_Init         misc.o
    0x08000c2c   0x00000014   Code   RO          286    i.NVIC_PriorityGroupConfig  misc.o
    0x08000c40   0x00000020   Code   RO          136    i.RCC_APB2PeriphClockCmd  stm32f10x_rcc.o
    0x08000c60   0x00000134   Code   RO           42    i.Read_2046_2       song_touch.o
    0x08000d94   0x00000040   Code   RO            3    i.SDelayInit        song_io.o
    0x08000dd4   0x0000003c   Code   RO            4    i.SDelayMs          song_io.o
    0x08000e10   0x00000008   Code   RO          290    i.SetSysClock       system_stm32f10x.o
    0x08000e18   0x000000e0   Code   RO          291    i.SetSysClockTo72   system_stm32f10x.o
    0x08000ef8   0x00000060   Code   RO          293    i.SystemInit        system_stm32f10x.o
    0x08000f58   0x0000003c   Code   RO           12    i.TIM3_IRQHandler   song_nvic.o
    0x08000f94   0x00000006   Code   RO          176    i.TIM_ClearITPendingBit  stm32f10x_tim.o
    0x08000f9a   0x00000012   Code   RO          201    i.TIM_GetFlagStatus  stm32f10x_tim.o
    0x08000fac   0x0000004c   Code   RO           32    i.TP_INT_GPIO_Config  song_gpio_spi.o
    0x08000ff8   0x00000026   Code   RO           33    i.TP_INT_NVIC_Config  song_gpio_spi.o
    0x0800101e   0x00000002   PAD
    0x08001020   0x0000034c   Code   RO           43    i.Touch_Calibrate   song_touch.o
    0x0800136c   0x00000026   Code   RO           44    i.Touch_GetAdXY     song_touch.o
    0x08001392   0x00000008   Code   RO           45    i.Touch_Init        song_touch.o
    0x0800139a   0x00000010   Code   RO           46    i.XPT2046_ReadAdc   song_touch.o
    0x080013aa   0x00000002   PAD
    0x080013ac   0x0000005c   Code   RO           47    i.XPT2046_ReadCMD   song_touch.o
    0x08001408   0x00000064   Code   RO           48    i.XPT2046_WriteCMD  song_touch.o
    0x0800146c   0x00000070   Code   RO            1    i.main              main.o
    0x080014dc   0x00000150   Code   RO         1009    x$fpl$dadd          fz_ws.l(daddsub_clz.o)
    0x0800162c   0x00000018   Code   RO         1059    x$fpl$dcmpinf       fz_ws.l(dcmpi.o)
    0x08001644   0x000002b0   Code   RO         1013    x$fpl$ddiv          fz_ws.l(ddiv.o)
    0x080018f4   0x00000078   Code   RO         1014    x$fpl$deqf          fz_ws.l(deqf.o)
    0x0800196c   0x0000005a   Code   RO         1017    x$fpl$dfixu         fz_ws.l(dfixu.o)
    0x080019c6   0x0000002e   Code   RO         1020    x$fpl$dflt          fz_ws.l(dflt_clz.o)
    0x080019f4   0x00000026   Code   RO         1019    x$fpl$dfltu         fz_ws.l(dflt_clz.o)
    0x08001a1a   0x00000002   PAD
    0x08001a1c   0x00000154   Code   RO         1022    x$fpl$dmul          fz_ws.l(dmul.o)
    0x08001b70   0x0000009c   Code   RO         1061    x$fpl$dnaninf       fz_ws.l(dnaninf.o)
    0x08001c0c   0x0000000c   Code   RO         1062    x$fpl$dretinf       fz_ws.l(dretinf.o)
    0x08001c18   0x000001d4   Code   RO         1011    x$fpl$dsub          fz_ws.l(daddsub_clz.o)
    0x08001dec   0x00000000   Code   RO         1068    x$fpl$usenofp       fz_ws.l(usenofp.o)
    0x08001dec   0x00000474   Data   RO           29    .constdata          song_user_lcd.o
    0x08002260   0x00000020   Data   RO         1214    Region$$Table       anon$$obj.o


    Execution Region RW_IRAM1 (Base: 0x20000000, Size: 0x00000730, Max: 0x00010000, ABSOLUTE)

    Base Addr    Size         Type   Attr      Idx    E Section Name        Object

    0x20000000   0x00000004   Data   RW            7    .data               song_io.o
    0x20000004   0x00000001   Data   RW           34    .data               song_gpio_spi.o
    0x20000005   0x00000003   PAD
    0x20000008   0x00000080   Data   RW           50    .data               song_touch.o
    0x20000088   0x00000048   Zero   RW           49    .bss                song_touch.o
    0x200000d0   0x00000060   Zero   RW         1107    .bss                c_w.l(libspace.o)
    0x20000130   0x00000200   Zero   RW          297    HEAP                startup_stm32f10x_hd.o
    0x20000330   0x00000400   Zero   RW          296    STACK               startup_stm32f10x_hd.o


==============================================================================

Image component sizes


      Code (inc. data)   RO Data    RW Data    ZI Data      Debug   Object Name

       112         12          0          0          0          0   main.o
       132         22          0          0          0          0   misc.o
       270         18          0          1          0          0   song_gpio_spi.o
       124         12          0          4          0          0   song_io.o
       116         16          0          0          0          0   song_nvic.o
      2094        130          0        128         72          0   song_touch.o
       816         34       1140          0          0          0   song_user_lcd.o
        64         26        304          0       1536          0   startup_stm32f10x_hd.o
       200         18          0          0          0          0   stm32f10x_exti.o
       368          4          0          0          0          0   stm32f10x_gpio.o
        32          6          0          0          0          0   stm32f10x_rcc.o
        24          0          0          0          0          0   stm32f10x_tim.o
       328         28          0          0          0          0   system_stm32f10x.o

    ----------------------------------------------------------------------
      4686        326       1476        136       1608          0   Object Totals
         0          0         32          0          0          0   (incl. Generated)
         6          0          0          3          0          0   (incl. Padding)

    ----------------------------------------------------------------------

      Code (inc. data)   RO Data    RW Data    ZI Data      Debug   Library Member Name

         8          0          0          0          0          0   __main.o
         0          0          0          0          0          0   __rtentry.o
        12          0          0          0          0          0   __rtentry2.o
         6          0          0          0          0          0   __rtentry4.o
        52          8          0          0          0          0   __scatter.o
        26          0          0          0          0          0   __scatter_copy.o
        28          0          0          0          0          0   __scatter_zi.o
        12          0          0          0          0          0   exit.o
         6          0          0          0          0          0   heapauxi.o
         0          0          0          0          0          0   indicate_semi.o
         2          0          0          0          0          0   libinit.o
         2          0          0          0          0          0   libinit2.o
         2          0          0          0          0          0   libshutdown.o
         2          0          0          0          0          0   libshutdown2.o
         8          4          0          0         96          0   libspace.o
        78          0          0          0          0          0   rt_memclr_w.o
         2          0          0          0          0          0   rtexit.o
        10          0          0          0          0          0   rtexit2.o
        12          4          0          0          0          0   sys_exit.o
        74          0          0          0          0          0   sys_stackheap_outer.o
         2          0          0          0          0          0   use_no_semi.o
       804         16          0          0          0          0   daddsub_clz.o
        24          0          0          0          0          0   dcmpi.o
       688        140          0          0          0          0   ddiv.o
       120          4          0          0          0          0   deqf.o
        90          4          0          0          0          0   dfixu.o
        84          0          0          0          0          0   dflt_clz.o
       340         12          0          0          0          0   dmul.o
       156          4          0          0          0          0   dnaninf.o
        12          0          0          0          0          0   dretinf.o
         0          0          0          0          0          0   usenofp.o

    ----------------------------------------------------------------------
      2670        196          0          0         96          0   Library Totals
         8          0          0          0          0          0   (incl. Padding)

    ----------------------------------------------------------------------

      Code (inc. data)   RO Data    RW Data    ZI Data      Debug   Library Name

       344         16          0          0         96          0   c_w.l
      2318        180          0          0          0          0   fz_ws.l

    ----------------------------------------------------------------------
      2670        196          0          0         96          0   Library Totals

    ----------------------------------------------------------------------

==============================================================================


      Code (inc. data)   RO Data    RW Data    ZI Data      Debug   

      7356        522       1476        136       1704          0   Grand Totals
      7356        522       1476        136       1704          0   ELF Image Totals
      7356        522       1476        136          0          0   ROM Totals

==============================================================================

    Total RO  Size (Code + RO Data)                 8832 (   8.63kB)
    Total RW  Size (RW Data + ZI Data)              1840 (   1.80kB)
    Total ROM Size (Code + RO Data + RW Data)       8968 (   8.76kB)

==============================================================================

